Component: Arm Compiler for Embedded 6.21 Tool: armlink [5ec1fa00]

==============================================================================

Section Cross References

    empty.o(.text.main) refers to ti_msp_dl_config.o(.text.SYSCFG_DL_init) for SYSCFG_DL_init
    empty.o(.text.main) refers to vision.o(.text.vision_init) for vision_init
    empty.o(.text.main) refers to gimbal.o(.text.gimbal_init) for gimbal_init
    empty.o(.text.main) refers to motor.o(.text.motor_init) for motor_init
    empty.o(.text.main) refers to hwt101.o(.text.HWT101_Init) for HWT101_Init
    empty.o(.text.main) refers to time.o(.text.delay_ms) for delay_ms
    empty.o(.text.main) refers to motor.o(.text.motor_setSpeed) for motor_setSpeed
    empty.o(.ARM.exidx.text.main) refers to empty.o(.text.main) for [Anonymous Symbol]
    empty.o(.text.UART1_IRQHandler) refers to empty.o(.bss.uart1_data) for uart1_data
    empty.o(.ARM.exidx.text.UART1_IRQHandler) refers to empty.o(.text.UART1_IRQHandler) for [Anonymous Symbol]
    startup_mspm0g350x_uvision.o(STACK) refers (Special) to heapauxi.o(.text) for __use_two_region_memory
    startup_mspm0g350x_uvision.o(HEAP) refers (Special) to heapauxi.o(.text) for __use_two_region_memory
    startup_mspm0g350x_uvision.o(RESET) refers (Special) to heapauxi.o(.text) for __use_two_region_memory
    startup_mspm0g350x_uvision.o(RESET) refers to startup_mspm0g350x_uvision.o(STACK) for __initial_sp
    startup_mspm0g350x_uvision.o(RESET) refers to startup_mspm0g350x_uvision.o(.text) for Reset_Handler
    startup_mspm0g350x_uvision.o(RESET) refers to time.o(.text.SysTick_Handler) for SysTick_Handler
    startup_mspm0g350x_uvision.o(RESET) refers to hwt101.o(.text.UART3_IRQHandler) for UART3_IRQHandler
    startup_mspm0g350x_uvision.o(RESET) refers to empty.o(.text.UART1_IRQHandler) for UART1_IRQHandler
    startup_mspm0g350x_uvision.o(RESET) refers to vision.o(.text.UART0_IRQHandler) for UART0_IRQHandler
    startup_mspm0g350x_uvision.o(RESET) refers to gimbal.o(.text.TIMA1_IRQHandler) for TIMA1_IRQHandler
    startup_mspm0g350x_uvision.o(.text) refers (Special) to heapauxi.o(.text) for __use_two_region_memory
    startup_mspm0g350x_uvision.o(.text) refers to __main.o(!!!main) for __main
    startup_mspm0g350x_uvision.o(.text) refers to startup_mspm0g350x_uvision.o(HEAP) for Heap_Mem
    startup_mspm0g350x_uvision.o(.text) refers to startup_mspm0g350x_uvision.o(STACK) for Stack_Mem
    ti_msp_dl_config.o(.text.SYSCFG_DL_init) refers to ti_msp_dl_config.o(.text.SYSCFG_DL_initPower) for SYSCFG_DL_initPower
    ti_msp_dl_config.o(.text.SYSCFG_DL_init) refers to ti_msp_dl_config.o(.text.SYSCFG_DL_GPIO_init) for SYSCFG_DL_GPIO_init
    ti_msp_dl_config.o(.text.SYSCFG_DL_init) refers to ti_msp_dl_config.o(.text.SYSCFG_DL_SYSCTL_init) for SYSCFG_DL_SYSCTL_init
    ti_msp_dl_config.o(.text.SYSCFG_DL_init) refers to ti_msp_dl_config.o(.text.SYSCFG_DL_PWM_MotorL_init) for SYSCFG_DL_PWM_MotorL_init
    ti_msp_dl_config.o(.text.SYSCFG_DL_init) refers to ti_msp_dl_config.o(.text.SYSCFG_DL_PWM_MotorR_init) for SYSCFG_DL_PWM_MotorR_init
    ti_msp_dl_config.o(.text.SYSCFG_DL_init) refers to ti_msp_dl_config.o(.text.SYSCFG_DL_TIMER_gimbal_init) for SYSCFG_DL_TIMER_gimbal_init
    ti_msp_dl_config.o(.text.SYSCFG_DL_init) refers to ti_msp_dl_config.o(.text.SYSCFG_DL_I2C_0_init) for SYSCFG_DL_I2C_0_init
    ti_msp_dl_config.o(.text.SYSCFG_DL_init) refers to ti_msp_dl_config.o(.text.SYSCFG_DL_UART_1_init) for SYSCFG_DL_UART_1_init
    ti_msp_dl_config.o(.text.SYSCFG_DL_init) refers to ti_msp_dl_config.o(.text.SYSCFG_DL_UART_0_init) for SYSCFG_DL_UART_0_init
    ti_msp_dl_config.o(.text.SYSCFG_DL_init) refers to ti_msp_dl_config.o(.text.SYSCFG_DL_UART_2_init) for SYSCFG_DL_UART_2_init
    ti_msp_dl_config.o(.text.SYSCFG_DL_init) refers to ti_msp_dl_config.o(.text.SYSCFG_DL_SYSTICK_init) for SYSCFG_DL_SYSTICK_init
    ti_msp_dl_config.o(.text.SYSCFG_DL_init) refers to ti_msp_dl_config.o(.bss.gTIMER_gimbalBackup) for gTIMER_gimbalBackup
    ti_msp_dl_config.o(.text.SYSCFG_DL_init) refers to ti_msp_dl_config.o(.bss.gPWM_MotorRBackup) for gPWM_MotorRBackup
    ti_msp_dl_config.o(.text.SYSCFG_DL_init) refers to ti_msp_dl_config.o(.bss.gUART_2Backup) for gUART_2Backup
    ti_msp_dl_config.o(.ARM.exidx.text.SYSCFG_DL_init) refers to ti_msp_dl_config.o(.text.SYSCFG_DL_init) for [Anonymous Symbol]
    ti_msp_dl_config.o(.text.SYSCFG_DL_initPower) refers to dl_common.o(.text.DL_Common_delayCycles) for DL_Common_delayCycles
    ti_msp_dl_config.o(.ARM.exidx.text.SYSCFG_DL_initPower) refers to ti_msp_dl_config.o(.text.SYSCFG_DL_initPower) for [Anonymous Symbol]
    ti_msp_dl_config.o(.ARM.exidx.text.SYSCFG_DL_GPIO_init) refers to ti_msp_dl_config.o(.text.SYSCFG_DL_GPIO_init) for [Anonymous Symbol]
    ti_msp_dl_config.o(.ARM.exidx.text.SYSCFG_DL_SYSCTL_init) refers to ti_msp_dl_config.o(.text.SYSCFG_DL_SYSCTL_init) for [Anonymous Symbol]
[...]
    Removing dl_uart.o(.text.DL_UART_configBaudRate), (140 bytes).
    Removing dl_uart.o(.ARM.exidx.text.DL_UART_configBaudRate), (8 bytes).
    Removing dl_uart.o(.text.DL_UART_configIrDAMode), (60 bytes).
    Removing dl_uart.o(.ARM.exidx.text.DL_UART_configIrDAMode), (8 bytes).
    Removing dl_uart.o(.text.DL_UART_setIrDAPulseLength), (42 bytes).
    Removing dl_uart.o(.ARM.exidx.text.DL_UART_setIrDAPulseLength), (8 bytes).
    Removing dl_uart.o(.text.DL_UART_receiveDataBlocking), (20 bytes).
    Removing dl_uart.o(.ARM.exidx.text.DL_UART_receiveDataBlocking), (8 bytes).
    Removing dl_uart.o(.text.DL_UART_transmitDataBlocking), (20 bytes).
    Removing dl_uart.o(.ARM.exidx.text.DL_UART_transmitDataBlocking), (8 bytes).
    Removing dl_uart.o(.text.DL_UART_receiveDataCheck), (28 bytes).
    Removing dl_uart.o(.ARM.exidx.text.DL_UART_receiveDataCheck), (8 bytes).
    Removing dl_uart.o(.text.DL_UART_transmitDataCheck), (24 bytes).
    Removing dl_uart.o(.ARM.exidx.text.DL_UART_transmitDataCheck), (8 bytes).
    Removing dl_uart.o(.text.DL_UART_drainRXFIFO), (40 bytes).
    Removing dl_uart.o(.ARM.exidx.text.DL_UART_drainRXFIFO), (8 bytes).
    Removing dl_uart.o(.text.DL_UART_fillTXFIFO), (40 bytes).
    Removing dl_uart.o(.ARM.exidx.text.DL_UART_fillTXFIFO), (8 bytes).
    Removing dl_uart.o(.text.DL_UART_Main_saveConfiguration), (88 bytes).
    Removing dl_uart.o(.ARM.exidx.text.DL_UART_Main_saveConfiguration), (8 bytes).
    Removing dl_uart.o(.text.DL_UART_Main_restoreConfiguration), (120 bytes).
    Removing dl_uart.o(.ARM.exidx.text.DL_UART_Main_restoreConfiguration), (8 bytes).
    Removing dl_uart.o(.text.DL_UART_Extend_saveConfiguration), (104 bytes).
    Removing dl_uart.o(.ARM.exidx.text.DL_UART_Extend_saveConfiguration), (8 bytes).
    Removing dl_uart.o(.text.DL_UART_Extend_restoreConfiguration), (132 bytes).
    Removing dl_uart.o(.ARM.exidx.text.DL_UART_Extend_restoreConfiguration), (8 bytes).

235 unused section(s) (total 7531 bytes) removed from the image.

==============================================================================

Image Symbol Table

    Local Symbols

    Symbol Name                              Value     Ov Type        Size  Object(Section)

    ../clib/angel/boardlib.s                 0x00000000   Number         0  boardinit1.o ABSOLUTE
    ../clib/angel/boardlib.s                 0x00000000   Number         0  boardinit2.o ABSOLUTE
    ../clib/angel/boardlib.s                 0x00000000   Number         0  boardinit3.o ABSOLUTE
    ../clib/angel/boardlib.s                 0x00000000   Number         0  boardshut.o ABSOLUTE
    ../clib/angel/handlers.s                 0x00000000   Number         0  __scatter_copy.o ABSOLUTE
    ../clib/angel/handlers.s                 0x00000000   Number         0  __scatter_zi.o ABSOLUTE
    ../clib/angel/kernel.s                   0x00000000   Number         0  __rtentry.o ABSOLUTE
    ../clib/angel/kernel.s                   0x00000000   Number         0  __rtentry2.o ABSOLUTE
    ../clib/angel/kernel.s                   0x00000000   Number         0  __rtentry4.o ABSOLUTE
    ../clib/angel/kernel.s                   0x00000000   Number         0  rtexit.o ABSOLUTE
    ../clib/angel/kernel.s                   0x00000000   Number         0  rtexit2.o ABSOLUTE
    ../clib/angel/rt.s                       0x00000000   Number         0  aeabi_idiv0.o ABSOLUTE
    ../clib/angel/rt.s                       0x00000000   Number         0  aeabi_idiv0_sigfpe.o ABSOLUTE
    ../clib/angel/rt.s                       0x00000000   Number         0  rt_div0.o ABSOLUTE
    ../clib/angel/rt.s                       0x00000000   Number         0  rt_raise.o ABSOLUTE
    ../clib/angel/scatterp.s                 0x00000000   Number         0  __scatter.o ABSOLUTE
    ../clib/angel/startup.s                  0x00000000   Number         0  __main.o ABSOLUTE
    ../clib/angel/sys.s                      0x00000000   Number         0  sys_stackheap_outer.o ABSOLUTE
    ../clib/angel/sys.s                      0x00000000   Number         0  libspace.o ABSOLUTE
    ../clib/angel/sys.s                      0x00000000   Number         0  tempstk.o ABSOLUTE
    ../clib/angel/sys.s                      0x00000000   Number         0  use_no_semi.o ABSOLUTE
    ../clib/angel/sys.s                      0x00000000   Number         0  indicate_semi.o ABSOLUTE
    ../clib/angel/sysapp.c                   0x00000000   Number         0  sys_exit.o ABSOLUTE
    ../clib/angel/sysapp.c                   0x00000000   Number         0  sys_exit_hlt.o ABSOLUTE
    ../clib/angel/sysapp.c                   0x00000000   Number         0  sys_wrch.o ABSOLUTE
    ../clib/angel/sysapp.c                   0x00000000   Number         0  sys_wrch_hlt.o ABSOLUTE
    ../clib/angel/sysapp.c                   0x00000000   Number         0  sys_command.o ABSOLUTE
    ../clib/angel/sysapp.c                   0x00000000   Number         0  sys_command_hlt.o ABSOLUTE
    ../clib/armsys.c                         0x00000000   Number         0  argv_veneer.o ABSOLUTE
    ../clib/armsys.c                         0x00000000   Number         0  _get_argv_nomalloc.o ABSOLUTE
    ../clib/armsys.c                         0x00000000   Number         0  no_argv.o ABSOLUTE
    ../clib/division.s                       0x00000000   Number         0  aeabi_sdivfast.o ABSOLUTE
    ../clib/division.s                       0x00000000   Number         0  aeabi_sdivfast_div0.o ABSOLUTE
    ../clib/heapalloc.c                      0x00000000   Number         0  hrguard.o ABSOLUTE
    ../clib/heapaux.c                        0x00000000   Number         0  heapauxi.o ABSOLUTE
    ../clib/libinit.s                        0x00000000   Number         0  libinit.o ABSOLUTE
    ../clib/libinit.s                        0x00000000   Number         0  libinit2.o ABSOLUTE
    ../clib/libinit.s                        0x00000000   Number         0  libshutdown.o ABSOLUTE
    ../clib/libinit.s                        0x00000000   Number         0  libshutdown2.o ABSOLUTE
    ../clib/signal.c                         0x00000000   Number         0  defsig_fpe_outer.o ABSOLUTE
    ../clib/signal.c                         0x00000000   Number         0  defsig_fpe_formal.o ABSOLUTE
    ../clib/signal.c                         0x00000000   Number         0  defsig_exit.o ABSOLUTE
    ../clib/signal.c                         0x00000000   Number         0  defsig_fpe_inner.o ABSOLUTE
    ../clib/signal.c                         0x00000000   Number         0  __raise.o ABSOLUTE
    ../clib/signal.c                         0x00000000   Number         0  defsig_general.o ABSOLUTE
    ../clib/signal.c                         0x00000000   Number         0  defsig_abrt_inner.o ABSOLUTE
    ../clib/signal.c                         0x00000000   Number         0  defsig_rtred_inner.o ABSOLUTE
    ../clib/signal.c                         0x00000000   Number         0  defsig_rtmem_inner.o ABSOLUTE
    ../clib/signal.c                         0x00000000   Number         0  defsig_rtmem_outer.o ABSOLUTE
    ../clib/signal.c                         0x00000000   Number         0  defsig_rtmem_formal.o ABSOLUTE
    ../clib/signal.c                         0x00000000   Number         0  defsig_stak_inner.o ABSOLUTE
    ../clib/signal.c                         0x00000000   Number         0  defsig_pvfn_inner.o ABSOLUTE
    ../clib/signal.c                         0x00000000   Number         0  defsig_cppl_inner.o ABSOLUTE
    ../clib/signal.c                         0x00000000   Number         0  defsig_segv_inner.o ABSOLUTE
    ../clib/signal.c                         0x00000000   Number         0  defsig_other.o ABSOLUTE
    ../clib/signal.s                         0x00000000   Number         0  defsig.o ABSOLUTE
    ../clib/stdlib.c                         0x00000000   Number         0  exit.o ABSOLUTE
    ../fplib/cfplib/cmp.c                    0x00000000   Number         0  fcmp.o ABSOLUTE
    ../fplib/cfplib/cmpret.c                 0x00000000   Number         0  cmpret.o ABSOLUTE
    ../fplib/cfplib/d2f.c                    0x00000000   Number         0  d2f.o ABSOLUTE
    ../fplib/cfplib/dmul.c                   0x00000000   Number         0  dmul.o ABSOLUTE
    ../fplib/cfplib/fcmpin.c                 0x00000000   Number         0  fcmpin.o ABSOLUTE
    ../fplib/cfplib/ffix.c                   0x00000000   Number         0  ffixi.o ABSOLUTE
    ../fplib/cfplib/fflt.c                   0x00000000   Number         0  dflti.o ABSOLUTE
    ../fplib/cfplib/fflt.c                   0x00000000   Number         0  fflti.o ABSOLUTE
    ../fplib/cfplib/fpinit.c                 0x00000000   Number         0  fpinit.o ABSOLUTE
    ../fplib/cfplib/nan2.c                   0x00000000   Number         0  fnan2.o ABSOLUTE
    ../fplib/cfplib/retnan.c                 0x00000000   Number         0  retnan.o ABSOLUTE
    ../fplib/faddsub6m.s                     0x00000000   Number         0  faddsub.o ABSOLUTE
    ../fplib/feqf6m.s                        0x00000000   Number         0  feqf.o ABSOLUTE
    ../fplib/fgeqf6m.s                       0x00000000   Number         0  fgef.o ABSOLUTE
    ../fplib/fleqf6m.s                       0x00000000   Number         0  flef.o ABSOLUTE
    ../fplib/fmul6m.s                        0x00000000   Number         0  fmul.o ABSOLUTE
    ../fplib/usenofp.s                       0x00000000   Number         0  usenofp.o ABSOLUTE
    ZDT_drive.c                              0x00000000   Number         0  zdt_drive.o ABSOLUTE
    dc.s                                     0x00000000   Number         0  dc.o ABSOLUTE
    dl_common.c                              0x00000000   Number         0  dl_common.o ABSOLUTE
    dl_i2c.c                                 0x00000000   Number         0  dl_i2c.o ABSOLUTE
    dl_timer.c                               0x00000000   Number         0  dl_timer.o ABSOLUTE
    dl_uart.c                                0x00000000   Number         0  dl_uart.o ABSOLUTE
    empty.c                                  0x00000000   Number         0  empty.o ABSOLUTE
    gimbal.c                                 0x00000000   Number         0  gimbal.o ABSOLUTE
    hwt101.c                                 0x00000000   Number         0  hwt101.o ABSOLUTE
    motor.c                                  0x00000000   Number         0  motor.o ABSOLUTE
    startup_mspm0g350x_uvision.s             0x00000000   Number         0  startup_mspm0g350x_uvision.o ABSOLUTE
    ti_msp_dl_config.c                       0x00000000   Number         0  ti_msp_dl_config.o ABSOLUTE
    time.c                                   0x00000000   Number         0  time.o ABSOLUTE
    vision.c                                 0x00000000   Number         0  vision.o ABSOLUTE
    RESET                                    0x00000000   Section      192  startup_mspm0g350x_uvision.o(RESET)
    !!!main                                  0x000000c0   Section        8  __main.o(!!!main)
    !!!scatter                               0x000000c8   Section       84  __scatter.o(!!!scatter)
    !!handler_copy                           0x00000120   Section       26  __scatter_copy.o(!!handler_copy)
    !!handler_null                           0x00000140   Section        2  __scatter.o(!!handler_null)
    !!handler_zi                             0x00000148   Section       28  __scatter_zi.o(!!handler_zi)
    .ARM.Collect$$libinit$$00000000          0x00000164   Section        2  libinit.o(.ARM.Collect$$libinit$$00000000)
    .ARM.Collect$$libinit$$00000002          0x00000166   Section        0  libinit2.o(.ARM.Collect$$libinit$$00000002)
    .ARM.Collect$$libinit$$00000004          0x00000166   Section        0  libinit2.o(.ARM.Collect$$libinit$$00000004)
    .ARM.Collect$$libinit$$00000006          0x00000166   Section        0  libinit2.o(.ARM.Collect$$libinit$$00000006)
    .ARM.Collect$$libinit$$0000000C          0x00000166   Section        0  libinit2.o(.ARM.Collect$$libinit$$0000000C)
    .ARM.Collect$$libinit$$0000000E          0x00000166   Section        0  libinit2.o(.ARM.Collect$$libinit$$0000000E)
    .ARM.Collect$$libinit$$00000010          0x00000166   Section        0  libinit2.o(.ARM.Collect$$libinit$$00000010)
    .ARM.Collect$$libinit$$00000013          0x00000166   Section        0  libinit2.o(.ARM.Collect$$libinit$$00000013)
    .ARM.Collect$$libinit$$00000015          0x00000166   Section        0  libinit2.o(.ARM.Collect$$libinit$$00000015)
    .ARM.Collect$$libinit$$00000017          0x00000166   Section        0  libinit2.o(.ARM.Collect$$libinit$$00000017)
    .ARM.Collect$$libinit$$00000019          0x00000166   Section        0  libinit2.o(.ARM.Collect$$libinit$$00000019)
    .ARM.Collect$$libinit$$0000001B          0x00000166   Section        0  libinit2.o(.ARM.Collect$$libinit$$0000001B)
    .ARM.Collect$$libinit$$0000001D          0x00000166   Section        0  libinit2.o(.ARM.Collect$$libinit$$0000001D)
    .ARM.Collect$$libinit$$0000001F          0x00000166   Section        0  libinit2.o(.ARM.Collect$$libinit$$0000001F)
    .ARM.Collect$$libinit$$00000021          0x00000166   Section        0  libinit2.o(.ARM.Collect$$libinit$$00000021)
    .ARM.Collect$$libinit$$00000023          0x00000166   Section        0  libinit2.o(.ARM.Collect$$libinit$$00000023)
    .ARM.Collect$$libinit$$00000025          0x00000166   Section        0  libinit2.o(.ARM.Collect$$libinit$$00000025)
    .ARM.Collect$$libinit$$00000027          0x00000166   Section        0  libinit2.o(.ARM.Collect$$libinit$$00000027)
    .ARM.Collect$$libinit$$0000002E          0x00000166   Section        0  libinit2.o(.ARM.Collect$$libinit$$0000002E)
    .ARM.Collect$$libinit$$00000030          0x00000166   Section        0  libinit2.o(.ARM.Collect$$libinit$$00000030)
    .ARM.Collect$$libinit$$00000032          0x00000166   Section        0  libinit2.o(.ARM.Collect$$libinit$$00000032)
    .ARM.Collect$$libinit$$00000034          0x00000166   Section        0  libinit2.o(.ARM.Collect$$libinit$$00000034)
    .ARM.Collect$$libinit$$00000035          0x00000166   Section        2  libinit2.o(.ARM.Collect$$libinit$$00000035)
    .ARM.Collect$$libshutdown$$00000000      0x00000168   Section        2  libshutdown.o(.ARM.Collect$$libshutdown$$00000000)
    .ARM.Collect$$libshutdown$$00000002      0x0000016a   Section        0  libshutdown2.o(.ARM.Collect$$libshutdown$$00000002)
    .ARM.Collect$$libshutdown$$00000004      0x0000016a   Section        0  libshutdown2.o(.ARM.Collect$$libshutdown$$00000004)
    .ARM.Collect$$libshutdown$$00000007      0x0000016a   Section        0  libshutdown2.o(.ARM.Collect$$libshutdown$$00000007)
    .ARM.Collect$$libshutdown$$0000000A      0x0000016a   Section        0  libshutdown2.o(.ARM.Collect$$libshutdown$$0000000A)
    .ARM.Collect$$libshutdown$$0000000C      0x0000016a   Section        0  libshutdown2.o(.ARM.Collect$$libshutdown$$0000000C)
    .ARM.Collect$$libshutdown$$0000000F      0x0000016a   Section        0  libshutdown2.o(.ARM.Collect$$libshutdown$$0000000F)
    .ARM.Collect$$libshutdown$$00000010      0x0000016a   Section        2  libshutdown2.o(.ARM.Collect$$libshutdown$$00000010)
    .ARM.Collect$$rtentry$$00000000          0x0000016c   Section        0  __rtentry.o(.ARM.Collect$$rtentry$$00000000)
    .ARM.Collect$$rtentry$$00000002          0x0000016c   Section        0  __rtentry2.o(.ARM.Collect$$rtentry$$00000002)
    .ARM.Collect$$rtentry$$00000004          0x0000016c   Section        6  __rtentry4.o(.ARM.Collect$$rtentry$$00000004)
    .ARM.Collect$$rtentry$$00000009          0x00000172   Section        0  __rtentry2.o(.ARM.Collect$$rtentry$$00000009)
    .ARM.Collect$$rtentry$$0000000A          0x00000172   Section        4  __rtentry2.o(.ARM.Collect$$rtentry$$0000000A)
    .ARM.Collect$$rtentry$$0000000C          0x00000176   Section        0  __rtentry2.o(.ARM.Collect$$rtentry$$0000000C)
    .ARM.Collect$$rtentry$$0000000D          0x00000176   Section        8  __rtentry2.o(.ARM.Collect$$rtentry$$0000000D)
    .ARM.Collect$$rtexit$$00000000           0x0000017e   Section        2  rtexit.o(.ARM.Collect$$rtexit$$00000000)
    .ARM.Collect$$rtexit$$00000002           0x00000180   Section        0  rtexit2.o(.ARM.Collect$$rtexit$$00000002)
    .ARM.Collect$$rtexit$$00000003           0x00000180   Section        4  rtexit2.o(.ARM.Collect$$rtexit$$00000003)
    .ARM.Collect$$rtexit$$00000004           0x00000184   Section        6  rtexit2.o(.ARM.Collect$$rtexit$$00000004)
    .text                                    0x0000018c   Section       44  startup_mspm0g350x_uvision.o(.text)
    .text                                    0x000001b8   Section        0  heapauxi.o(.text)
    .text                                    0x000001c0   Section        0  d2f.o(.text)
    .text                                    0x0000023c   Section        0  dflti.o(.text)
    .text                                    0x00000294   Section        0  dmul.o(.text)
    .text                                    0x000004dc   Section        0  ffixi.o(.text)
    .text                                    0x00000528   Section        0  fflti.o(.text)
    .text                                    0x00000588   Section        0  fcmpin.o(.text)
    .text                                    0x000005ec   Section       62  sys_stackheap_outer.o(.text)
    .text                                    0x0000062a   Section        0  exit.o(.text)
    .text                                    0x0000063a   Section        0  cmpret.o(.text)
    .text                                    0x00000668   Section        0  fnan2.o(.text)
    .text                                    0x00000678   Section        8  libspace.o(.text)
    .text                                    0x00000680   Section        0  retnan.o(.text)
    .text                                    0x000006e0   Section        0  sys_exit.o(.text)
    .text                                    0x000006ec   Section        2  use_no_semi.o(.text)
    [Anonymous Symbol]                       0x000006ee   Section        0  dl_common.o(.text.DL_Common_delayCycles)
    .text                                    0x000006ee   Section        0  indicate_semi.o(.text)
    [Anonymous Symbol]                       0x000006f8   Section        0  dl_i2c.o(.text.DL_I2C_setClockConfig)
    [Anonymous Symbol]                       0x00000720   Section        0  dl_timer.o(.text.DL_Timer_initFourCCPWMMode)
    __arm_cp.40_1                            0x00000814   Number         4  dl_timer.o(.text.DL_Timer_initFourCCPWMMode)
    __arm_cp.40_2                            0x00000818   Number         4  dl_timer.o(.text.DL_Timer_initFourCCPWMMode)
    __arm_cp.40_4                            0x0000081c   Number         4  dl_timer.o(.text.DL_Timer_initFourCCPWMMode)
    __arm_cp.40_5                            0x00000820   Number         4  dl_timer.o(.text.DL_Timer_initFourCCPWMMode)
    __arm_cp.40_6                            0x00000824   Number         4  dl_timer.o(.text.DL_Timer_initFourCCPWMMode)
    [Anonymous Symbol]                       0x00000828   Section        0  dl_timer.o(.text.DL_Timer_initTimerMode)
    __arm_cp.2_0                             0x00000908   Number         4  dl_timer.o(.text.DL_Timer_initTimerMode)
    __arm_cp.2_1                             0x0000090c   Number         4  dl_timer.o(.text.DL_Timer_initTimerMode)
    __arm_cp.2_2                             0x00000910   Number         4  dl_timer.o(.text.DL_Timer_initTimerMode)
    __arm_cp.2_3                             0x00000914   Number         4  dl_timer.o(.text.DL_Timer_initTimerMode)
    [Anonymous Symbol]                       0x00000918   Section        0  dl_timer.o(.text.DL_Timer_setCaptCompUpdateMethod)
    __arm_cp.23_0                            0x00000930   Number         4  dl_timer.o(.text.DL_Timer_setCaptCompUpdateMethod)
    [Anonymous Symbol]                       0x00000934   Section        0  dl_timer.o(.text.DL_Timer_setCaptureCompareOutCtl)
    __arm_cp.27_0                            0x00000948   Number         4  dl_timer.o(.text.DL_Timer_setCaptureCompareOutCtl)
    [Anonymous Symbol]                       0x0000094c   Section        0  dl_timer.o(.text.DL_Timer_setCaptureCompareValue)
    __arm_cp.3_0                             0x00000958   Number         4  dl_timer.o(.text.DL_Timer_setCaptureCompareValue)
    [Anonymous Symbol]                       0x0000095c   Section        0  dl_timer.o(.text.DL_Timer_setClockConfig)
    __arm_cp.0_0                             0x00000974   Number         4  dl_timer.o(.text.DL_Timer_setClockConfig)
    [Anonymous Symbol]                       0x00000978   Section        0  dl_uart.o(.text.DL_UART_init)
    __arm_cp.0_0                             0x000009b8   Number         4  dl_uart.o(.text.DL_UART_init)
    __arm_cp.0_1                             0x000009bc   Number         4  dl_uart.o(.text.DL_UART_init)
    [Anonymous Symbol]                       0x000009c0   Section        0  dl_uart.o(.text.DL_UART_setClockConfig)
    [Anonymous Symbol]                       0x000009d4   Section        0  hwt101.o(.text.HWT101_Angle_Get)
    __arm_cp.2_0                             0x00000a64   Number         4  hwt101.o(.text.HWT101_Angle_Get)
    __arm_cp.2_1                             0x00000a68   Number         4  hwt101.o(.text.HWT101_Angle_Get)
    __arm_cp.2_2                             0x00000a6c   Number         4  hwt101.o(.text.HWT101_Angle_Get)
    __arm_cp.2_4                             0x00000a70   Number         4  hwt101.o(.text.HWT101_Angle_Get)
    [Anonymous Symbol]                       0x00000a74   Section        0  hwt101.o(.text.HWT101_Init)
    __arm_cp.0_0                             0x00000a88   Number         4  hwt101.o(.text.HWT101_Init)
    __arm_cp.0_1                             0x00000a8c   Number         4  hwt101.o(.text.HWT101_Init)
    __arm_cp.0_2                             0x00000a90   Number         4  hwt101.o(.text.HWT101_Init)
    [Anonymous Symbol]                       0x00000a94   Section        0  ti_msp_dl_config.o(.text.SYSCFG_DL_GPIO_init)
    __arm_cp.2_0                             0x00000ae8   Number         4  ti_msp_dl_config.o(.text.SYSCFG_DL_GPIO_init)
    __arm_cp.2_1                             0x00000aec   Number         4  ti_msp_dl_config.o(.text.SYSCFG_DL_GPIO_init)
    __arm_cp.2_2                             0x00000af0   Number         4  ti_msp_dl_config.o(.text.SYSCFG_DL_GPIO_init)
    __arm_cp.2_3                             0x00000af4   Number         4  ti_msp_dl_config.o(.text.SYSCFG_DL_GPIO_init)
    __arm_cp.2_4                             0x00000af8   Number         4  ti_msp_dl_config.o(.text.SYSCFG_DL_GPIO_init)
    __arm_cp.2_5                             0x00000afc   Number         4  ti_msp_dl_config.o(.text.SYSCFG_DL_GPIO_init)
    [Anonymous Symbol]                       0x00000b00   Section        0  ti_msp_dl_config.o(.text.SYSCFG_DL_I2C_0_init)
    __arm_cp.7_0                             0x00000b48   Number         4  ti_msp_dl_config.o(.text.SYSCFG_DL_I2C_0_init)
    __arm_cp.7_1                             0x00000b4c   Number         4  ti_msp_dl_config.o(.text.SYSCFG_DL_I2C_0_init)
    __arm_cp.7_2                             0x00000b50   Number         4  ti_msp_dl_config.o(.text.SYSCFG_DL_I2C_0_init)
    [Anonymous Symbol]                       0x00000b54   Section        0  ti_msp_dl_config.o(.text.SYSCFG_DL_PWM_MotorL_init)
    __arm_cp.4_0                             0x00000bcc   Number         4  ti_msp_dl_config.o(.text.SYSCFG_DL_PWM_MotorL_init)
    __arm_cp.4_1                             0x00000bd0   Number         4  ti_msp_dl_config.o(.text.SYSCFG_DL_PWM_MotorL_init)
    __arm_cp.4_2                             0x00000bd4   Number         4  ti_msp_dl_config.o(.text.SYSCFG_DL_PWM_MotorL_init)
    __arm_cp.4_3                             0x00000bd8   Number         4  ti_msp_dl_config.o(.text.SYSCFG_DL_PWM_MotorL_init)
    __arm_cp.4_5                             0x00000bdc   Number         4  ti_msp_dl_config.o(.text.SYSCFG_DL_PWM_MotorL_init)
    [Anonymous Symbol]                       0x00000be0   Section        0  ti_msp_dl_config.o(.text.SYSCFG_DL_PWM_MotorR_init)
    __arm_cp.5_0                             0x00000c58   Number         4  ti_msp_dl_config.o(.text.SYSCFG_DL_PWM_MotorR_init)
    __arm_cp.5_1                             0x00000c5c   Number         4  ti_msp_dl_config.o(.text.SYSCFG_DL_PWM_MotorR_init)
    __arm_cp.5_2                             0x00000c60   Number         4  ti_msp_dl_config.o(.text.SYSCFG_DL_PWM_MotorR_init)
    __arm_cp.5_3                             0x00000c64   Number         4  ti_msp_dl_config.o(.text.SYSCFG_DL_PWM_MotorR_init)
    __arm_cp.5_4                             0x00000c68   Number         4  ti_msp_dl_config.o(.text.SYSCFG_DL_PWM_MotorR_init)
    __arm_cp.5_5                             0x00000c6c   Number         4  ti_msp_dl_config.o(.text.SYSCFG_DL_PWM_MotorR_init)
    [Anonymous Symbol]                       0x00000c70   Section        0  ti_msp_dl_config.o(.text.SYSCFG_DL_SYSCTL_init)
    __arm_cp.3_0                             0x00000ca4   Number         4  ti_msp_dl_config.o(.text.SYSCFG_DL_SYSCTL_init)
    __arm_cp.3_1                             0x00000ca8   Number         4  ti_msp_dl_config.o(.text.SYSCFG_DL_SYSCTL_init)
    [Anonymous Symbol]                       0x00000cac   Section        0  ti_msp_dl_config.o(.text.SYSCFG_DL_SYSTICK_init)
    __arm_cp.11_0                            0x00000cd0   Number         4  ti_msp_dl_config.o(.text.SYSCFG_DL_SYSTICK_init)
    __arm_cp.11_1                            0x00000cd4   Number         4  ti_msp_dl_config.o(.text.SYSCFG_DL_SYSTICK_init)
    __arm_cp.11_2                            0x00000cd8   Number         4  ti_msp_dl_config.o(.text.SYSCFG_DL_SYSTICK_init)
    [Anonymous Symbol]                       0x00000cdc   Section        0  ti_msp_dl_config.o(.text.SYSCFG_DL_TIMER_gimbal_init)
    __arm_cp.6_0                             0x00000d00   Number         4  ti_msp_dl_config.o(.text.SYSCFG_DL_TIMER_gimbal_init)
    __arm_cp.6_1                             0x00000d04   Number         4  ti_msp_dl_config.o(.text.SYSCFG_DL_TIMER_gimbal_init)
    __arm_cp.6_2                             0x00000d08   Number         4  ti_msp_dl_config.o(.text.SYSCFG_DL_TIMER_gimbal_init)
    __arm_cp.6_3                             0x00000d0c   Number         4  ti_msp_dl_config.o(.text.SYSCFG_DL_TIMER_gimbal_init)
    __arm_cp.6_4                             0x00000d10   Number         4  ti_msp_dl_config.o(.text.SYSCFG_DL_TIMER_gimbal_init)
    [Anonymous Symbol]                       0x00000d14   Section        0  ti_msp_dl_config.o(.text.SYSCFG_DL_UART_0_init)
    __arm_cp.9_0                             0x00000d6c   Number         4  ti_msp_dl_config.o(.text.SYSCFG_DL_UART_0_init)
    __arm_cp.9_1                             0x00000d70   Number         4  ti_msp_dl_config.o(.text.SYSCFG_DL_UART_0_init)
    __arm_cp.9_2                             0x00000d74   Number         4  ti_msp_dl_config.o(.text.SYSCFG_DL_UART_0_init)
    __arm_cp.9_3                             0x00000d78   Number         4  ti_msp_dl_config.o(.text.SYSCFG_DL_UART_0_init)
    __arm_cp.9_5                             0x00000d7c   Number         4  ti_msp_dl_config.o(.text.SYSCFG_DL_UART_0_init)
    [Anonymous Symbol]                       0x00000d80   Section        0  ti_msp_dl_config.o(.text.SYSCFG_DL_UART_1_init)
    __arm_cp.8_0                             0x00000dd8   Number         4  ti_msp_dl_config.o(.text.SYSCFG_DL_UART_1_init)
    __arm_cp.8_1                             0x00000ddc   Number         4  ti_msp_dl_config.o(.text.SYSCFG_DL_UART_1_init)
    __arm_cp.8_2                             0x00000de0   Number         4  ti_msp_dl_config.o(.text.SYSCFG_DL_UART_1_init)
    __arm_cp.8_3                             0x00000de4   Number         4  ti_msp_dl_config.o(.text.SYSCFG_DL_UART_1_init)
    __arm_cp.8_5                             0x00000de8   Number         4  ti_msp_dl_config.o(.text.SYSCFG_DL_UART_1_init)
    [Anonymous Symbol]                       0x00000dec   Section        0  ti_msp_dl_config.o(.text.SYSCFG_DL_UART_2_init)
    __arm_cp.10_0                            0x00000e44   Number         4  ti_msp_dl_config.o(.text.SYSCFG_DL_UART_2_init)
    __arm_cp.10_1                            0x00000e48   Number         4  ti_msp_dl_config.o(.text.SYSCFG_DL_UART_2_init)
    __arm_cp.10_2                            0x00000e4c   Number         4  ti_msp_dl_config.o(.text.SYSCFG_DL_UART_2_init)
    __arm_cp.10_3                            0x00000e50   Number         4  ti_msp_dl_config.o(.text.SYSCFG_DL_UART_2_init)
    __arm_cp.10_4                            0x00000e54   Number         4  ti_msp_dl_config.o(.text.SYSCFG_DL_UART_2_init)
    __arm_cp.10_5                            0x00000e58   Number         4  ti_msp_dl_config.o(.text.SYSCFG_DL_UART_2_init)
    [Anonymous Symbol]                       0x00000e5c   Section        0  ti_msp_dl_config.o(.text.SYSCFG_DL_init)
    __arm_cp.0_0                             0x00000ea0   Number         4  ti_msp_dl_config.o(.text.SYSCFG_DL_init)
    __arm_cp.0_1                             0x00000ea4   Number         4  ti_msp_dl_config.o(.text.SYSCFG_DL_init)
    __arm_cp.0_2                             0x00000ea8   Number         4  ti_msp_dl_config.o(.text.SYSCFG_DL_init)
    [Anonymous Symbol]                       0x00000eac   Section        0  ti_msp_dl_config.o(.text.SYSCFG_DL_initPower)
    __arm_cp.1_0                             0x00000efc   Number         4  ti_msp_dl_config.o(.text.SYSCFG_DL_initPower)
    __arm_cp.1_1                             0x00000f00   Number         4  ti_msp_dl_config.o(.text.SYSCFG_DL_initPower)
    __arm_cp.1_2                             0x00000f04   Number         4  ti_msp_dl_config.o(.text.SYSCFG_DL_initPower)
    __arm_cp.1_3                             0x00000f08   Number         4  ti_msp_dl_config.o(.text.SYSCFG_DL_initPower)
    __arm_cp.1_4                             0x00000f0c   Number         4  ti_msp_dl_config.o(.text.SYSCFG_DL_initPower)
    __arm_cp.1_5                             0x00000f10   Number         4  ti_msp_dl_config.o(.text.SYSCFG_DL_initPower)
    __arm_cp.1_6                             0x00000f14   Number         4  ti_msp_dl_config.o(.text.SYSCFG_DL_initPower)
    __arm_cp.1_7                             0x00000f18   Number         4  ti_msp_dl_config.o(.text.SYSCFG_DL_initPower)
    __arm_cp.1_8                             0x00000f1c   Number         4  ti_msp_dl_config.o(.text.SYSCFG_DL_initPower)
    __arm_cp.1_9                             0x00000f20   Number         4  ti_msp_dl_config.o(.text.SYSCFG_DL_initPower)
    __arm_cp.1_10                            0x00000f24   Number         4  ti_msp_dl_config.o(.text.SYSCFG_DL_initPower)
    [Anonymous Symbol]                       0x00000f28   Section        0  time.o(.text.SysTick_Handler)
    __arm_cp.1_0                             0x00000f38   Number         4  time.o(.text.SysTick_Handler)
    [Anonymous Symbol]                       0x00000f3c   Section        0  gimbal.o(.text.TIMA1_IRQHandler)
    __arm_cp.3_0                             0x00000f9c   Number         4  gimbal.o(.text.TIMA1_IRQHandler)
    __arm_cp.3_1                             0x00000fa0   Number         4  gimbal.o(.text.TIMA1_IRQHandler)
    __arm_cp.3_2                             0x00000fa4   Number         4  gimbal.o(.text.TIMA1_IRQHandler)
    __arm_cp.3_3                             0x00000fa8   Number         4  gimbal.o(.text.TIMA1_IRQHandler)
    [Anonymous Symbol]                       0x00000fac   Section        0  vision.o(.text.UART0_IRQHandler)
    __arm_cp.4_0                             0x00000fc8   Number         4  vision.o(.text.UART0_IRQHandler)
    __arm_cp.4_1                             0x00000fcc   Number         4  vision.o(.text.UART0_IRQHandler)
    __arm_cp.4_2                             0x00000fd0   Number         4  vision.o(.text.UART0_IRQHandler)
    [Anonymous Symbol]                       0x00000fd4   Section        0  empty.o(.text.UART1_IRQHandler)
    __arm_cp.1_0                             0x00000fe8   Number         4  empty.o(.text.UART1_IRQHandler)
    __arm_cp.1_1                             0x00000fec   Number         4  empty.o(.text.UART1_IRQHandler)
    __arm_cp.1_2                             0x00000ff0   Number         4  empty.o(.text.UART1_IRQHandler)
    [Anonymous Symbol]                       0x00000ff4   Section        0  hwt101.o(.text.UART3_IRQHandler)
    __arm_cp.1_0                             0x00001010   Number         4  hwt101.o(.text.UART3_IRQHandler)
    __arm_cp.1_1                             0x00001014   Number         4  hwt101.o(.text.UART3_IRQHandler)
    __arm_cp.1_2                             0x00001018   Number         4  hwt101.o(.text.UART3_IRQHandler)
    [Anonymous Symbol]                       0x0000101c   Section        0  zdt_drive.o(.text.ZDT_a_angle_absolute)
    __arm_cp.5_0                             0x00001248   Number         4  zdt_drive.o(.text.ZDT_a_angle_absolute)
    __arm_cp.5_1                             0x0000124c   Number         4  zdt_drive.o(.text.ZDT_a_angle_absolute)
    __arm_cp.5_2                             0x00001250   Number         4  zdt_drive.o(.text.ZDT_a_angle_absolute)
    __arm_cp.5_3                             0x00001254   Number         4  zdt_drive.o(.text.ZDT_a_angle_absolute)
    __arm_cp.5_4                             0x00001258   Number         4  zdt_drive.o(.text.ZDT_a_angle_absolute)
    __arm_cp.5_5                             0x0000125c   Number         4  zdt_drive.o(.text.ZDT_a_angle_absolute)
    __arm_cp.5_6                             0x00001260   Number         4  zdt_drive.o(.text.ZDT_a_angle_absolute)
    __arm_cp.5_7                             0x00001264   Number         4  zdt_drive.o(.text.ZDT_a_angle_absolute)
    __arm_cp.5_8                             0x00001268   Number         4  zdt_drive.o(.text.ZDT_a_angle_absolute)
    __arm_cp.5_9                             0x0000126c   Number         4  zdt_drive.o(.text.ZDT_a_angle_absolute)
    __arm_cp.5_10                            0x00001270   Number         4  zdt_drive.o(.text.ZDT_a_angle_absolute)
    [Anonymous Symbol]                       0x00001274   Section        0  zdt_drive.o(.text.ZDT_init)
    __arm_cp.0_0                             0x00001328   Number         4  zdt_drive.o(.text.ZDT_init)
    [Anonymous Symbol]                       0x0000132c   Section        0  time.o(.text.delay_ms)
    __arm_cp.0_0                             0x0000134c   Number         4  time.o(.text.delay_ms)
    [Anonymous Symbol]                       0x00001350   Section        0  gimbal.o(.text.gimbal_init)
    __arm_cp.0_1                             0x0000139c   Number         4  gimbal.o(.text.gimbal_init)
    __arm_cp.0_2                             0x000013a0   Number         4  gimbal.o(.text.gimbal_init)
    [Anonymous Symbol]                       0x000013a4   Section        0  gimbal.o(.text.gimbal_set_position)
    __arm_cp.1_0                             0x0000148c   Number         4  gimbal.o(.text.gimbal_set_position)
    __arm_cp.1_1                             0x00001490   Number         4  gimbal.o(.text.gimbal_set_position)
    __arm_cp.1_2                             0x00001494   Number         4  gimbal.o(.text.gimbal_set_position)
    __arm_cp.1_3                             0x00001498   Number         4  gimbal.o(.text.gimbal_set_position)
    __arm_cp.1_4                             0x0000149c   Number         4  gimbal.o(.text.gimbal_set_position)
    __arm_cp.1_5                             0x000014a0   Number         4  gimbal.o(.text.gimbal_set_position)
    __arm_cp.1_6                             0x000014a4   Number         4  gimbal.o(.text.gimbal_set_position)
    __arm_cp.1_7                             0x000014a8   Number         4  gimbal.o(.text.gimbal_set_position)
    __arm_cp.1_8                             0x000014ac   Number         4  gimbal.o(.text.gimbal_set_position)
    __arm_cp.1_9                             0x000014b0   Number         4  gimbal.o(.text.gimbal_set_position)
    __arm_cp.1_10                            0x000014b4   Number         4  gimbal.o(.text.gimbal_set_position)
    [Anonymous Symbol]                       0x000014b8   Section        0  empty.o(.text.main)
    __arm_cp.0_2                             0x000014f4   Number         4  empty.o(.text.main)
    [Anonymous Symbol]                       0x000014f8   Section        0  motor.o(.text.motor_init)
    [Anonymous Symbol]                       0x00001504   Section        0  motor.o(.text.motor_setSpeed)
    __arm_cp.1_0                             0x000015a4   Number         4  motor.o(.text.motor_setSpeed)
    __arm_cp.1_1                             0x000015a8   Number         4  motor.o(.text.motor_setSpeed)
    __arm_cp.1_2                             0x000015ac   Number         4  motor.o(.text.motor_setSpeed)
    [Anonymous Symbol]                       0x000015b0   Section        0  vision.o(.text.vision_get_data)
    [Anonymous Symbol]                       0x000015b4   Section        0  vision.o(.text.vision_init)
    __arm_cp.0_0                             0x000015cc   Number         4  vision.o(.text.vision_init)
    __arm_cp.0_1                             0x000015d0   Number         4  vision.o(.text.vision_init)
    [Anonymous Symbol]                       0x000015d4   Section        0  vision.o(.text.vision_receive_handler)
    __arm_cp.5_0                             0x00001678   Number         4  vision.o(.text.vision_receive_handler)
    __arm_cp.5_1                             0x0000167c   Number         4  vision.o(.text.vision_receive_handler)
    __arm_cp.5_2                             0x00001680   Number         4  vision.o(.text.vision_receive_handler)
    __arm_cp.5_3                             0x00001684   Number         4  vision.o(.text.vision_receive_handler)
    i._fls                                   0x00001688   Section        0  fcmp.o(i._fls)
    x$fpl$fadd                               0x000016a0   Section      140  faddsub.o(x$fpl$fadd)
    _fadd1                                   0x000016ad   Thumb Code     0  faddsub.o(x$fpl$fadd)
    x$fpl$fleqf                              0x0000172c   Section       84  flef.o(x$fpl$fleqf)
    x$fpl$fmul                               0x00001780   Section      176  fmul.o(x$fpl$fmul)
    x$fpl$fsub                               0x00001830   Section      208  faddsub.o(x$fpl$fsub)
    _fsub1                                   0x0000183d   Thumb Code     0  faddsub.o(x$fpl$fsub)
    gI2C_0ClockConfig                        0x00001900   Data           2  ti_msp_dl_config.o(.rodata.gI2C_0ClockConfig)
    [Anonymous Symbol]                       0x00001900   Section        0  ti_msp_dl_config.o(.rodata.gI2C_0ClockConfig)
    x$fpl$usenofp                            0x00001900   Section        0  usenofp.o(x$fpl$usenofp)
    gPWM_MotorLClockConfig                   0x00001902   Data           3  ti_msp_dl_config.o(.rodata.gPWM_MotorLClockConfig)
    [Anonymous Symbol]                       0x00001902   Section        0  ti_msp_dl_config.o(.rodata.gPWM_MotorLClockConfig)
    gPWM_MotorLConfig                        0x00001908   Data           8  ti_msp_dl_config.o(.rodata.gPWM_MotorLConfig)
    [Anonymous Symbol]                       0x00001908   Section        0  ti_msp_dl_config.o(.rodata.gPWM_MotorLConfig)
    gPWM_MotorRClockConfig                   0x00001910   Data           3  ti_msp_dl_config.o(.rodata.gPWM_MotorRClockConfig)
    [Anonymous Symbol]                       0x00001910   Section        0  ti_msp_dl_config.o(.rodata.gPWM_MotorRClockConfig)
    gPWM_MotorRConfig                        0x00001914   Data           8  ti_msp_dl_config.o(.rodata.gPWM_MotorRConfig)
    [Anonymous Symbol]                       0x00001914   Section        0  ti_msp_dl_config.o(.rodata.gPWM_MotorRConfig)
    gTIMER_gimbalClockConfig                 0x0000191c   Data           3  ti_msp_dl_config.o(.rodata.gTIMER_gimbalClockConfig)
    [Anonymous Symbol]                       0x0000191c   Section        0  ti_msp_dl_config.o(.rodata.gTIMER_gimbalClockConfig)
    gTIMER_gimbalTimerConfig                 0x00001920   Data          20  ti_msp_dl_config.o(.rodata.gTIMER_gimbalTimerConfig)
    [Anonymous Symbol]                       0x00001920   Section        0  ti_msp_dl_config.o(.rodata.gTIMER_gimbalTimerConfig)
    gUART_0ClockConfig                       0x00001934   Data           2  ti_msp_dl_config.o(.rodata.gUART_0ClockConfig)
    [Anonymous Symbol]                       0x00001934   Section        0  ti_msp_dl_config.o(.rodata.gUART_0ClockConfig)
    gUART_0Config                            0x00001936   Data          10  ti_msp_dl_config.o(.rodata.gUART_0Config)
    [Anonymous Symbol]                       0x00001936   Section        0  ti_msp_dl_config.o(.rodata.gUART_0Config)
    gUART_1ClockConfig                       0x00001940   Data           2  ti_msp_dl_config.o(.rodata.gUART_1ClockConfig)
    [Anonymous Symbol]                       0x00001940   Section        0  ti_msp_dl_config.o(.rodata.gUART_1ClockConfig)
    gUART_1Config                            0x00001942   Data          10  ti_msp_dl_config.o(.rodata.gUART_1Config)
    [Anonymous Symbol]                       0x00001942   Section        0  ti_msp_dl_config.o(.rodata.gUART_1Config)
    gUART_2ClockConfig                       0x0000194c   Data           2  ti_msp_dl_config.o(.rodata.gUART_2ClockConfig)
    [Anonymous Symbol]                       0x0000194c   Section        0  ti_msp_dl_config.o(.rodata.gUART_2ClockConfig)
    gUART_2Config                            0x0000194e   Data          10  ti_msp_dl_config.o(.rodata.gUART_2Config)
    [Anonymous Symbol]                       0x0000194e   Section        0  ti_msp_dl_config.o(.rodata.gUART_2Config)
    a_angle_absolute.11                      0x20200000   Data           1  zdt_drive.o(.data.a_angle_absolute.11)
    [Anonymous Symbol]                       0x20200000   Section        0  zdt_drive.o(.data.a_angle_absolute.11)
    a_angle_absolute.12                      0x20200001   Data           1  zdt_drive.o(.data.a_angle_absolute.12)
    [Anonymous Symbol]                       0x20200001   Section        0  zdt_drive.o(.data.a_angle_absolute.12)
    a_angle_absolute.2                       0x20200002   Data           1  zdt_drive.o(.data.a_angle_absolute.2)
    [Anonymous Symbol]                       0x20200002   Section        0  zdt_drive.o(.data.a_angle_absolute.2)
    a_angle_absolute.4                       0x20200003   Data           1  zdt_drive.o(.data.a_angle_absolute.4)
    [Anonymous Symbol]                       0x20200003   Section        0  zdt_drive.o(.data.a_angle_absolute.4)
    a_angle_absolute.5                       0x20200004   Data           1  zdt_drive.o(.data.a_angle_absolute.5)
    [Anonymous Symbol]                       0x20200004   Section        0  zdt_drive.o(.data.a_angle_absolute.5)
    a_angle_absolute.6                       0x20200005   Data           1  zdt_drive.o(.data.a_angle_absolute.6)
    [Anonymous Symbol]                       0x20200005   Section        0  zdt_drive.o(.data.a_angle_absolute.6)
    a_angle_absolute.7                       0x20200006   Data           1  zdt_drive.o(.data.a_angle_absolute.7)
    [Anonymous Symbol]                       0x20200006   Section        0  zdt_drive.o(.data.a_angle_absolute.7)
    a_angle_absolute.8                       0x20200007   Data           1  zdt_drive.o(.data.a_angle_absolute.8)
    [Anonymous Symbol]                       0x20200007   Section        0  zdt_drive.o(.data.a_angle_absolute.8)
    .bss                                     0x20200008   Section       96  libspace.o(.bss)
    HWT101_Angle_Get.rx_buffer               0x20200068   Data          11  hwt101.o(.bss.HWT101_Angle_Get.rx_buffer)
    [Anonymous Symbol]                       0x20200068   Section        0  hwt101.o(.bss.HWT101_Angle_Get.rx_buffer)
    HWT101_Angle_Get.rx_index                0x20200073   Data           1  hwt101.o(.bss.HWT101_Angle_Get.rx_index)
    [Anonymous Symbol]                       0x20200073   Section        0  hwt101.o(.bss.HWT101_Angle_Get.rx_index)
    HWT101_Angle_Get.rx_state                0x20200074   Data           1  hwt101.o(.bss.HWT101_Angle_Get.rx_state)
    [Anonymous Symbol]                       0x20200074   Section        0  hwt101.o(.bss.HWT101_Angle_Get.rx_state)
    TIMA1_IRQHandler.send_mode               0x20200077   Data           1  gimbal.o(.bss.TIMA1_IRQHandler.send_mode)
    [Anonymous Symbol]                       0x20200077   Section        0  gimbal.o(.bss.TIMA1_IRQHandler.send_mode)
    a_angle_absolute.10                      0x20200078   Data           1  zdt_drive.o(.bss.a_angle_absolute.10)
    [Anonymous Symbol]                       0x20200078   Section        0  zdt_drive.o(.bss.a_angle_absolute.10)
    a_angle_absolute.3                       0x20200079   Data           1  zdt_drive.o(.bss.a_angle_absolute.3)
    [Anonymous Symbol]                       0x20200079   Section        0  zdt_drive.o(.bss.a_angle_absolute.3)
    a_angle_absolute.9                       0x2020007a   Data           1  zdt_drive.o(.bss.a_angle_absolute.9)
    [Anonymous Symbol]                       0x2020007a   Section        0  zdt_drive.o(.bss.a_angle_absolute.9)
    rx_buffer                                0x20200244   Data           6  vision.o(.bss.rx_buffer)
    [Anonymous Symbol]                       0x20200244   Section        0  vision.o(.bss.rx_buffer)
    rx_index                                 0x2020024a   Data           1  vision.o(.bss.rx_index)
    [Anonymous Symbol]                       0x2020024a   Section        0  vision.o(.bss.rx_index)
    rx_state                                 0x2020024b   Data           1  vision.o(.bss.rx_state)
    [Anonymous Symbol]                       0x2020024b   Section        0  vision.o(.bss.rx_state)
    Heap_Mem                                 0x20200258   Data           0  startup_mspm0g350x_uvision.o(HEAP)
    Stack_Mem                                0x20200258   Data         256  startup_mspm0g350x_uvision.o(STACK)
    HEAP                                     0x20200258   Section        0  startup_mspm0g350x_uvision.o(HEAP)
    STACK                                    0x20200258   Section      256  startup_mspm0g350x_uvision.o(STACK)
    __initial_sp                             0x20200358   Data           0  startup_mspm0g350x_uvision.o(STACK)

    Global Symbols

    Symbol Name                              Value     Ov Type        Size  Object(Section)

    BuildAttributes$$THM_ISAv3M$S$PE$A:L22$X:L11$S22$IEEE1$IW$~IW$USESV6$~STKCKD$USESV7$~SHL$OTIME$ROPI$EBA8$UX$STANDARDLIB$REQ8$PRES8$EABIv2 0x00000000   Number         0  anon$$obj.o ABSOLUTE
    __Vectors                                0x00000000   Data           4  startup_mspm0g350x_uvision.o(RESET)
    __ARM_exceptions_init                     - Undefined Weak Reference
    __alloca_initialize                       - Undefined Weak Reference
    __arm_preinit_                            - Undefined Weak Reference
    __arm_relocate_pie_                       - Undefined Weak Reference
    __cpp_initialize__aeabi_                  - Undefined Weak Reference
    __cxa_finalize                            - Undefined Weak Reference
    __rt_locale                               - Undefined Weak Reference
    __sigvec_lookup                           - Undefined Weak Reference
    _atexit_init                              - Undefined Weak Reference
    _call_atexit_fns                          - Undefined Weak Reference
    _clock_init                               - Undefined Weak Reference
    _fp_trap_init                             - Undefined Weak Reference
    _fp_trap_shutdown                         - Undefined Weak Reference
    _get_lc_collate                           - Undefined Weak Reference
    _get_lc_ctype                             - Undefined Weak Reference
    _get_lc_monetary                          - Undefined Weak Reference
    _get_lc_numeric                           - Undefined Weak Reference
    _get_lc_time                              - Undefined Weak Reference
    _getenv_init                              - Undefined Weak Reference
    _handle_redirection                       - Undefined Weak Reference
    _init_alloc                               - Undefined Weak Reference
    _init_user_alloc                          - Undefined Weak Reference
    _initio                                   - Undefined Weak Reference
    _rand_init                                - Undefined Weak Reference
    _signal_finish                            - Undefined Weak Reference
    _signal_init                              - Undefined Weak Reference
    _terminate_alloc                          - Undefined Weak Reference
    _terminate_user_alloc                     - Undefined Weak Reference
    _terminateio                              - Undefined Weak Reference
    __Vectors_End                            0x000000c0   Data           0  startup_mspm0g350x_uvision.o(RESET)
    __Vectors_Size                           0x000000c0   Number         0  startup_mspm0g350x_uvision.o ABSOLUTE
    __main                                   0x000000c1   Thumb Code     8  __main.o(!!!main)
    __scatterload                            0x000000c9   Thumb Code     0  __scatter.o(!!!scatter)
    __scatterload_rt2                        0x000000c9   Thumb Code    74  __scatter.o(!!!scatter)
    __scatterload_rt2_thumb_only             0x000000c9   Thumb Code     0  __scatter.o(!!!scatter)
    __scatterload_loop                       0x000000d3   Thumb Code     0  __scatter.o(!!!scatter)
    __scatterload_copy                       0x00000121   Thumb Code    26  __scatter_copy.o(!!handler_copy)
    __scatterload_null                       0x00000141   Thumb Code     2  __scatter.o(!!handler_null)
    __scatterload_zeroinit                   0x00000149   Thumb Code    28  __scatter_zi.o(!!handler_zi)
    __rt_lib_init                            0x00000165   Thumb Code     0  libinit.o(.ARM.Collect$$libinit$$00000000)
    __rt_lib_init_alloca_1                   0x00000167   Thumb Code     0  libinit2.o(.ARM.Collect$$libinit$$00000030)
    __rt_lib_init_argv_1                     0x00000167   Thumb Code     0  libinit2.o(.ARM.Collect$$libinit$$0000002E)
    __rt_lib_init_atexit_1                   0x00000167   Thumb Code     0  libinit2.o(.ARM.Collect$$libinit$$0000001D)
    __rt_lib_init_clock_1                    0x00000167   Thumb Code     0  libinit2.o(.ARM.Collect$$libinit$$00000023)
    __rt_lib_init_cpp_1                      0x00000167   Thumb Code     0  libinit2.o(.ARM.Collect$$libinit$$00000034)
    __rt_lib_init_exceptions_1               0x00000167   Thumb Code     0  libinit2.o(.ARM.Collect$$libinit$$00000032)
    __rt_lib_init_fp_1                       0x00000167   Thumb Code     0  libinit2.o(.ARM.Collect$$libinit$$00000002)
    __rt_lib_init_fp_trap_1                  0x00000167   Thumb Code     0  libinit2.o(.ARM.Collect$$libinit$$00000021)
    __rt_lib_init_getenv_1                   0x00000167   Thumb Code     0  libinit2.o(.ARM.Collect$$libinit$$00000025)
    __rt_lib_init_heap_1                     0x00000167   Thumb Code     0  libinit2.o(.ARM.Collect$$libinit$$0000000C)
    __rt_lib_init_lc_collate_1               0x00000167   Thumb Code     0  libinit2.o(.ARM.Collect$$libinit$$00000013)
    __rt_lib_init_lc_ctype_1                 0x00000167   Thumb Code     0  libinit2.o(.ARM.Collect$$libinit$$00000015)
    __rt_lib_init_lc_monetary_1              0x00000167   Thumb Code     0  libinit2.o(.ARM.Collect$$libinit$$00000017)
    __rt_lib_init_lc_numeric_1               0x00000167   Thumb Code     0  libinit2.o(.ARM.Collect$$libinit$$00000019)
    __rt_lib_init_lc_time_1                  0x00000167   Thumb Code     0  libinit2.o(.ARM.Collect$$libinit$$0000001B)
    __rt_lib_init_preinit_1                  0x00000167   Thumb Code     0  libinit2.o(.ARM.Collect$$libinit$$00000006)
    __rt_lib_init_rand_1                     0x00000167   Thumb Code     0  libinit2.o(.ARM.Collect$$libinit$$00000010)
    __rt_lib_init_relocate_pie_1             0x00000167   Thumb Code     0  libinit2.o(.ARM.Collect$$libinit$$00000004)
    __rt_lib_init_return                     0x00000167   Thumb Code     0  libinit2.o(.ARM.Collect$$libinit$$00000035)
    __rt_lib_init_signal_1                   0x00000167   Thumb Code     0  libinit2.o(.ARM.Collect$$libinit$$0000001F)
    __rt_lib_init_stdio_1                    0x00000167   Thumb Code     0  libinit2.o(.ARM.Collect$$libinit$$00000027)
    __rt_lib_init_user_alloc_1               0x00000167   Thumb Code     0  libinit2.o(.ARM.Collect$$libinit$$0000000E)
    __rt_lib_shutdown                        0x00000169   Thumb Code     0  libshutdown.o(.ARM.Collect$$libshutdown$$00000000)
    __rt_lib_shutdown_cpp_1                  0x0000016b   Thumb Code     0  libshutdown2.o(.ARM.Collect$$libshutdown$$00000002)
    __rt_lib_shutdown_fp_trap_1              0x0000016b   Thumb Code     0  libshutdown2.o(.ARM.Collect$$libshutdown$$00000007)
    __rt_lib_shutdown_heap_1                 0x0000016b   Thumb Code     0  libshutdown2.o(.ARM.Collect$$libshutdown$$0000000F)
    __rt_lib_shutdown_return                 0x0000016b   Thumb Code     0  libshutdown2.o(.ARM.Collect$$libshutdown$$00000010)
    __rt_lib_shutdown_signal_1               0x0000016b   Thumb Code     0  libshutdown2.o(.ARM.Collect$$libshutdown$$0000000A)
    __rt_lib_shutdown_stdio_1                0x0000016b   Thumb Code     0  libshutdown2.o(.ARM.Collect$$libshutdown$$00000004)
    __rt_lib_shutdown_user_alloc_1           0x0000016b   Thumb Code     0  libshutdown2.o(.ARM.Collect$$libshutdown$$0000000C)
    __rt_entry                               0x0000016d   Thumb Code     0  __rtentry.o(.ARM.Collect$$rtentry$$00000000)
    __rt_entry_presh_1                       0x0000016d   Thumb Code     0  __rtentry2.o(.ARM.Collect$$rtentry$$00000002)
    __rt_entry_sh                            0x0000016d   Thumb Code     0  __rtentry4.o(.ARM.Collect$$rtentry$$00000004)
    __rt_entry_li                            0x00000173   Thumb Code     0  __rtentry2.o(.ARM.Collect$$rtentry$$0000000A)
    __rt_entry_postsh_1                      0x00000173   Thumb Code     0  __rtentry2.o(.ARM.Collect$$rtentry$$00000009)
    __rt_entry_main                          0x00000177   Thumb Code     0  __rtentry2.o(.ARM.Collect$$rtentry$$0000000D)
    __rt_entry_postli_1                      0x00000177   Thumb Code     0  __rtentry2.o(.ARM.Collect$$rtentry$$0000000C)
    __rt_exit                                0x0000017f   Thumb Code     0  rtexit.o(.ARM.Collect$$rtexit$$00000000)
    __rt_exit_ls                             0x00000181   Thumb Code     0  rtexit2.o(.ARM.Collect$$rtexit$$00000003)
    __rt_exit_prels_1                        0x00000181   Thumb Code     0  rtexit2.o(.ARM.Collect$$rtexit$$00000002)
    __rt_exit_exit                           0x00000185   Thumb Code     0  rtexit2.o(.ARM.Collect$$rtexit$$00000004)
    Reset_Handler                            0x0000018d   Thumb Code     4  startup_mspm0g350x_uvision.o(.text)
    NMI_Handler                              0x00000191   Thumb Code     2  startup_mspm0g350x_uvision.o(.text)
    HardFault_Handler                        0x00000193   Thumb Code     2  startup_mspm0g350x_uvision.o(.text)
    SVC_Handler                              0x00000195   Thumb Code     2  startup_mspm0g350x_uvision.o(.text)
    PendSV_Handler                           0x00000197   Thumb Code     2  startup_mspm0g350x_uvision.o(.text)
    ADC0_IRQHandler                          0x0000019b   Thumb Code     0  startup_mspm0g350x_uvision.o(.text)
    ADC1_IRQHandler                          0x0000019b   Thumb Code     0  startup_mspm0g350x_uvision.o(.text)
    AES_IRQHandler                           0x0000019b   Thumb Code     0  startup_mspm0g350x_uvision.o(.text)
    CANFD0_IRQHandler                        0x0000019b   Thumb Code     0  startup_mspm0g350x_uvision.o(.text)
    DAC0_IRQHandler                          0x0000019b   Thumb Code     0  startup_mspm0g350x_uvision.o(.text)
    DMA_IRQHandler                           0x0000019b   Thumb Code     0  startup_mspm0g350x_uvision.o(.text)
    Default_Handler                          0x0000019b   Thumb Code     2  startup_mspm0g350x_uvision.o(.text)
    GROUP0_IRQHandler                        0x0000019b   Thumb Code     0  startup_mspm0g350x_uvision.o(.text)
    GROUP1_IRQHandler                        0x0000019b   Thumb Code     0  startup_mspm0g350x_uvision.o(.text)
    I2C0_IRQHandler                          0x0000019b   Thumb Code     0  startup_mspm0g350x_uvision.o(.text)
    I2C1_IRQHandler                          0x0000019b   Thumb Code     0  startup_mspm0g350x_uvision.o(.text)
    RTC_IRQHandler                           0x0000019b   Thumb Code     0  startup_mspm0g350x_uvision.o(.text)
    SPI0_IRQHandler                          0x0000019b   Thumb Code     0  startup_mspm0g350x_uvision.o(.text)
    SPI1_IRQHandler                          0x0000019b   Thumb Code     0  startup_mspm0g350x_uvision.o(.text)
    TIMA0_IRQHandler                         0x0000019b   Thumb Code     0  startup_mspm0g350x_uvision.o(.text)
    TIMG0_IRQHandler                         0x0000019b   Thumb Code     0  startup_mspm0g350x_uvision.o(.text)
    TIMG12_IRQHandler                        0x0000019b   Thumb Code     0  startup_mspm0g350x_uvision.o(.text)
    TIMG6_IRQHandler                         0x0000019b   Thumb Code     0  startup_mspm0g350x_uvision.o(.text)
    TIMG7_IRQHandler                         0x0000019b   Thumb Code     0  startup_mspm0g350x_uvision.o(.text)
    TIMG8_IRQHandler                         0x0000019b   Thumb Code     0  startup_mspm0g350x_uvision.o(.text)
    UART2_IRQHandler                         0x0000019b   Thumb Code     0  startup_mspm0g350x_uvision.o(.text)
    __user_initial_stackheap                 0x0000019d   Thumb Code    10  startup_mspm0g350x_uvision.o(.text)
    __use_two_region_memory                  0x000001b9   Thumb Code     2  heapauxi.o(.text)
    __rt_heap_escrow$2region                 0x000001bb   Thumb Code     2  heapauxi.o(.text)
    __rt_heap_expand$2region                 0x000001bd   Thumb Code     2  heapauxi.o(.text)
    __aeabi_d2f                              0x000001c1   Thumb Code     0  d2f.o(.text)
    _d2f                                     0x000001c1   Thumb Code   120  d2f.o(.text)
    __aeabi_i2d_normalise                    0x0000023d   Thumb Code    66  dflti.o(.text)
    __aeabi_i2d                              0x0000027f   Thumb Code    16  dflti.o(.text)
    _dflt                                    0x0000027f   Thumb Code     0  dflti.o(.text)
    __aeabi_ui2d                             0x0000028f   Thumb Code     6  dflti.o(.text)
    _dfltu                                   0x0000028f   Thumb Code     0  dflti.o(.text)
    __aeabi_dmul                             0x00000295   Thumb Code     0  dmul.o(.text)
    _dmul                                    0x00000295   Thumb Code   558  dmul.o(.text)
    __aeabi_f2iz                             0x000004dd   Thumb Code     0  ffixi.o(.text)
    _ffix                                    0x000004dd   Thumb Code    76  ffixi.o(.text)
    __aeabi_i2f_normalise                    0x00000529   Thumb Code    72  fflti.o(.text)
    __aeabi_i2f                              0x00000571   Thumb Code    16  fflti.o(.text)
    _fflt                                    0x00000571   Thumb Code     0  fflti.o(.text)
    __aeabi_ui2f                             0x00000581   Thumb Code     6  fflti.o(.text)
    _ffltu                                   0x00000581   Thumb Code     0  fflti.o(.text)
    __fpl_fcmp_InfNaN                        0x00000589   Thumb Code    96  fcmpin.o(.text)
    __user_setup_stackheap                   0x000005ed   Thumb Code    62  sys_stackheap_outer.o(.text)
    exit                                     0x0000062b   Thumb Code    16  exit.o(.text)
    __fpl_cmpreturn                          0x0000063b   Thumb Code    46  cmpret.o(.text)
    __fpl_fcheck_NaN2                        0x00000669   Thumb Code    10  fnan2.o(.text)
    __user_libspace                          0x00000679   Thumb Code     8  libspace.o(.text)
    __user_perproc_libspace                  0x00000679   Thumb Code     0  libspace.o(.text)
    __user_perthread_libspace                0x00000679   Thumb Code     0  libspace.o(.text)
    __fpl_return_NaN                         0x00000681   Thumb Code    94  retnan.o(.text)
    _sys_exit                                0x000006e1   Thumb Code     8  sys_exit.o(.text)
    __I$use$semihosting                      0x000006ed   Thumb Code     0  use_no_semi.o(.text)
    __use_no_semihosting_swi                 0x000006ed   Thumb Code     2  use_no_semi.o(.text)
    DL_Common_delayCycles                    0x000006ef   Thumb Code    10  dl_common.o(.text.DL_Common_delayCycles)
    __semihosting_library_function           0x000006ef   Thumb Code     0  indicate_semi.o(.text)
    DL_I2C_setClockConfig                    0x000006f9   Thumb Code    38  dl_i2c.o(.text.DL_I2C_setClockConfig)
    DL_Timer_initFourCCPWMMode               0x00000721   Thumb Code   264  dl_timer.o(.text.DL_Timer_initFourCCPWMMode)
    DL_Timer_initTimerMode                   0x00000829   Thumb Code   240  dl_timer.o(.text.DL_Timer_initTimerMode)
    DL_Timer_setCaptCompUpdateMethod         0x00000919   Thumb Code    28  dl_timer.o(.text.DL_Timer_setCaptCompUpdateMethod)
    DL_Timer_setCaptureCompareOutCtl         0x00000935   Thumb Code    24  dl_timer.o(.text.DL_Timer_setCaptureCompareOutCtl)
    DL_Timer_setCaptureCompareValue          0x0000094d   Thumb Code    16  dl_timer.o(.text.DL_Timer_setCaptureCompareValue)
    DL_Timer_setClockConfig                  0x0000095d   Thumb Code    28  dl_timer.o(.text.DL_Timer_setClockConfig)
    DL_UART_init                             0x00000979   Thumb Code    72  dl_uart.o(.text.DL_UART_init)
    DL_UART_setClockConfig                   0x000009c1   Thumb Code    18  dl_uart.o(.text.DL_UART_setClockConfig)
    HWT101_Angle_Get                         0x000009d5   Thumb Code   144  hwt101.o(.text.HWT101_Angle_Get)
    HWT101_Init                              0x00000a75   Thumb Code    20  hwt101.o(.text.HWT101_Init)
    SYSCFG_DL_GPIO_init                      0x00000a95   Thumb Code    84  ti_msp_dl_config.o(.text.SYSCFG_DL_GPIO_init)
    SYSCFG_DL_I2C_0_init                     0x00000b01   Thumb Code    72  ti_msp_dl_config.o(.text.SYSCFG_DL_I2C_0_init)
    SYSCFG_DL_PWM_MotorL_init                0x00000b55   Thumb Code   120  ti_msp_dl_config.o(.text.SYSCFG_DL_PWM_MotorL_init)
    SYSCFG_DL_PWM_MotorR_init                0x00000be1   Thumb Code   120  ti_msp_dl_config.o(.text.SYSCFG_DL_PWM_MotorR_init)
    SYSCFG_DL_SYSCTL_init                    0x00000c71   Thumb Code    52  ti_msp_dl_config.o(.text.SYSCFG_DL_SYSCTL_init)
    SYSCFG_DL_SYSTICK_init                   0x00000cad   Thumb Code    36  ti_msp_dl_config.o(.text.SYSCFG_DL_SYSTICK_init)
    SYSCFG_DL_TIMER_gimbal_init              0x00000cdd   Thumb Code    36  ti_msp_dl_config.o(.text.SYSCFG_DL_TIMER_gimbal_init)
    SYSCFG_DL_UART_0_init                    0x00000d15   Thumb Code    88  ti_msp_dl_config.o(.text.SYSCFG_DL_UART_0_init)
    SYSCFG_DL_UART_1_init                    0x00000d81   Thumb Code    88  ti_msp_dl_config.o(.text.SYSCFG_DL_UART_1_init)
    SYSCFG_DL_UART_2_init                    0x00000ded   Thumb Code    88  ti_msp_dl_config.o(.text.SYSCFG_DL_UART_2_init)
    SYSCFG_DL_init                           0x00000e5d   Thumb Code    68  ti_msp_dl_config.o(.text.SYSCFG_DL_init)
    SYSCFG_DL_initPower                      0x00000ead   Thumb Code    80  ti_msp_dl_config.o(.text.SYSCFG_DL_initPower)
    SysTick_Handler                          0x00000f29   Thumb Code    16  time.o(.text.SysTick_Handler)
    TIMA1_IRQHandler                         0x00000f3d   Thumb Code    96  gimbal.o(.text.TIMA1_IRQHandler)
    UART0_IRQHandler                         0x00000fad   Thumb Code    28  vision.o(.text.UART0_IRQHandler)
    UART1_IRQHandler                         0x00000fd5   Thumb Code    20  empty.o(.text.UART1_IRQHandler)
    UART3_IRQHandler                         0x00000ff5   Thumb Code    28  hwt101.o(.text.UART3_IRQHandler)
    ZDT_a_angle_absolute                     0x0000101d   Thumb Code   556  zdt_drive.o(.text.ZDT_a_angle_absolute)
    ZDT_init                                 0x00001275   Thumb Code   180  zdt_drive.o(.text.ZDT_init)
    delay_ms                                 0x0000132d   Thumb Code    32  time.o(.text.delay_ms)
    gimbal_init                              0x00001351   Thumb Code    76  gimbal.o(.text.gimbal_init)
    gimbal_set_position                      0x000013a5   Thumb Code   232  gimbal.o(.text.gimbal_set_position)
    main                                     0x000014b9   Thumb Code    60  empty.o(.text.main)
    motor_init                               0x000014f9   Thumb Code    12  motor.o(.text.motor_init)
    motor_setSpeed                           0x00001505   Thumb Code   160  motor.o(.text.motor_setSpeed)
    vision_get_data                          0x000015b1   Thumb Code     4  vision.o(.text.vision_get_data)
    vision_init                              0x000015b5   Thumb Code    24  vision.o(.text.vision_init)
    vision_receive_handler                   0x000015d5   Thumb Code   164  vision.o(.text.vision_receive_handler)
    __aeabi_fcmplt                           0x00001689   Thumb Code     0  fcmp.o(i._fls)
    _fls                                     0x00001689   Thumb Code    22  fcmp.o(i._fls)
    __aeabi_fadd                             0x000016a1   Thumb Code     0  faddsub.o(x$fpl$fadd)
    _fadd                                    0x000016a1   Thumb Code   134  faddsub.o(x$fpl$fadd)
    __aeabi_cfcmple                          0x0000172d   Thumb Code     0  flef.o(x$fpl$fleqf)
    _fcmple                                  0x0000172d   Thumb Code    78  flef.o(x$fpl$fleqf)
    __aeabi_fmul                             0x00001781   Thumb Code     0  fmul.o(x$fpl$fmul)
    _fmul                                    0x00001781   Thumb Code   172  fmul.o(x$fpl$fmul)
    __aeabi_fsub                             0x00001831   Thumb Code     0  faddsub.o(x$fpl$fsub)
    _fsub                                    0x00001831   Thumb Code   204  faddsub.o(x$fpl$fsub)
    __I$use$fp                               0x00001900   Number         0  usenofp.o(x$fpl$usenofp)
    Region$$Table$$Base                      0x00001958   Number         0  anon$$obj.o(Region$$Table)
    Region$$Table$$Limit                     0x00001978   Number         0  anon$$obj.o(Region$$Table)
    __libspace_start                         0x20200008   Data          96  libspace.o(.bss)
    __temporary_stack_top$libspace           0x20200068   Data           0  libspace.o(.bss)
    MotorSpeed                               0x20200075   Data           2  motor.o(.bss.MotorSpeed)
    delay_times                              0x2020007c   Data           4  time.o(.bss.delay_times)
    gPWM_MotorRBackup                        0x20200080   Data         160  ti_msp_dl_config.o(.bss.gPWM_MotorRBackup)
    gTIMER_gimbalBackup                      0x20200120   Data         188  ti_msp_dl_config.o(.bss.gTIMER_gimbalBackup)
    gUART_2Backup                            0x202001dc   Data          48  ti_msp_dl_config.o(.bss.gUART_2Backup)
    gimbal                                   0x2020020c   Data          40  gimbal.o(.bss.gimbal)
    hwt101_data                              0x20200234   Data           8  hwt101.o(.bss.hwt101_data)
    new_pitch                                0x2020023c   Data           4  gimbal.o(.bss.new_pitch)
    new_yaw                                  0x20200240   Data           4  gimbal.o(.bss.new_yaw)
    uart0_data                               0x2020024c   Data           1  vision.o(.bss.uart0_data)
    uart1_data                               0x2020024d   Data           1  empty.o(.bss.uart1_data)
    uart2_data                               0x2020024e   Data           1  hwt101.o(.bss.uart2_data)
    vision_data                              0x20200250   Data           6  vision.o(.bss.vision_data)



==============================================================================

Memory Map of the image

  Image Entry point : 0x000000c1

  Load Region LR_IROM1 (Base: 0x00000000, Size: 0x00001980, Max: 0x00020000, ABSOLUTE)

    Execution Region ER_IROM1 (Exec base: 0x00000000, Load base: 0x00000000, Size: 0x00001978, Max: 0x00020000, ABSOLUTE)

    Exec Addr    Load Addr    Size         Type   Attr      Idx    E Section Name        Object

    0x00000000   0x00000000   0x000000c0   Data   RO           17    RESET               startup_mspm0g350x_uvision.o
    0x000000c0   0x000000c0   0x00000008   Code   RO          421  * !!!main             c_p.l(__main.o)
    0x000000c8   0x000000c8   0x00000054   Code   RO          643    !!!scatter          c_p.l(__scatter.o)
    0x0000011c   0x0000011c   0x00000004   PAD
    0x00000120   0x00000120   0x0000001a   Code   RO          647    !!handler_copy      c_p.l(__scatter_copy.o)
    0x0000013a   0x0000013a   0x00000006   PAD
    0x00000140   0x00000140   0x00000002   Code   RO          644    !!handler_null      c_p.l(__scatter.o)
    0x00000142   0x00000142   0x00000006   PAD
    0x00000148   0x00000148   0x0000001c   Code   RO          649    !!handler_zi        c_p.l(__scatter_zi.o)
    0x00000164   0x00000164   0x00000002   Code   RO          498    .ARM.Collect$$libinit$$00000000  c_p.l(libinit.o)
    0x00000166   0x00000166   0x00000000   Code   RO          516    .ARM.Collect$$libinit$$00000002  c_p.l(libinit2.o)
    0x00000166   0x00000166   0x00000000   Code   RO          518    .ARM.Collect$$libinit$$00000004  c_p.l(libinit2.o)
    0x00000166   0x00000166   0x00000000   Code   RO          520    .ARM.Collect$$libinit$$00000006  c_p.l(libinit2.o)
    0x00000166   0x00000166   0x00000000   Code   RO          523    .ARM.Collect$$libinit$$0000000C  c_p.l(libinit2.o)
    0x00000166   0x00000166   0x00000000   Code   RO          525    .ARM.Collect$$libinit$$0000000E  c_p.l(libinit2.o)
    0x00000166   0x00000166   0x00000000   Code   RO          527    .ARM.Collect$$libinit$$00000010  c_p.l(libinit2.o)
    0x00000166   0x00000166   0x00000000   Code   RO          530    .ARM.Collect$$libinit$$00000013  c_p.l(libinit2.o)
    0x00000166   0x00000166   0x00000000   Code   RO          532    .ARM.Collect$$libinit$$00000015  c_p.l(libinit2.o)
    0x00000166   0x00000166   0x00000000   Code   RO          534    .ARM.Collect$$libinit$$00000017  c_p.l(libinit2.o)
    0x00000166   0x00000166   0x00000000   Code   RO          536    .ARM.Collect$$libinit$$00000019  c_p.l(libinit2.o)
    0x00000166   0x00000166   0x00000000   Code   RO          538    .ARM.Collect$$libinit$$0000001B  c_p.l(libinit2.o)
    0x00000166   0x00000166   0x00000000   Code   RO          540    .ARM.Collect$$libinit$$0000001D  c_p.l(libinit2.o)
    0x00000166   0x00000166   0x00000000   Code   RO          542    .ARM.Collect$$libinit$$0000001F  c_p.l(libinit2.o)
    0x00000166   0x00000166   0x00000000   Code   RO          544    .ARM.Collect$$libinit$$00000021  c_p.l(libinit2.o)
    0x00000166   0x00000166   0x00000000   Code   RO          546    .ARM.Collect$$libinit$$00000023  c_p.l(libinit2.o)
    0x00000166   0x00000166   0x00000000   Code   RO          548    .ARM.Collect$$libinit$$00000025  c_p.l(libinit2.o)
    0x00000166   0x00000166   0x00000000   Code   RO          550    .ARM.Collect$$libinit$$00000027  c_p.l(libinit2.o)
    0x00000166   0x00000166   0x00000000   Code   RO          554    .ARM.Collect$$libinit$$0000002E  c_p.l(libinit2.o)
    0x00000166   0x00000166   0x00000000   Code   RO          556    .ARM.Collect$$libinit$$00000030  c_p.l(libinit2.o)
    0x00000166   0x00000166   0x00000000   Code   RO          558    .ARM.Collect$$libinit$$00000032  c_p.l(libinit2.o)
    0x00000166   0x00000166   0x00000000   Code   RO          560    .ARM.Collect$$libinit$$00000034  c_p.l(libinit2.o)
    0x00000166   0x00000166   0x00000002   Code   RO          561    .ARM.Collect$$libinit$$00000035  c_p.l(libinit2.o)
    0x00000168   0x00000168   0x00000002   Code   RO          598    .ARM.Collect$$libshutdown$$00000000  c_p.l(libshutdown.o)
    0x0000016a   0x0000016a   0x00000000   Code   RO          626    .ARM.Collect$$libshutdown$$00000002  c_p.l(libshutdown2.o)
    0x0000016a   0x0000016a   0x00000000   Code   RO          628    .ARM.Collect$$libshutdown$$00000004  c_p.l(libshutdown2.o)
    0x0000016a   0x0000016a   0x00000000   Code   RO          631    .ARM.Collect$$libshutdown$$00000007  c_p.l(libshutdown2.o)
    0x0000016a   0x0000016a   0x00000000   Code   RO          634    .ARM.Collect$$libshutdown$$0000000A  c_p.l(libshutdown2.o)
    0x0000016a   0x0000016a   0x00000000   Code   RO          636    .ARM.Collect$$libshutdown$$0000000C  c_p.l(libshutdown2.o)
    0x0000016a   0x0000016a   0x00000000   Code   RO          639    .ARM.Collect$$libshutdown$$0000000F  c_p.l(libshutdown2.o)
    0x0000016a   0x0000016a   0x00000002   Code   RO          640    .ARM.Collect$$libshutdown$$00000010  c_p.l(libshutdown2.o)
    0x0000016c   0x0000016c   0x00000000   Code   RO          453    .ARM.Collect$$rtentry$$00000000  c_p.l(__rtentry.o)
    0x0000016c   0x0000016c   0x00000000   Code   RO          466    .ARM.Collect$$rtentry$$00000002  c_p.l(__rtentry2.o)
    0x0000016c   0x0000016c   0x00000006   Code   RO          478    .ARM.Collect$$rtentry$$00000004  c_p.l(__rtentry4.o)
    0x00000172   0x00000172   0x00000000   Code   RO          468    .ARM.Collect$$rtentry$$00000009  c_p.l(__rtentry2.o)
    0x00000172   0x00000172   0x00000004   Code   RO          469    .ARM.Collect$$rtentry$$0000000A  c_p.l(__rtentry2.o)
    0x00000176   0x00000176   0x00000000   Code   RO          471    .ARM.Collect$$rtentry$$0000000C  c_p.l(__rtentry2.o)
    0x00000176   0x00000176   0x00000008   Code   RO          472    .ARM.Collect$$rtentry$$0000000D  c_p.l(__rtentry2.o)
    0x0000017e   0x0000017e   0x00000002   Code   RO          507    .ARM.Collect$$rtexit$$00000000  c_p.l(rtexit.o)
    0x00000180   0x00000180   0x00000000   Code   RO          569    .ARM.Collect$$rtexit$$00000002  c_p.l(rtexit2.o)
    0x00000180   0x00000180   0x00000004   Code   RO          570    .ARM.Collect$$rtexit$$00000003  c_p.l(rtexit2.o)
    0x00000184   0x00000184   0x00000006   Code   RO          571    .ARM.Collect$$rtexit$$00000004  c_p.l(rtexit2.o)
    0x0000018a   0x0000018a   0x00000002   PAD
    0x0000018c   0x0000018c   0x0000002c   Code   RO           18    .text               startup_mspm0g350x_uvision.o
    0x000001b8   0x000001b8   0x00000006   Code   RO          419    .text               c_p.l(heapauxi.o)
    0x000001be   0x000001be   0x00000002   PAD
    0x000001c0   0x000001c0   0x0000007c   Code   RO          423    .text               fz_ps.l(d2f.o)
    0x0000023c   0x0000023c   0x00000058   Code   RO          425    .text               fz_ps.l(dflti.o)
    0x00000294   0x00000294   0x00000248   Code   RO          427    .text               fz_ps.l(dmul.o)
    0x000004dc   0x000004dc   0x0000004c   Code   RO          447    .text               fz_ps.l(ffixi.o)
    0x00000528   0x00000528   0x0000005e   Code   RO          449    .text               fz_ps.l(fflti.o)
    0x00000586   0x00000586   0x00000002   PAD
    0x00000588   0x00000588   0x00000064   Code   RO          482    .text               fz_ps.l(fcmpin.o)
    0x000005ec   0x000005ec   0x0000003e   Code   RO          484    .text               c_p.l(sys_stackheap_outer.o)
    0x0000062a   0x0000062a   0x00000010   Code   RO          487    .text               c_p.l(exit.o)
    0x0000063a   0x0000063a   0x0000002e   Code   RO          499    .text               fz_ps.l(cmpret.o)
    0x00000668   0x00000668   0x00000010   Code   RO          501    .text               fz_ps.l(fnan2.o)
    0x00000678   0x00000678   0x00000008   Code   RO          503    .text               c_p.l(libspace.o)
    0x00000680   0x00000680   0x0000005e   Code   RO          562    .text               fz_ps.l(retnan.o)
    0x000006de   0x000006de   0x00000002   PAD
    0x000006e0   0x000006e0   0x0000000c   Code   RO          564    .text               c_p.l(sys_exit.o)
    0x000006ec   0x000006ec   0x00000002   Code   RO          587    .text               c_p.l(use_no_semi.o)
    0x000006ee   0x000006ee   0x00000000   Code   RO          589    .text               c_p.l(indicate_semi.o)
    0x000006ee   0x000006ee   0x0000000a   Code   RO          228    .text.DL_Common_delayCycles  driverlib.a(dl_common.o)
    0x000006f8   0x000006f8   0x00000026   Code   RO          237    .text.DL_I2C_setClockConfig  driverlib.a(dl_i2c.o)
    0x0000071e   0x0000071e   0x00000002   PAD
    0x00000720   0x00000720   0x00000108   Code   RO          349    .text.DL_Timer_initFourCCPWMMode  driverlib.a(dl_timer.o)
    0x00000828   0x00000828   0x000000f0   Code   RO          273    .text.DL_Timer_initTimerMode  driverlib.a(dl_timer.o)
    0x00000918   0x00000918   0x0000001c   Code   RO          315    .text.DL_Timer_setCaptCompUpdateMethod  driverlib.a(dl_timer.o)
    0x00000934   0x00000934   0x00000018   Code   RO          323    .text.DL_Timer_setCaptureCompareOutCtl  driverlib.a(dl_timer.o)
    0x0000094c   0x0000094c   0x00000010   Code   RO          275    .text.DL_Timer_setCaptureCompareValue  driverlib.a(dl_timer.o)
    0x0000095c   0x0000095c   0x0000001c   Code   RO          269    .text.DL_Timer_setClockConfig  driverlib.a(dl_timer.o)
    0x00000978   0x00000978   0x00000048   Code   RO          370    .text.DL_UART_init  driverlib.a(dl_uart.o)
    0x000009c0   0x000009c0   0x00000012   Code   RO          372    .text.DL_UART_setClockConfig  driverlib.a(dl_uart.o)
    0x000009d2   0x000009d2   0x00000002   PAD
    0x000009d4   0x000009d4   0x000000a0   Code   RO          211    .text.HWT101_Angle_Get  hwt101.o
    0x00000a74   0x00000a74   0x00000020   Code   RO          207    .text.HWT101_Init   hwt101.o
    0x00000a94   0x00000a94   0x0000006c   Code   RO           29    .text.SYSCFG_DL_GPIO_init  ti_msp_dl_config.o
    0x00000b00   0x00000b00   0x00000054   Code   RO           39    .text.SYSCFG_DL_I2C_0_init  ti_msp_dl_config.o
    0x00000b54   0x00000b54   0x0000008c   Code   RO           33    .text.SYSCFG_DL_PWM_MotorL_init  ti_msp_dl_config.o
    0x00000be0   0x00000be0   0x00000090   Code   RO           35    .text.SYSCFG_DL_PWM_MotorR_init  ti_msp_dl_config.o
    0x00000c70   0x00000c70   0x0000003c   Code   RO           31    .text.SYSCFG_DL_SYSCTL_init  ti_msp_dl_config.o
    0x00000cac   0x00000cac   0x00000030   Code   RO           47    .text.SYSCFG_DL_SYSTICK_init  ti_msp_dl_config.o
    0x00000cdc   0x00000cdc   0x00000038   Code   RO           37    .text.SYSCFG_DL_TIMER_gimbal_init  ti_msp_dl_config.o
    0x00000d14   0x00000d14   0x0000006c   Code   RO           43    .text.SYSCFG_DL_UART_0_init  ti_msp_dl_config.o
    0x00000d80   0x00000d80   0x0000006c   Code   RO           41    .text.SYSCFG_DL_UART_1_init  ti_msp_dl_config.o
    0x00000dec   0x00000dec   0x00000070   Code   RO           45    .text.SYSCFG_DL_UART_2_init  ti_msp_dl_config.o
    0x00000e5c   0x00000e5c   0x00000050   Code   RO           25    .text.SYSCFG_DL_init  ti_msp_dl_config.o
    0x00000eac   0x00000eac   0x0000007c   Code   RO           27    .text.SYSCFG_DL_initPower  ti_msp_dl_config.o
    0x00000f28   0x00000f28   0x00000014   Code   RO          182    .text.SysTick_Handler  time.o
    0x00000f3c   0x00000f3c   0x00000070   Code   RO           83    .text.TIMA1_IRQHandler  gimbal.o
    0x00000fac   0x00000fac   0x00000028   Code   RO          153    .text.UART0_IRQHandler  vision.o
    0x00000fd4   0x00000fd4   0x00000020   Code   RO            4    .text.UART1_IRQHandler  empty.o
    0x00000ff4   0x00000ff4   0x00000028   Code   RO          209    .text.UART3_IRQHandler  hwt101.o
    0x0000101c   0x0000101c   0x00000258   Code   RO          108    .text.ZDT_a_angle_absolute  zdt_drive.o
    0x00001274   0x00001274   0x000000b8   Code   RO           98    .text.ZDT_init      zdt_drive.o
    0x0000132c   0x0000132c   0x00000024   Code   RO          180    .text.delay_ms      time.o
    0x00001350   0x00001350   0x00000054   Code   RO           77    .text.gimbal_init   gimbal.o
    0x000013a4   0x000013a4   0x00000114   Code   RO           79    .text.gimbal_set_position  gimbal.o
    0x000014b8   0x000014b8   0x00000040   Code   RO            2    .text.main          empty.o
    0x000014f8   0x000014f8   0x0000000c   Code   RO          193    .text.motor_init    motor.o
    0x00001504   0x00001504   0x000000ac   Code   RO          195    .text.motor_setSpeed  motor.o
    0x000015b0   0x000015b0   0x00000004   Code   RO          165    .text.vision_get_data  vision.o
    0x000015b4   0x000015b4   0x00000020   Code   RO          145    .text.vision_init   vision.o
    0x000015d4   0x000015d4   0x000000b4   Code   RO          155    .text.vision_receive_handler  vision.o
    0x00001688   0x00001688   0x00000016   Code   RO          439    i._fls              fz_ps.l(fcmp.o)
    0x0000169e   0x0000169e   0x00000002   PAD
    0x000016a0   0x000016a0   0x0000008c   Code   RO          429    x$fpl$fadd          fz_ps.l(faddsub.o)
    0x0000172c   0x0000172c   0x00000054   Code   RO          462    x$fpl$fleqf         fz_ps.l(flef.o)
    0x00001780   0x00001780   0x000000b0   Code   RO          451    x$fpl$fmul          fz_ps.l(fmul.o)
    0x00001830   0x00001830   0x000000d0   Code   RO          431    x$fpl$fsub          fz_ps.l(faddsub.o)
    0x00001900   0x00001900   0x00000000   Code   RO          464    x$fpl$usenofp       fz_ps.l(usenofp.o)
    0x00001900   0x00001900   0x00000002   Data   RO           62    .rodata.gI2C_0ClockConfig  ti_msp_dl_config.o
    0x00001902   0x00001902   0x00000003   Data   RO           56    .rodata.gPWM_MotorLClockConfig  ti_msp_dl_config.o
    0x00001905   0x00001905   0x00000003   PAD
    0x00001908   0x00001908   0x00000008   Data   RO           57    .rodata.gPWM_MotorLConfig  ti_msp_dl_config.o
    0x00001910   0x00001910   0x00000003   Data   RO           58    .rodata.gPWM_MotorRClockConfig  ti_msp_dl_config.o
    0x00001913   0x00001913   0x00000001   PAD
    0x00001914   0x00001914   0x00000008   Data   RO           59    .rodata.gPWM_MotorRConfig  ti_msp_dl_config.o
    0x0000191c   0x0000191c   0x00000003   Data   RO           60    .rodata.gTIMER_gimbalClockConfig  ti_msp_dl_config.o
    0x0000191f   0x0000191f   0x00000001   PAD
    0x00001920   0x00001920   0x00000014   Data   RO           61    .rodata.gTIMER_gimbalTimerConfig  ti_msp_dl_config.o
    0x00001934   0x00001934   0x00000002   Data   RO           65    .rodata.gUART_0ClockConfig  ti_msp_dl_config.o
    0x00001936   0x00001936   0x0000000a   Data   RO           66    .rodata.gUART_0Config  ti_msp_dl_config.o
    0x00001940   0x00001940   0x00000002   Data   RO           63    .rodata.gUART_1ClockConfig  ti_msp_dl_config.o
    0x00001942   0x00001942   0x0000000a   Data   RO           64    .rodata.gUART_1Config  ti_msp_dl_config.o
    0x0000194c   0x0000194c   0x00000002   Data   RO           67    .rodata.gUART_2ClockConfig  ti_msp_dl_config.o
    0x0000194e   0x0000194e   0x0000000a   Data   RO           68    .rodata.gUART_2Config  ti_msp_dl_config.o
    0x00001958   0x00001958   0x00000020   Data   RO          642    Region$$Table       anon$$obj.o


    Execution Region RW_IRAM2 (Exec base: 0x20200000, Load base: 0x00001978, Size: 0x00000358, Max: 0x00008000, ABSOLUTE)

    Exec Addr    Load Addr    Size         Type   Attr      Idx    E Section Name        Object

    0x20200000   0x00001978   0x00000001   Data   RW          135    .data.a_angle_absolute.11  zdt_drive.o
    0x20200001   0x00001979   0x00000001   Data   RW          136    .data.a_angle_absolute.12  zdt_drive.o
    0x20200002   0x0000197a   0x00000001   Data   RW          126    .data.a_angle_absolute.2  zdt_drive.o
    0x20200003   0x0000197b   0x00000001   Data   RW          128    .data.a_angle_absolute.4  zdt_drive.o
    0x20200004   0x0000197c   0x00000001   Data   RW          129    .data.a_angle_absolute.5  zdt_drive.o
    0x20200005   0x0000197d   0x00000001   Data   RW          130    .data.a_angle_absolute.6  zdt_drive.o
    0x20200006   0x0000197e   0x00000001   Data   RW          131    .data.a_angle_absolute.7  zdt_drive.o
    0x20200007   0x0000197f   0x00000001   Data   RW          132    .data.a_angle_absolute.8  zdt_drive.o
    0x20200008        -       0x00000060   Zero   RW          504    .bss                c_p.l(libspace.o)
    0x20200068        -       0x0000000b   Zero   RW          217    .bss.HWT101_Angle_Get.rx_buffer  hwt101.o
    0x20200073        -       0x00000001   Zero   RW          218    .bss.HWT101_Angle_Get.rx_index  hwt101.o
    0x20200074        -       0x00000001   Zero   RW          219    .bss.HWT101_Angle_Get.rx_state  hwt101.o
    0x20200075        -       0x00000002   Zero   RW          199    .bss.MotorSpeed     motor.o
    0x20200077        -       0x00000001   Zero   RW           90    .bss.TIMA1_IRQHandler.send_mode  gimbal.o
    0x20200078        -       0x00000001   Zero   RW          134    .bss.a_angle_absolute.10  zdt_drive.o
    0x20200079        -       0x00000001   Zero   RW          127    .bss.a_angle_absolute.3  zdt_drive.o
    0x2020007a        -       0x00000001   Zero   RW          133    .bss.a_angle_absolute.9  zdt_drive.o
    0x2020007b   0x00001980   0x00000001   PAD
    0x2020007c        -       0x00000004   Zero   RW          184    .bss.delay_times    time.o
    0x20200080        -       0x000000a0   Zero   RW           53    .bss.gPWM_MotorRBackup  ti_msp_dl_config.o
    0x20200120        -       0x000000bc   Zero   RW           54    .bss.gTIMER_gimbalBackup  ti_msp_dl_config.o
    0x202001dc        -       0x00000030   Zero   RW           55    .bss.gUART_2Backup  ti_msp_dl_config.o
    0x2020020c        -       0x00000028   Zero   RW           89    .bss.gimbal         gimbal.o
    0x20200234        -       0x00000008   Zero   RW          216    .bss.hwt101_data    hwt101.o
    0x2020023c        -       0x00000004   Zero   RW           87    .bss.new_pitch      gimbal.o
    0x20200240        -       0x00000004   Zero   RW           88    .bss.new_yaw        gimbal.o
    0x20200244        -       0x00000006   Zero   RW          170    .bss.rx_buffer      vision.o
    0x2020024a        -       0x00000001   Zero   RW          171    .bss.rx_index       vision.o
    0x2020024b        -       0x00000001   Zero   RW          169    .bss.rx_state       vision.o
    0x2020024c        -       0x00000001   Zero   RW          167    .bss.uart0_data     vision.o
    0x2020024d        -       0x00000001   Zero   RW            6    .bss.uart1_data     empty.o
    0x2020024e        -       0x00000001   Zero   RW          215    .bss.uart2_data     hwt101.o
    0x2020024f   0x00001980   0x00000001   PAD
    0x20200250        -       0x00000006   Zero   RW          168    .bss.vision_data    vision.o
    0x20200256   0x00001980   0x00000002   PAD
    0x20200258        -       0x00000000   Zero   RW           16    HEAP                startup_mspm0g350x_uvision.o
    0x20200258        -       0x00000100   Zero   RW           15    STACK               startup_mspm0g350x_uvision.o



  Load Region LR_BCR (Base: 0x41c00000, Size: 0x00000000, Max: 0x00000100, ABSOLUTE)

    Execution Region BCR_CONFIG (Exec base: 0x41c00000, Load base: 0x41c00000, Size: 0x00000000, Max: 0x000000ff, ABSOLUTE)

    **** No section assigned to this execution region ****



  Load Region LR_BSL (Base: 0x41c00100, Size: 0x00000000, Max: 0x00000100, ABSOLUTE)

    Execution Region BSL_CONFIG (Exec base: 0x41c00100, Load base: 0x41c00100, Size: 0x00000000, Max: 0x00000080, ABSOLUTE)

    **** No section assigned to this execution region ****


==============================================================================

Image component sizes


      Code (inc. data)   RO Data    RW Data    ZI Data      Debug   Object Name

        96         16          0          0          1       5173   empty.o
       472         68          0          0         49       6629   gimbal.o
       232         40          0          0         22       5869   hwt101.o
       184         12          0          0          2       3752   motor.o
        44         18        192          0        256        676   startup_mspm0g350x_uvision.o
      1172        240         83          0        396      31213   ti_msp_dl_config.o
        56          8          0          0          4        660   time.o
       256         36          0          0         15      10700   vision.o
       784         48          0          8          3      18437   zdt_drive.o

    ----------------------------------------------------------------------
      3296        486        312          8        752      83109   Object Totals
         0          0         32          0          0          0   (incl. Generated)
         0          0          5          0          4          0   (incl. Padding)

    ----------------------------------------------------------------------

      Code (inc. data)   RO Data    RW Data    ZI Data      Debug   Library Member Name

         8          0          0          0          0         68   __main.o
         0          0          0          0          0          0   __rtentry.o
        12          0          0          0          0          0   __rtentry2.o
         6          0          0          0          0          0   __rtentry4.o
        86         10          0          0          0          0   __scatter.o
        26          0          0          0          0          0   __scatter_copy.o
        28          0          0          0          0          0   __scatter_zi.o
        16          0          0          0          0         68   exit.o
         6          0          0          0          0        136   heapauxi.o
         0          0          0          0          0          0   indicate_semi.o
         2          0          0          0          0          0   libinit.o
         2          0          0          0          0          0   libinit2.o
         2          0          0          0          0          0   libshutdown.o
         2          0          0          0          0          0   libshutdown2.o
         8          4          0          0         96         68   libspace.o
         2          0          0          0          0          0   rtexit.o
        10          0          0          0          0          0   rtexit2.o
        12          4          0          0          0         60   sys_exit.o
        62          0          0          0          0         80   sys_stackheap_outer.o
         2          0          0          0          0         68   use_no_semi.o
        10          0          0          0          0        803   dl_common.o
        38          0          0          0          0       8619   dl_i2c.o
       600        192          0          0          0      41556   dl_timer.o
        90          8          0          0          0      14163   dl_uart.o
        46          0          0          0          0         60   cmpret.o
       124          4          0          0          0         72   d2f.o
        88          0          0          0          0         92   dflti.o
       584         26          0          0          0         84   dmul.o
       348          8          0          0          0        160   faddsub.o
        22          0          0          0          0         68   fcmp.o
       100          4          0          0          0         68   fcmpin.o
        76          0          0          0          0         68   ffixi.o
        94          0          0          0          0         92   fflti.o
        84          4          0          0          0         76   flef.o
       176          4          0          0          0         80   fmul.o
        16          6          0          0          0         68   fnan2.o
        94          0          0          0          0         68   retnan.o
         0          0          0          0          0          0   usenofp.o

    ----------------------------------------------------------------------
      2912        278          0          0         96      66745   Library Totals
        30          4          0          0          0          0   (incl. Padding)

    ----------------------------------------------------------------------

      Code (inc. data)   RO Data    RW Data    ZI Data      Debug   Library Name

       292         18          0          0         96        548   c_p.l
       738        200          0          0          0      65141   driverlib.a
      1852         56          0          0          0       1056   fz_ps.l

    ----------------------------------------------------------------------
      2912        278          0          0         96      66745   Library Totals

    ----------------------------------------------------------------------

==============================================================================


      Code (inc. data)   RO Data    RW Data    ZI Data      Debug   

      6208        764        312          8        848     148962   Grand Totals
      6208        764        312          8        848     148962   ELF Image Totals
      6208        764        312          8          0          0   ROM Totals

==============================================================================

    Total RO  Size (Code + RO Data)                 6520 (   6.37kB)
    Total RW  Size (RW Data + ZI Data)               856 (   0.84kB)
    Total ROM Size (Code + RO Data + RW Data)       6528 (   6.38kB)

==============================================================================

