Component: Arm Compiler for Embedded 6.21 Tool: armlink [5ec1fa00]

==============================================================================

Section Cross References

    empty.o(.text.main) refers to ti_msp_dl_config.o(.text.SYSCFG_DL_init) for SYSCFG_DL_init
    empty.o(.text.main) refers to vision.o(.text.vision_init) for vision_init
    empty.o(.text.main) refers to gimbal.o(.text.gimbal_init) for gimbal_init
    empty.o(.text.main) refers to chassis.o(.text.Chassis_Init) for Chassis_Init
    empty.o(.text.main) refers to motordk.o(.text.motor_init) for motor_init
    empty.o(.text.main) refers to hwt101.o(.text.HWT101_Init) for HWT101_Init
    empty.o(.text.main) refers to task.o(.text.Task_Init) for Task_Init
    empty.o(.text.main) refers to led.o(.text.LED3_On) for LED3_On
    empty.o(.text.main) refers to led.o(.text.LED1_On) for LED1_On
    empty.o(.text.main) refers to led.o(.text.LED2_On) for LED2_On
    empty.o(.text.main) refers to time.o(.text.delay_ms) for delay_ms
    empty.o(.text.main) refers to task.o(.text.Task_Choose) for Task_Choose
    empty.o(.ARM.exidx.text.main) refers to empty.o(.text.main) for [Anonymous Symbol]
    empty.o(.text.UART1_IRQHandler) refers to empty.o(.bss.uart1_data) for uart1_data
    empty.o(.ARM.exidx.text.UART1_IRQHandler) refers to empty.o(.text.UART1_IRQHandler) for [Anonymous Symbol]
    startup_mspm0g350x_uvision.o(STACK) refers (Special) to heapauxi.o(.text) for __use_two_region_memory
    startup_mspm0g350x_uvision.o(HEAP) refers (Special) to heapauxi.o(.text) for __use_two_region_memory
    startup_mspm0g350x_uvision.o(RESET) refers (Special) to heapauxi.o(.text) for __use_two_region_memory
    startup_mspm0g350x_uvision.o(RESET) refers to startup_mspm0g350x_uvision.o(STACK) for __initial_sp
    startup_mspm0g350x_uvision.o(RESET) refers to startup_mspm0g350x_uvision.o(.text) for Reset_Handler
    startup_mspm0g350x_uvision.o(RESET) refers to time.o(.text.SysTick_Handler) for SysTick_Handler
    startup_mspm0g350x_uvision.o(RESET) refers to encoder.o(.text.GROUP1_IRQHandler) for GROUP1_IRQHandler
    startup_mspm0g350x_uvision.o(RESET) refers to chassis.o(.text.TIMG8_IRQHandler) for TIMG8_IRQHandler
    startup_mspm0g350x_uvision.o(RESET) refers to hwt101.o(.text.UART3_IRQHandler) for UART3_IRQHandler
    startup_mspm0g350x_uvision.o(RESET) refers to empty.o(.text.UART1_IRQHandler) for UART1_IRQHandler
    startup_mspm0g350x_uvision.o(RESET) refers to vision.o(.text.UART0_IRQHandler) for UART0_IRQHandler
    startup_mspm0g350x_uvision.o(RESET) refers to gimbal.o(.text.TIMA1_IRQHandler) for TIMA1_IRQHandler
    startup_mspm0g350x_uvision.o(.text) refers (Special) to heapauxi.o(.text) for __use_two_region_memory
    startup_mspm0g350x_uvision.o(.text) refers to __main.o(!!!main) for __main
    startup_mspm0g350x_uvision.o(.text) refers to startup_mspm0g350x_uvision.o(HEAP) for Heap_Mem
    startup_mspm0g350x_uvision.o(.text) refers to startup_mspm0g350x_uvision.o(STACK) for Stack_Mem
    ti_msp_dl_config.o(.text.SYSCFG_DL_init) refers to ti_msp_dl_config.o(.text.SYSCFG_DL_initPower) for SYSCFG_DL_initPower
    ti_msp_dl_config.o(.text.SYSCFG_DL_init) refers to ti_msp_dl_config.o(.text.SYSCFG_DL_GPIO_init) for SYSCFG_DL_GPIO_init
    ti_msp_dl_config.o(.text.SYSCFG_DL_init) refers to ti_msp_dl_config.o(.text.SYSCFG_DL_SYSCTL_init) for SYSCFG_DL_SYSCTL_init
    ti_msp_dl_config.o(.text.SYSCFG_DL_init) refers to ti_msp_dl_config.o(.text.SYSCFG_DL_PWM_MotorL_init) for SYSCFG_DL_PWM_MotorL_init
    ti_msp_dl_config.o(.text.SYSCFG_DL_init) refers to ti_msp_dl_config.o(.text.SYSCFG_DL_PWM_MotorR_init) for SYSCFG_DL_PWM_MotorR_init
    ti_msp_dl_config.o(.text.SYSCFG_DL_init) refers to ti_msp_dl_config.o(.text.SYSCFG_DL_TIMER_gimbal_init) for SYSCFG_DL_TIMER_gimbal_init
    ti_msp_dl_config.o(.text.SYSCFG_DL_init) refers to ti_msp_dl_config.o(.text.SYSCFG_DL_TIMER_classic_init) for SYSCFG_DL_TIMER_classic_init
    ti_msp_dl_config.o(.text.SYSCFG_DL_init) refers to ti_msp_dl_config.o(.text.SYSCFG_DL_UART_1_init) for SYSCFG_DL_UART_1_init
    ti_msp_dl_config.o(.text.SYSCFG_DL_init) refers to ti_msp_dl_config.o(.text.SYSCFG_DL_UART_0_init) for SYSCFG_DL_UART_0_init
    ti_msp_dl_config.o(.text.SYSCFG_DL_init) refers to ti_msp_dl_config.o(.text.SYSCFG_DL_UART_2_init) for SYSCFG_DL_UART_2_init
    ti_msp_dl_config.o(.text.SYSCFG_DL_init) refers to ti_msp_dl_config.o(.text.SYSCFG_DL_SYSTICK_init) for SYSCFG_DL_SYSTICK_init
    ti_msp_dl_config.o(.text.SYSCFG_DL_init) refers to ti_msp_dl_config.o(.bss.gTIMER_gimbalBackup) for gTIMER_gimbalBackup
    ti_msp_dl_config.o(.text.SYSCFG_DL_init) refers to ti_msp_dl_config.o(.bss.gPWM_MotorRBackup) for gPWM_MotorRBackup
    ti_msp_dl_config.o(.text.SYSCFG_DL_init) refers to ti_msp_dl_config.o(.bss.gUART_2Backup) for gUART_2Backup
    ti_msp_dl_config.o(.ARM.exidx.text.SYSCFG_DL_init) refers to ti_msp_dl_config.o(.text.SYSCFG_DL_init) for [Anonymous Symbol]
[...]
    .constdata                               0x00005f40   Section        8  _printf_wctomb.o(.constdata)
    x$fpl$usenofp                            0x00005f40   Section        0  usenofp.o(x$fpl$usenofp)
    uc_hextab                                0x00005f48   Data          20  _printf_hex_int_ll_ptr.o(.constdata)
    .constdata                               0x00005f48   Section       40  _printf_hex_int_ll_ptr.o(.constdata)
    lc_hextab                                0x00005f5c   Data          20  _printf_hex_int_ll_ptr.o(.constdata)
    maptable                                 0x00005f70   Data          17  __printf_flags_ss_wp.o(.constdata)
    .constdata                               0x00005f70   Section       17  __printf_flags_ss_wp.o(.constdata)
    lc_hextab                                0x00005f81   Data          19  _printf_fp_hex.o(.constdata)
    .constdata                               0x00005f81   Section       38  _printf_fp_hex.o(.constdata)
    uc_hextab                                0x00005f94   Data          19  _printf_fp_hex.o(.constdata)
    tenpwrs_x                                0x00005fa8   Data          60  bigflt0.o(.constdata)
    .constdata                               0x00005fa8   Section      148  bigflt0.o(.constdata)
    tenpwrs_i                                0x00005fe4   Data          64  bigflt0.o(.constdata)
    gPWM_MotorLClockConfig                   0x000077fc   Data           3  ti_msp_dl_config.o(.rodata.gPWM_MotorLClockConfig)
    [Anonymous Symbol]                       0x000077fc   Section        0  ti_msp_dl_config.o(.rodata.gPWM_MotorLClockConfig)
    gPWM_MotorLConfig                        0x00007800   Data           8  ti_msp_dl_config.o(.rodata.gPWM_MotorLConfig)
    [Anonymous Symbol]                       0x00007800   Section        0  ti_msp_dl_config.o(.rodata.gPWM_MotorLConfig)
    gPWM_MotorRClockConfig                   0x00007808   Data           3  ti_msp_dl_config.o(.rodata.gPWM_MotorRClockConfig)
    [Anonymous Symbol]                       0x00007808   Section        0  ti_msp_dl_config.o(.rodata.gPWM_MotorRClockConfig)
    gPWM_MotorRConfig                        0x0000780c   Data           8  ti_msp_dl_config.o(.rodata.gPWM_MotorRConfig)
    [Anonymous Symbol]                       0x0000780c   Section        0  ti_msp_dl_config.o(.rodata.gPWM_MotorRConfig)
    gTIMER_classicClockConfig                0x00007814   Data           3  ti_msp_dl_config.o(.rodata.gTIMER_classicClockConfig)
    [Anonymous Symbol]                       0x00007814   Section        0  ti_msp_dl_config.o(.rodata.gTIMER_classicClockConfig)
    gTIMER_classicTimerConfig                0x00007818   Data          20  ti_msp_dl_config.o(.rodata.gTIMER_classicTimerConfig)
    [Anonymous Symbol]                       0x00007818   Section        0  ti_msp_dl_config.o(.rodata.gTIMER_classicTimerConfig)
    gTIMER_gimbalClockConfig                 0x0000782c   Data           3  ti_msp_dl_config.o(.rodata.gTIMER_gimbalClockConfig)
    [Anonymous Symbol]                       0x0000782c   Section        0  ti_msp_dl_config.o(.rodata.gTIMER_gimbalClockConfig)
    gTIMER_gimbalTimerConfig                 0x00007830   Data          20  ti_msp_dl_config.o(.rodata.gTIMER_gimbalTimerConfig)
    [Anonymous Symbol]                       0x00007830   Section        0  ti_msp_dl_config.o(.rodata.gTIMER_gimbalTimerConfig)
    gUART_0ClockConfig                       0x00007844   Data           2  ti_msp_dl_config.o(.rodata.gUART_0ClockConfig)
    [Anonymous Symbol]                       0x00007844   Section        0  ti_msp_dl_config.o(.rodata.gUART_0ClockConfig)
    gUART_0Config                            0x00007846   Data          10  ti_msp_dl_config.o(.rodata.gUART_0Config)
    [Anonymous Symbol]                       0x00007846   Section        0  ti_msp_dl_config.o(.rodata.gUART_0Config)
    gUART_1ClockConfig                       0x00007850   Data           2  ti_msp_dl_config.o(.rodata.gUART_1ClockConfig)
    [Anonymous Symbol]                       0x00007850   Section        0  ti_msp_dl_config.o(.rodata.gUART_1ClockConfig)
    gUART_1Config                            0x00007852   Data          10  ti_msp_dl_config.o(.rodata.gUART_1Config)
    [Anonymous Symbol]                       0x00007852   Section        0  ti_msp_dl_config.o(.rodata.gUART_1Config)
    gUART_2ClockConfig                       0x0000785c   Data           2  ti_msp_dl_config.o(.rodata.gUART_2ClockConfig)
    [Anonymous Symbol]                       0x0000785c   Section        0  ti_msp_dl_config.o(.rodata.gUART_2ClockConfig)
    gUART_2Config                            0x0000785e   Data          10  ti_msp_dl_config.o(.rodata.gUART_2Config)
    [Anonymous Symbol]                       0x0000785e   Section        0  ti_msp_dl_config.o(.rodata.gUART_2Config)
    [Anonymous Symbol]                       0x00007868   Section        0  task.o(.rodata.str1.1)
    locale$$data                             0x000078a8   Section       28  lc_numeric_c.o(locale$$data)
    __lcnum_c_name                           0x000078ac   Data           2  lc_numeric_c.o(locale$$data)
    __lcnum_c_start                          0x000078b4   Data           0  lc_numeric_c.o(locale$$data)
    __lcnum_c_point                          0x000078c0   Data           0  lc_numeric_c.o(locale$$data)
    __lcnum_c_thousands                      0x000078c2   Data           0  lc_numeric_c.o(locale$$data)
    __lcnum_c_grouping                       0x000078c3   Data           0  lc_numeric_c.o(locale$$data)
    __lcnum_c_end                            0x000078c4   Data           0  lc_numeric_c.o(locale$$data)
    locale$$data                             0x000078c4   Section      272  lc_ctype_c.o(locale$$data)
    __lcctype_c_name                         0x000078c8   Data           2  lc_ctype_c.o(locale$$data)
    __lcctype_c_start                        0x000078d0   Data           0  lc_ctype_c.o(locale$$data)
    __lcctype_c_end                          0x000079d4   Data           0  lc_ctype_c.o(locale$$data)
    a_angle_absolute.11                      0x20200000   Data           1  zdt_drive.o(.data.a_angle_absolute.11)
    [Anonymous Symbol]                       0x20200000   Section        0  zdt_drive.o(.data.a_angle_absolute.11)
    a_angle_absolute.12                      0x20200001   Data           1  zdt_drive.o(.data.a_angle_absolute.12)
    [Anonymous Symbol]                       0x20200001   Section        0  zdt_drive.o(.data.a_angle_absolute.12)
    a_angle_absolute.2                       0x20200002   Data           1  zdt_drive.o(.data.a_angle_absolute.2)
    [Anonymous Symbol]                       0x20200002   Section        0  zdt_drive.o(.data.a_angle_absolute.2)
    a_angle_absolute.4                       0x20200003   Data           1  zdt_drive.o(.data.a_angle_absolute.4)
    [Anonymous Symbol]                       0x20200003   Section        0  zdt_drive.o(.data.a_angle_absolute.4)
    a_angle_absolute.5                       0x20200004   Data           1  zdt_drive.o(.data.a_angle_absolute.5)
    [Anonymous Symbol]                       0x20200004   Section        0  zdt_drive.o(.data.a_angle_absolute.5)
    a_angle_absolute.6                       0x20200005   Data           1  zdt_drive.o(.data.a_angle_absolute.6)
    [Anonymous Symbol]                       0x20200005   Section        0  zdt_drive.o(.data.a_angle_absolute.6)
    a_angle_absolute.7                       0x20200006   Data           1  zdt_drive.o(.data.a_angle_absolute.7)
    [Anonymous Symbol]                       0x20200006   Section        0  zdt_drive.o(.data.a_angle_absolute.7)
    a_angle_absolute.8                       0x20200007   Data           1  zdt_drive.o(.data.a_angle_absolute.8)
    [Anonymous Symbol]                       0x20200007   Section        0  zdt_drive.o(.data.a_angle_absolute.8)
    .bss                                     0x20200208   Section       96  libspace.o(.bss)
    OLED_Display_Buffer                      0x2020026f   Data         256  oled.o(.bss.OLED_Display_Buffer)
    [Anonymous Symbol]                       0x2020026f   Section        0  oled.o(.bss.OLED_Display_Buffer)
    TIMA1_IRQHandler.send_mode               0x20200774   Data           1  gimbal.o(.bss.TIMA1_IRQHandler.send_mode)
    [Anonymous Symbol]                       0x20200774   Section        0  gimbal.o(.bss.TIMA1_IRQHandler.send_mode)
    Task1.corner_count                       0x20200775   Data           1  task.o(.bss.Task1.corner_count)
    [Anonymous Symbol]                       0x20200775   Section        0  task.o(.bss.Task1.corner_count)
    Task1.first_line_time                    0x20200778   Data           4  task.o(.bss.Task1.first_line_time)
    [Anonymous Symbol]                       0x20200778   Section        0  task.o(.bss.Task1.first_line_time)
    Task1.first_line_time_initialized        0x2020077c   Data           1  task.o(.bss.Task1.first_line_time_initialized)
    [Anonymous Symbol]                       0x2020077c   Section        0  task.o(.bss.Task1.first_line_time_initialized)
    Task1.line_time                          0x20200780   Data           4  task.o(.bss.Task1.line_time)
    [Anonymous Symbol]                       0x20200780   Section        0  task.o(.bss.Task1.line_time)
    Task1.task_initialized                   0x20200784   Data           1  task.o(.bss.Task1.task_initialized)
    [Anonymous Symbol]                       0x20200784   Section        0  task.o(.bss.Task1.task_initialized)
    a_angle_absolute.10                      0x20200790   Data           1  zdt_drive.o(.bss.a_angle_absolute.10)
    [Anonymous Symbol]                       0x20200790   Section        0  zdt_drive.o(.bss.a_angle_absolute.10)
    a_angle_absolute.3                       0x20200791   Data           1  zdt_drive.o(.bss.a_angle_absolute.3)
    [Anonymous Symbol]                       0x20200791   Section        0  zdt_drive.o(.bss.a_angle_absolute.3)
    a_angle_absolute.9                       0x20200792   Data           1  zdt_drive.o(.bss.a_angle_absolute.9)
    [Anonymous Symbol]                       0x20200792   Section        0  zdt_drive.o(.bss.a_angle_absolute.9)
    motor_encoder                            0x20200998   Data          24  encoder.o(.bss.motor_encoder)
    [Anonymous Symbol]                       0x20200998   Section        0  encoder.o(.bss.motor_encoder)
    pid_line_follow                          0x202009b8   Data          96  tracking.o(.bss.pid_line_follow)
    [Anonymous Symbol]                       0x202009b8   Section        0  tracking.o(.bss.pid_line_follow)
    rx_buffer                                0x20200a18   Data           6  vision.o(.bss.rx_buffer)
    [Anonymous Symbol]                       0x20200a18   Section        0  vision.o(.bss.rx_buffer)
    rx_index                                 0x20200a1e   Data           1  vision.o(.bss.rx_index)
    [Anonymous Symbol]                       0x20200a1e   Section        0  vision.o(.bss.rx_index)
    rx_state                                 0x20200a1f   Data           1  vision.o(.bss.rx_state)
    [Anonymous Symbol]                       0x20200a1f   Section        0  vision.o(.bss.rx_state)
    Heap_Mem                                 0x20200a38   Data           0  startup_mspm0g350x_uvision.o(HEAP)
    Stack_Mem                                0x20200a38   Data         256  startup_mspm0g350x_uvision.o(STACK)
    HEAP                                     0x20200a38   Section        0  startup_mspm0g350x_uvision.o(HEAP)
    STACK                                    0x20200a38   Section      256  startup_mspm0g350x_uvision.o(STACK)
    __initial_sp                             0x20200b38   Data           0  startup_mspm0g350x_uvision.o(STACK)

    Global Symbols

    Symbol Name                              Value     Ov Type        Size  Object(Section)

    BuildAttributes$$THM_ISAv3M$S$PE$A:L22$X:L11$S22$IEEE1$IW$~IW$USESV6$~STKCKD$USESV7$~SHL$OTIME$ROPI$IEEEJ$EBA8$UX$STANDARDLIB$REQ8$PRES8$EABIv2 0x00000000   Number         0  anon$$obj.o ABSOLUTE
    __Vectors                                0x00000000   Data           4  startup_mspm0g350x_uvision.o(RESET)
    _printf_flags                            0x00000000   Number         0  printf_stubs.o ABSOLUTE
    _printf_return_value                     0x00000000   Number         0  printf_stubs.o ABSOLUTE
    _printf_sizespec                         0x00000000   Number         0  printf_stubs.o ABSOLUTE
    _printf_widthprec                        0x00000000   Number         0  printf_stubs.o ABSOLUTE
    __ARM_exceptions_init                     - Undefined Weak Reference
    __alloca_initialize                       - Undefined Weak Reference
    __arm_preinit_                            - Undefined Weak Reference
    __arm_relocate_pie_                       - Undefined Weak Reference
    __cpp_initialize__aeabi_                  - Undefined Weak Reference
    __cxa_finalize                            - Undefined Weak Reference
    __sigvec_lookup                           - Undefined Weak Reference
    _atexit_init                              - Undefined Weak Reference
    _call_atexit_fns                          - Undefined Weak Reference
    _clock_init                               - Undefined Weak Reference
    _fp_trap_init                             - Undefined Weak Reference
    _fp_trap_shutdown                         - Undefined Weak Reference
    _get_lc_collate                           - Undefined Weak Reference
    _get_lc_monetary                          - Undefined Weak Reference
    _get_lc_time                              - Undefined Weak Reference
    _getenv_init                              - Undefined Weak Reference
    _handle_redirection                       - Undefined Weak Reference
    _init_alloc                               - Undefined Weak Reference
    _init_user_alloc                          - Undefined Weak Reference
    _initio                                   - Undefined Weak Reference
    _printf_mbtowc                            - Undefined Weak Reference
    _printf_wc                                - Undefined Weak Reference
    _rand_init                                - Undefined Weak Reference
    _signal_finish                            - Undefined Weak Reference
    _signal_init                              - Undefined Weak Reference
    _terminate_alloc                          - Undefined Weak Reference
    _terminate_user_alloc                     - Undefined Weak Reference
    _terminateio                              - Undefined Weak Reference
    __Vectors_End                            0x000000c0   Data           0  startup_mspm0g350x_uvision.o(RESET)
    __Vectors_Size                           0x000000c0   Number         0  startup_mspm0g350x_uvision.o ABSOLUTE
    __main                                   0x000000c1   Thumb Code     8  __main.o(!!!main)
    __scatterload                            0x000000c9   Thumb Code     0  __scatter.o(!!!scatter)
    __scatterload_rt2                        0x000000c9   Thumb Code    74  __scatter.o(!!!scatter)
    __scatterload_rt2_thumb_only             0x000000c9   Thumb Code     0  __scatter.o(!!!scatter)
    __scatterload_loop                       0x000000d3   Thumb Code     0  __scatter.o(!!!scatter)
    __scatterload_null                       0x00000121   Thumb Code     2  __scatter.o(!!handler_null)
    __scatterload_zeroinit                   0x00000129   Thumb Code    28  __scatter_zi.o(!!handler_zi)
    _printf_percent                          0x00000145   Thumb Code     0  _printf_percent.o(.ARM.Collect$$_printf_percent$$00000000)
    _printf_n                                0x00000147   Thumb Code     0  _printf_n.o(.ARM.Collect$$_printf_percent$$00000001)
    _printf_p                                0x00000151   Thumb Code     0  _printf_p.o(.ARM.Collect$$_printf_percent$$00000002)
    _printf_f                                0x0000015b   Thumb Code     0  _printf_f.o(.ARM.Collect$$_printf_percent$$00000003)
    _printf_e                                0x00000165   Thumb Code     0  _printf_e.o(.ARM.Collect$$_printf_percent$$00000004)
    _printf_g                                0x0000016f   Thumb Code     0  _printf_g.o(.ARM.Collect$$_printf_percent$$00000005)
    _printf_a                                0x00000179   Thumb Code     0  _printf_a.o(.ARM.Collect$$_printf_percent$$00000006)
    _printf_ll                               0x00000183   Thumb Code     0  _printf_ll.o(.ARM.Collect$$_printf_percent$$00000007)
    _printf_i                                0x0000018d   Thumb Code     0  _printf_i.o(.ARM.Collect$$_printf_percent$$00000008)
    _printf_d                                0x00000197   Thumb Code     0  _printf_d.o(.ARM.Collect$$_printf_percent$$00000009)
    _printf_u                                0x000001a1   Thumb Code     0  _printf_u.o(.ARM.Collect$$_printf_percent$$0000000A)
    _printf_o                                0x000001ab   Thumb Code     0  _printf_o.o(.ARM.Collect$$_printf_percent$$0000000B)
    _printf_x                                0x000001b5   Thumb Code     0  _printf_x.o(.ARM.Collect$$_printf_percent$$0000000C)
    _printf_lli                              0x000001bf   Thumb Code     0  _printf_lli.o(.ARM.Collect$$_printf_percent$$0000000D)
    _printf_lld                              0x000001c9   Thumb Code     0  _printf_lld.o(.ARM.Collect$$_printf_percent$$0000000E)
    _printf_llu                              0x000001d3   Thumb Code     0  _printf_llu.o(.ARM.Collect$$_printf_percent$$0000000F)
    _printf_llo                              0x000001dd   Thumb Code     0  _printf_llo.o(.ARM.Collect$$_printf_percent$$00000010)
    _printf_llx                              0x000001e7   Thumb Code     0  _printf_llx.o(.ARM.Collect$$_printf_percent$$00000011)
    _printf_l                                0x000001f1   Thumb Code     0  _printf_l.o(.ARM.Collect$$_printf_percent$$00000012)
    _printf_c                                0x000001fb   Thumb Code     0  _printf_c.o(.ARM.Collect$$_printf_percent$$00000013)
    _printf_s                                0x00000205   Thumb Code     0  _printf_s.o(.ARM.Collect$$_printf_percent$$00000014)
    _printf_lc                               0x0000020f   Thumb Code     0  _printf_lc.o(.ARM.Collect$$_printf_percent$$00000015)
    _printf_ls                               0x00000219   Thumb Code     0  _printf_ls.o(.ARM.Collect$$_printf_percent$$00000016)
    _printf_percent_end                      0x00000223   Thumb Code     0  _printf_percent_end.o(.ARM.Collect$$_printf_percent$$00000017)
    __rt_lib_init                            0x00000227   Thumb Code     0  libinit.o(.ARM.Collect$$libinit$$00000000)
    __rt_lib_init_fp_1                       0x00000229   Thumb Code     0  libinit2.o(.ARM.Collect$$libinit$$00000002)
    __rt_lib_init_heap_1                     0x00000229   Thumb Code     0  libinit2.o(.ARM.Collect$$libinit$$0000000C)
    __rt_lib_init_lc_common                  0x00000229   Thumb Code     0  libinit2.o(.ARM.Collect$$libinit$$00000011)
    __rt_lib_init_preinit_1                  0x00000229   Thumb Code     0  libinit2.o(.ARM.Collect$$libinit$$00000006)
    __rt_lib_init_rand_1                     0x00000229   Thumb Code     0  libinit2.o(.ARM.Collect$$libinit$$00000010)
    __rt_lib_init_relocate_pie_1             0x00000229   Thumb Code     0  libinit2.o(.ARM.Collect$$libinit$$00000004)
    __rt_lib_init_user_alloc_1               0x00000229   Thumb Code     0  libinit2.o(.ARM.Collect$$libinit$$0000000E)
    __rt_lib_init_lc_collate_1               0x0000022f   Thumb Code     0  libinit2.o(.ARM.Collect$$libinit$$00000013)
    __rt_lib_init_lc_ctype_2                 0x0000022f   Thumb Code     0  libinit2.o(.ARM.Collect$$libinit$$00000014)
    __rt_lib_init_lc_ctype_1                 0x0000023b   Thumb Code     0  libinit2.o(.ARM.Collect$$libinit$$00000015)
    __rt_lib_init_lc_monetary_1              0x0000023b   Thumb Code     0  libinit2.o(.ARM.Collect$$libinit$$00000017)
    __rt_lib_init_lc_numeric_2               0x0000023b   Thumb Code     0  libinit2.o(.ARM.Collect$$libinit$$00000018)
    __rt_lib_init_alloca_1                   0x00000245   Thumb Code     0  libinit2.o(.ARM.Collect$$libinit$$00000030)
    __rt_lib_init_argv_1                     0x00000245   Thumb Code     0  libinit2.o(.ARM.Collect$$libinit$$0000002E)
    __rt_lib_init_atexit_1                   0x00000245   Thumb Code     0  libinit2.o(.ARM.Collect$$libinit$$0000001D)
    __rt_lib_init_clock_1                    0x00000245   Thumb Code     0  libinit2.o(.ARM.Collect$$libinit$$00000023)
    __rt_lib_init_cpp_1                      0x00000245   Thumb Code     0  libinit2.o(.ARM.Collect$$libinit$$00000034)
    __rt_lib_init_exceptions_1               0x00000245   Thumb Code     0  libinit2.o(.ARM.Collect$$libinit$$00000032)
    __rt_lib_init_fp_trap_1                  0x00000245   Thumb Code     0  libinit2.o(.ARM.Collect$$libinit$$00000021)
    __rt_lib_init_getenv_1                   0x00000245   Thumb Code     0  libinit2.o(.ARM.Collect$$libinit$$00000025)
    __rt_lib_init_lc_numeric_1               0x00000245   Thumb Code     0  libinit2.o(.ARM.Collect$$libinit$$00000019)
    __rt_lib_init_lc_time_1                  0x00000245   Thumb Code     0  libinit2.o(.ARM.Collect$$libinit$$0000001B)
    __rt_lib_init_return                     0x00000245   Thumb Code     0  libinit2.o(.ARM.Collect$$libinit$$00000035)
    __rt_lib_init_signal_1                   0x00000245   Thumb Code     0  libinit2.o(.ARM.Collect$$libinit$$0000001F)
    __rt_lib_init_stdio_1                    0x00000245   Thumb Code     0  libinit2.o(.ARM.Collect$$libinit$$00000027)
    __rt_lib_shutdown                        0x00000247   Thumb Code     0  libshutdown.o(.ARM.Collect$$libshutdown$$00000000)
    __rt_lib_shutdown_cpp_1                  0x00000249   Thumb Code     0  libshutdown2.o(.ARM.Collect$$libshutdown$$00000002)
    __rt_lib_shutdown_fp_trap_1              0x00000249   Thumb Code     0  libshutdown2.o(.ARM.Collect$$libshutdown$$00000007)
    __rt_lib_shutdown_heap_1                 0x00000249   Thumb Code     0  libshutdown2.o(.ARM.Collect$$libshutdown$$0000000F)
    __rt_lib_shutdown_return                 0x00000249   Thumb Code     0  libshutdown2.o(.ARM.Collect$$libshutdown$$00000010)
    __rt_lib_shutdown_signal_1               0x00000249   Thumb Code     0  libshutdown2.o(.ARM.Collect$$libshutdown$$0000000A)
    __rt_lib_shutdown_stdio_1                0x00000249   Thumb Code     0  libshutdown2.o(.ARM.Collect$$libshutdown$$00000004)
    __rt_lib_shutdown_user_alloc_1           0x00000249   Thumb Code     0  libshutdown2.o(.ARM.Collect$$libshutdown$$0000000C)
    __rt_entry                               0x0000024b   Thumb Code     0  __rtentry.o(.ARM.Collect$$rtentry$$00000000)
    __rt_entry_presh_1                       0x0000024b   Thumb Code     0  __rtentry2.o(.ARM.Collect$$rtentry$$00000002)
    __rt_entry_sh                            0x0000024b   Thumb Code     0  __rtentry4.o(.ARM.Collect$$rtentry$$00000004)
    __rt_entry_li                            0x00000251   Thumb Code     0  __rtentry2.o(.ARM.Collect$$rtentry$$0000000A)
    __rt_entry_postsh_1                      0x00000251   Thumb Code     0  __rtentry2.o(.ARM.Collect$$rtentry$$00000009)
    __rt_entry_main                          0x00000255   Thumb Code     0  __rtentry2.o(.ARM.Collect$$rtentry$$0000000D)
    __rt_entry_postli_1                      0x00000255   Thumb Code     0  __rtentry2.o(.ARM.Collect$$rtentry$$0000000C)
    __rt_exit                                0x0000025d   Thumb Code     0  rtexit.o(.ARM.Collect$$rtexit$$00000000)
    __rt_exit_ls                             0x0000025f   Thumb Code     0  rtexit2.o(.ARM.Collect$$rtexit$$00000003)
    __rt_exit_prels_1                        0x0000025f   Thumb Code     0  rtexit2.o(.ARM.Collect$$rtexit$$00000002)
    __rt_exit_exit                           0x00000263   Thumb Code     0  rtexit2.o(.ARM.Collect$$rtexit$$00000004)
    Reset_Handler                            0x00000269   Thumb Code     4  startup_mspm0g350x_uvision.o(.text)
    NMI_Handler                              0x0000026d   Thumb Code     2  startup_mspm0g350x_uvision.o(.text)
    HardFault_Handler                        0x0000026f   Thumb Code     2  startup_mspm0g350x_uvision.o(.text)
    SVC_Handler                              0x00000271   Thumb Code     2  startup_mspm0g350x_uvision.o(.text)
    PendSV_Handler                           0x00000273   Thumb Code     2  startup_mspm0g350x_uvision.o(.text)
    ADC0_IRQHandler                          0x00000277   Thumb Code     0  startup_mspm0g350x_uvision.o(.text)
    ADC1_IRQHandler                          0x00000277   Thumb Code     0  startup_mspm0g350x_uvision.o(.text)
    AES_IRQHandler                           0x00000277   Thumb Code     0  startup_mspm0g350x_uvision.o(.text)
    CANFD0_IRQHandler                        0x00000277   Thumb Code     0  startup_mspm0g350x_uvision.o(.text)
    DAC0_IRQHandler                          0x00000277   Thumb Code     0  startup_mspm0g350x_uvision.o(.text)
    DMA_IRQHandler                           0x00000277   Thumb Code     0  startup_mspm0g350x_uvision.o(.text)
    Default_Handler                          0x00000277   Thumb Code     2  startup_mspm0g350x_uvision.o(.text)
    GROUP0_IRQHandler                        0x00000277   Thumb Code     0  startup_mspm0g350x_uvision.o(.text)
    I2C0_IRQHandler                          0x00000277   Thumb Code     0  startup_mspm0g350x_uvision.o(.text)
    I2C1_IRQHandler                          0x00000277   Thumb Code     0  startup_mspm0g350x_uvision.o(.text)
    RTC_IRQHandler                           0x00000277   Thumb Code     0  startup_mspm0g350x_uvision.o(.text)
    SPI0_IRQHandler                          0x00000277   Thumb Code     0  startup_mspm0g350x_uvision.o(.text)
    SPI1_IRQHandler                          0x00000277   Thumb Code     0  startup_mspm0g350x_uvision.o(.text)
    TIMA0_IRQHandler                         0x00000277   Thumb Code     0  startup_mspm0g350x_uvision.o(.text)
    TIMG0_IRQHandler                         0x00000277   Thumb Code     0  startup_mspm0g350x_uvision.o(.text)
    TIMG12_IRQHandler                        0x00000277   Thumb Code     0  startup_mspm0g350x_uvision.o(.text)
    TIMG6_IRQHandler                         0x00000277   Thumb Code     0  startup_mspm0g350x_uvision.o(.text)
    TIMG7_IRQHandler                         0x00000277   Thumb Code     0  startup_mspm0g350x_uvision.o(.text)
    UART2_IRQHandler                         0x00000277   Thumb Code     0  startup_mspm0g350x_uvision.o(.text)
    __user_initial_stackheap                 0x00000279   Thumb Code    10  startup_mspm0g350x_uvision.o(.text)
    vsprintf                                 0x00000295   Thumb Code    32  vsprintf.o(.text)
    __aeabi_uidivmod                         0x000002b9   Thumb Code    28  aeabi_sdivfast.o(.text)
    __aeabi_idivmod                          0x000002d5   Thumb Code   472  aeabi_sdivfast.o(.text)
    __use_two_region_memory                  0x000004b1   Thumb Code     2  heapauxi.o(.text)
    __rt_heap_escrow$2region                 0x000004b3   Thumb Code     2  heapauxi.o(.text)
    __rt_heap_expand$2region                 0x000004b5   Thumb Code     2  heapauxi.o(.text)
    __aeabi_d2f                              0x000004b9   Thumb Code     0  d2f.o(.text)
    _d2f                                     0x000004b9   Thumb Code   120  d2f.o(.text)
    __aeabi_dadd                             0x0000082d   Thumb Code     0  daddsub.o(.text)
    _dadd                                    0x0000082d   Thumb Code    26  daddsub.o(.text)
    __aeabi_dsub                             0x00000847   Thumb Code     0  daddsub.o(.text)
    _dsub                                    0x00000847   Thumb Code    22  daddsub.o(.text)
    __aeabi_drsub                            0x0000085d   Thumb Code     0  daddsub.o(.text)
    _drsb                                    0x0000085d   Thumb Code    28  daddsub.o(.text)
    __aeabi_d2iz                             0x0000088d   Thumb Code     0  dfixi.o(.text)
    _dfix                                    0x0000088d   Thumb Code    98  dfixi.o(.text)
    __aeabi_i2d_normalise                    0x000008f9   Thumb Code    66  dflti.o(.text)
    __aeabi_i2d                              0x0000093b   Thumb Code    16  dflti.o(.text)
    _dflt                                    0x0000093b   Thumb Code     0  dflti.o(.text)
    __aeabi_ui2d                             0x0000094b   Thumb Code     6  dflti.o(.text)
    _dfltu                                   0x0000094b   Thumb Code     0  dflti.o(.text)
    __aeabi_dmul                             0x00000951   Thumb Code     0  dmul.o(.text)
    _dmul                                    0x00000951   Thumb Code   558  dmul.o(.text)
    __aeabi_f2iz                             0x00000b99   Thumb Code     0  ffixi.o(.text)
    _ffix                                    0x00000b99   Thumb Code    76  ffixi.o(.text)
    _printf_pre_padding                      0x00000be5   Thumb Code    44  _printf_pad.o(.text)
    _printf_post_padding                     0x00000c11   Thumb Code    34  _printf_pad.o(.text)
    _printf_truncate_signed                  0x00000c33   Thumb Code    18  _printf_truncate.o(.text)
    _printf_truncate_unsigned                0x00000c45   Thumb Code    18  _printf_truncate.o(.text)
    _printf_str                              0x00000c57   Thumb Code    82  _printf_str.o(.text)
    _printf_int_dec                          0x00000ca9   Thumb Code    90  _printf_dec.o(.text)
    _printf_charcount                        0x00000d15   Thumb Code    38  _printf_charcount.o(.text)
    _printf_char_common                      0x00000d47   Thumb Code    32  _printf_char_common.o(.text)
    _sputc                                   0x00000d6d   Thumb Code    10  _sputc.o(.text)
    _printf_wctomb                           0x00000d79   Thumb Code   182  _printf_wctomb.o(.text)
    _printf_longlong_dec                     0x00000e35   Thumb Code    94  _printf_longlong_dec.o(.text)
    _printf_longlong_oct                     0x00000ea5   Thumb Code    68  _printf_oct_int_ll.o(.text)
    _printf_int_oct                          0x00000ee9   Thumb Code    24  _printf_oct_int_ll.o(.text)
    _printf_ll_oct                           0x00000f01   Thumb Code    10  _printf_oct_int_ll.o(.text)
    _printf_longlong_hex                     0x00000f15   Thumb Code    88  _printf_hex_int_ll_ptr.o(.text)
    _printf_int_hex                          0x00000f6d   Thumb Code    28  _printf_hex_int_ll_ptr.o(.text)
    _printf_ll_hex                           0x00000f89   Thumb Code    10  _printf_hex_int_ll_ptr.o(.text)
    _printf_hex_ptr                          0x00000f93   Thumb Code    22  _printf_hex_int_ll_ptr.o(.text)
    __printf                                 0x00000fad   Thumb Code   386  __printf_flags_ss_wp.o(.text)
    _ll_udiv10                               0x00001135   Thumb Code   122  lludiv10.o(.text)
    _printf_int_common                       0x000011af   Thumb Code   176  _printf_intcommon.o(.text)
    _printf_fp_dec_real                      0x000013fd   Thumb Code   620  _printf_fp_dec.o(.text)
    _printf_fp_hex_real                      0x00001675   Thumb Code   718  _printf_fp_hex.o(.text)
    _printf_cs_common                        0x0000194d   Thumb Code    22  _printf_char.o(.text)
    _printf_char                             0x00001963   Thumb Code    16  _printf_char.o(.text)
    _printf_string                           0x00001973   Thumb Code     8  _printf_char.o(.text)
    _printf_lcs_common                       0x0000197b   Thumb Code    22  _printf_wchar.o(.text)
    _printf_wchar                            0x00001991   Thumb Code    16  _printf_wchar.o(.text)
    _printf_wstring                          0x000019a1   Thumb Code     8  _printf_wchar.o(.text)
    _c16rtomb                                0x000019a9   Thumb Code    66  _c16rtomb.o(.text)
    _wcrtomb                                 0x000019a9   Thumb Code     0  _c16rtomb.o(.text)
    __rt_udiv10                              0x000019eb   Thumb Code    40  rtudiv10.o(.text)
    __fpl_dcmp_InfNaN                        0x00001a15   Thumb Code   154  dcmpin.o(.text)
    __fpl_fcmp_InfNaN                        0x00001ab5   Thumb Code    96  fcmpin.o(.text)
    __user_setup_stackheap                   0x00001b19   Thumb Code    62  sys_stackheap_outer.o(.text)
    __rt_ctype_table                         0x00001b59   Thumb Code    16  rt_ctype_table.o(.text)
    __rt_locale                              0x00001b69   Thumb Code     8  rt_locale_intlibspace.o(.text)
    _printf_fp_infnan                        0x00001b71   Thumb Code   120  _printf_fp_infnan.o(.text)
    _btod_etento                             0x00001bf9   Thumb Code   210  bigflt0.o(.text)
    _btod_d2e                                0x00001cd1   Thumb Code    64  btod.o(.text)
    _btod_emul                               0x00002105   Thumb Code    28  btod.o(.text)
    _btod_emuld                              0x00002121   Thumb Code   144  btod.o(.text)
    _btod_ediv                               0x000021b1   Thumb Code    26  btod.o(.text)
    _btod_edivd                              0x000021cb   Thumb Code   124  btod.o(.text)
    exit                                     0x00002251   Thumb Code    16  exit.o(.text)
    __fpl_cmpreturn                          0x00002261   Thumb Code    46  cmpret.o(.text)
    __fpl_dcheck_NaN2                        0x00002291   Thumb Code    14  dnan2.o(.text)
    __fpl_fcheck_NaN2                        0x000022a5   Thumb Code    10  fnan2.o(.text)
    __user_libspace                          0x000022b5   Thumb Code     8  libspace.o(.text)
    __user_perproc_libspace                  0x000022b5   Thumb Code     0  libspace.o(.text)
    __user_perthread_libspace                0x000022b5   Thumb Code     0  libspace.o(.text)
    strcmp                                   0x000022bd   Thumb Code   176  strcmpv6m.o(.text)
    __fpl_return_NaN                         0x0000236d   Thumb Code    94  retnan.o(.text)
    _sys_exit                                0x000023cd   Thumb Code     8  sys_exit.o(.text)
    __I$use$semihosting                      0x000023d9   Thumb Code     0  use_no_semi.o(.text)
    __use_no_semihosting_swi                 0x000023d9   Thumb Code     2  use_no_semi.o(.text)
    __decompress                             0x000023db   Thumb Code     0  __dczerorl.o(.text)
    __decompress0                            0x000023db   Thumb Code    58  __dczerorl.o(.text)
    __semihosting_library_function           0x000023db   Thumb Code     0  indicate_semi.o(.text)
    Buzzer_Beep                              0x00002415   Thumb Code     8  buzzer.o(.text.Buzzer_Beep)
    Buzzer_on                                0x0000241d   Thumb Code    28  buzzer.o(.text.Buzzer_on)
    Chassis_Init                             0x00002439   Thumb Code    36  chassis.o(.text.Chassis_Init)
    Chassis_setSpeed                         0x00002465   Thumb Code    12  chassis.o(.text.Chassis_setSpeed)
    DL_Common_delayCycles                    0x00002475   Thumb Code    10  dl_common.o(.text.DL_Common_delayCycles)
    DL_Timer_initFourCCPWMMode               0x00002481   Thumb Code   264  dl_timer.o(.text.DL_Timer_initFourCCPWMMode)
    DL_Timer_initTimerMode                   0x00002589   Thumb Code   240  dl_timer.o(.text.DL_Timer_initTimerMode)
    DL_Timer_setCaptCompUpdateMethod         0x00002679   Thumb Code    28  dl_timer.o(.text.DL_Timer_setCaptCompUpdateMethod)
    DL_Timer_setCaptureCompareOutCtl         0x00002695   Thumb Code    24  dl_timer.o(.text.DL_Timer_setCaptureCompareOutCtl)
    DL_Timer_setCaptureCompareValue          0x000026ad   Thumb Code    16  dl_timer.o(.text.DL_Timer_setCaptureCompareValue)
    DL_Timer_setClockConfig                  0x000026bd   Thumb Code    28  dl_timer.o(.text.DL_Timer_setClockConfig)
    DL_UART_init                             0x000026d9   Thumb Code    72  dl_uart.o(.text.DL_UART_init)
    DL_UART_setClockConfig                   0x00002721   Thumb Code    18  dl_uart.o(.text.DL_UART_setClockConfig)
    GROUP1_IRQHandler                        0x00002735   Thumb Code    64  encoder.o(.text.GROUP1_IRQHandler)
    Gray_CalError                            0x0000277d   Thumb Code    68  gray.o(.text.Gray_CalError)
    Gray_DetectStartLine                     0x000027c9   Thumb Code    24  gray.o(.text.Gray_DetectStartLine)
    Gray_Read                                0x000027e1   Thumb Code    48  gray.o(.text.Gray_Read)
    HWT101_Get_Data_Pointer                  0x00002815   Thumb Code     4  hwt101.o(.text.HWT101_Get_Data_Pointer)
    HWT101_Init                              0x00002819   Thumb Code    20  hwt101.o(.text.HWT101_Init)
    Key_Init                                 0x00002839   Thumb Code    24  key.o(.text.Key_Init)
    Key_IsClicked                            0x00002851   Thumb Code    32  key.o(.text.Key_IsClicked)
    Key_IsHold                               0x00002871   Thumb Code    32  key.o(.text.Key_IsHold)
    Key_IsPressed                            0x00002891   Thumb Code    24  key.o(.text.Key_IsPressed)
    Key_Scan                                 0x000028a9   Thumb Code   240  key.o(.text.Key_Scan)
    LED1_On                                  0x000029a9   Thumb Code    12  led.o(.text.LED1_On)
    LED2_On                                  0x000029b5   Thumb Code    12  led.o(.text.LED2_On)
    LED3_On                                  0x000029c1   Thumb Code    12  led.o(.text.LED3_On)
    Limit_Range                              0x000029d1   Thumb Code    26  max_min.o(.text.Limit_Range)
    Motor_Get_Speed_Pointer                  0x000029ed   Thumb Code     4  motordk.o(.text.Motor_Get_Speed_Pointer)
    OLED_DrawBMP_logo                        0x000029f5   Thumb Code   200  oled.o(.text.OLED_DrawBMP_logo)
    OLED_Init                                0x00002be9   Thumb Code  5038  oled.o(.text.OLED_Init)
    OLED_Printf                              0x00003f99   Thumb Code   412  oled.o(.text.OLED_Printf)
    OLED_Refresh_GRAM                        0x00004145   Thumb Code   544  oled.o(.text.OLED_Refresh_GRAM)
    OLED_Set_Printfmt                        0x000044e5   Thumb Code    40  oled.o(.text.OLED_Set_Printfmt)
    OLED_ShowChar                            0x00004511   Thumb Code   404  oled.o(.text.OLED_ShowChar)
    SYSCFG_DL_GPIO_init                      0x000046b9   Thumb Code   192  ti_msp_dl_config.o(.text.SYSCFG_DL_GPIO_init)
    SYSCFG_DL_PWM_MotorL_init                0x000047a9   Thumb Code   120  ti_msp_dl_config.o(.text.SYSCFG_DL_PWM_MotorL_init)
    SYSCFG_DL_PWM_MotorR_init                0x00004835   Thumb Code   120  ti_msp_dl_config.o(.text.SYSCFG_DL_PWM_MotorR_init)
    SYSCFG_DL_SYSCTL_init                    0x000048c5   Thumb Code    64  ti_msp_dl_config.o(.text.SYSCFG_DL_SYSCTL_init)
    SYSCFG_DL_SYSTICK_init                   0x0000490d   Thumb Code    36  ti_msp_dl_config.o(.text.SYSCFG_DL_SYSTICK_init)
    SYSCFG_DL_TIMER_classic_init             0x0000493d   Thumb Code    48  ti_msp_dl_config.o(.text.SYSCFG_DL_TIMER_classic_init)
    SYSCFG_DL_TIMER_gimbal_init              0x00004985   Thumb Code    36  ti_msp_dl_config.o(.text.SYSCFG_DL_TIMER_gimbal_init)
    SYSCFG_DL_UART_0_init                    0x000049bd   Thumb Code    88  ti_msp_dl_config.o(.text.SYSCFG_DL_UART_0_init)
    SYSCFG_DL_UART_1_init                    0x00004a29   Thumb Code    88  ti_msp_dl_config.o(.text.SYSCFG_DL_UART_1_init)
    SYSCFG_DL_UART_2_init                    0x00004a95   Thumb Code    88  ti_msp_dl_config.o(.text.SYSCFG_DL_UART_2_init)
    SYSCFG_DL_init                           0x00004b05   Thumb Code    68  ti_msp_dl_config.o(.text.SYSCFG_DL_init)
    SYSCFG_DL_initPower                      0x00004b55   Thumb Code    80  ti_msp_dl_config.o(.text.SYSCFG_DL_initPower)
    SysTick_Handler                          0x00004bd1   Thumb Code    16  time.o(.text.SysTick_Handler)
    TIMA1_IRQHandler                         0x00004be5   Thumb Code    96  gimbal.o(.text.TIMA1_IRQHandler)
    TIMER_Init                               0x00004c51   Thumb Code    12  timer.o(.text.TIMER_Init)
    TIMG8_IRQHandler                         0x00004c65   Thumb Code    68  chassis.o(.text.TIMG8_IRQHandler)
    Task1                                    0x00004cb1   Thumb Code   232  task.o(.text.Task1)
    Task_Choose                              0x00004dad   Thumb Code   508  task.o(.text.Task_Choose)
    Task_Init                                0x00004fd1   Thumb Code   332  task.o(.text.Task_Init)
    Tracking_PID_Init                        0x00005139   Thumb Code    44  tracking.o(.text.Tracking_PID_Init)
    Tracking_Update                          0x00005171   Thumb Code    92  tracking.o(.text.Tracking_Update)
    UART0_IRQHandler                         0x000051d5   Thumb Code    28  vision.o(.text.UART0_IRQHandler)
    UART1_IRQHandler                         0x000051fd   Thumb Code    20  empty.o(.text.UART1_IRQHandler)
    UART3_IRQHandler                         0x0000521d   Thumb Code     8  hwt101.o(.text.UART3_IRQHandler)
    ZDT_a_angle_absolute                     0x00005229   Thumb Code   556  zdt_drive.o(.text.ZDT_a_angle_absolute)
    ZDT_init                                 0x00005481   Thumb Code   180  zdt_drive.o(.text.ZDT_init)
    delay_ms                                 0x00005539   Thumb Code    32  time.o(.text.delay_ms)
    encoder_init                             0x0000555d   Thumb Code    16  encoder.o(.text.encoder_init)
    get_YAW_Angle                            0x0000556d   Thumb Code    20  chassis.o(.text.get_YAW_Angle)
    gimbal_init                              0x00005585   Thumb Code    76  gimbal.o(.text.gimbal_init)
    gimbal_set_position                      0x000055d9   Thumb Code   232  gimbal.o(.text.gimbal_set_position)
    main                                     0x000056ed   Thumb Code    84  empty.o(.text.main)
    motor_init                               0x0000574d   Thumb Code    12  motordk.o(.text.motor_init)
    motor_setSpeed                           0x00005759   Thumb Code   152  motordk.o(.text.motor_setSpeed)
    pid_calc                                 0x000057fd   Thumb Code   264  pid.o(.text.pid_calc)
    pid_init                                 0x00005905   Thumb Code    52  pid.o(.text.pid_init)
    vision_get_data                          0x00005939   Thumb Code     4  vision.o(.text.vision_get_data)
    vision_init                              0x0000593d   Thumb Code    24  vision.o(.text.vision_init)
    vision_receive_handler                   0x0000595d   Thumb Code   164  vision.o(.text.vision_receive_handler)
    __aeabi_uidiv                            0x00005a11   Thumb Code    68  aeabi_sdivfast.o(.text_divfast)
    __aeabi_idiv                             0x00005a55   Thumb Code   434  aeabi_sdivfast.o(.text_divfast)
    __ARM_common_ll_muluu                    0x00005c07   Thumb Code    48  btod.o(i.__ARM_common_ll_muluu)
    __ARM_fpclassify                         0x00005c39   Thumb Code    40  fpclassify.o(i.__ARM_fpclassify)
    __aeabi_dcmpge                           0x00005c65   Thumb Code     0  dcmp.o(i._dgeq)
    _dgeq                                    0x00005c65   Thumb Code    22  dcmp.o(i._dgeq)
    __aeabi_dcmpgt                           0x00005c7b   Thumb Code     0  dcmp.o(i._dgr)
    _dgr                                     0x00005c7b   Thumb Code    22  dcmp.o(i._dgr)
    __aeabi_fcmplt                           0x00005c91   Thumb Code     0  fcmp.o(i._fls)
    _fls                                     0x00005c91   Thumb Code    22  fcmp.o(i._fls)
    _is_digit                                0x00005ca7   Thumb Code    14  __printf_wp.o(i._is_digit)
    _get_lc_numeric                          0x00005cb5   Thumb Code    44  lc_numeric_c.o(locale$$code)
    _get_lc_ctype                            0x00005ce1   Thumb Code    44  lc_ctype_c.o(locale$$code)
    _dcmpge                                  0x00005d0d   Thumb Code    94  dgef.o(x$fpl$dgeqf)
    __aeabi_fadd                             0x00005d71   Thumb Code     0  faddsub.o(x$fpl$fadd)
    _fadd                                    0x00005d71   Thumb Code   134  faddsub.o(x$fpl$fadd)
    __aeabi_cfcmple                          0x00005dfd   Thumb Code     0  flef.o(x$fpl$fleqf)
    _fcmple                                  0x00005dfd   Thumb Code    78  flef.o(x$fpl$fleqf)
    __aeabi_fsub                             0x00005e51   Thumb Code     0  faddsub.o(x$fpl$fsub)
    _fsub                                    0x00005e51   Thumb Code   204  faddsub.o(x$fpl$fsub)
    _printf_fp_dec                           0x00005f21   Thumb Code    16  printf1.o(x$fpl$printf1)
    _printf_fp_hex                           0x00005f31   Thumb Code    16  printf2.o(x$fpl$printf2)
    __I$use$fp                               0x00005f40   Number         0  usenofp.o(x$fpl$usenofp)
    ASCII_1206                               0x0000603c   Data        1140  oled.o(.rodata.ASCII_1206)
    ASCII_1608                               0x000064b0   Data        1520  oled.o(.rodata.ASCII_1608)
    ASCII_2412                               0x00006aa0   Data        3420  oled.o(.rodata.ASCII_2412)
    Region$$Table$$Base                      0x00007888   Number         0  anon$$obj.o(Region$$Table)
    Region$$Table$$Limit                     0x000078a8   Number         0  anon$$obj.o(Region$$Table)
    __ctype                                  0x000078d1   Data           0  lc_ctype_c.o(locale$$data)
    bmp_logo                                 0x20200008   Data         512  oled.o(.data.bmp_logo)
    __libspace_start                         0x20200208   Data          96  libspace.o(.bss)
    Gray_data                                0x20200268   Data           5  gray.o(.bss.Gray_data)
    __temporary_stack_top$libspace           0x20200268   Data           0  libspace.o(.bss)
    MotorSpeed                               0x2020026d   Data           2  motordk.o(.bss.MotorSpeed)
    OLED_GRAM                                0x2020036f   Data        1024  oled.o(.bss.OLED_GRAM)
    OLED_STATUS                              0x20200770   Data           4  oled.o(.bss.OLED_STATUS)
    Tracking_Error                           0x20200788   Data           8  tracking.o(.bss.Tracking_Error)
    chassis                                  0x20200798   Data          32  chassis.o(.bss.chassis)
    delay_times                              0x202007b8   Data           4  time.o(.bss.delay_times)
    gPWM_MotorRBackup                        0x202007bc   Data         160  ti_msp_dl_config.o(.bss.gPWM_MotorRBackup)
    gTIMER_gimbalBackup                      0x2020085c   Data         188  ti_msp_dl_config.o(.bss.gTIMER_gimbalBackup)
    gUART_2Backup                            0x20200918   Data          48  ti_msp_dl_config.o(.bss.gUART_2Backup)
    gimbal                                   0x20200948   Data          40  gimbal.o(.bss.gimbal)
    hwt101_data                              0x20200970   Data           8  hwt101.o(.bss.hwt101_data)
    keys                                     0x20200978   Data          32  key.o(.bss.keys)
    new_pitch                                0x202009b0   Data           4  gimbal.o(.bss.new_pitch)
    new_yaw                                  0x202009b4   Data           4  gimbal.o(.bss.new_yaw)
    task                                     0x20200a20   Data          16  task.o(.bss.task)
    uart0_data                               0x20200a30   Data           1  vision.o(.bss.uart0_data)
    uart1_data                               0x20200a31   Data           1  empty.o(.bss.uart1_data)
    vision_data                              0x20200a32   Data           6  vision.o(.bss.vision_data)



==============================================================================

Memory Map of the image

  Image Entry point : 0x000000c1

  Load Region LR_IROM1 (Base: 0x00000000, Size: 0x00007be0, Max: 0x00020000, ABSOLUTE, COMPRESSED[0x00007ac8])

    Execution Region ER_IROM1 (Exec base: 0x00000000, Load base: 0x00000000, Size: 0x000079d4, Max: 0x00020000, ABSOLUTE)

    Exec Addr    Load Addr    Size         Type   Attr      Idx    E Section Name        Object

    0x00000000   0x00000000   0x000000c0   Data   RO           16    RESET               startup_mspm0g350x_uvision.o
    0x000000c0   0x000000c0   0x00000008   Code   RO          664  * !!!main             c_p.l(__main.o)
    0x000000c8   0x000000c8   0x00000054   Code   RO         1069    !!!scatter          c_p.l(__scatter.o)
    0x0000011c   0x0000011c   0x00000004   PAD
    0x00000120   0x00000120   0x00000002   Code   RO         1070    !!handler_null      c_p.l(__scatter.o)
    0x00000122   0x00000122   0x00000006   PAD
    0x00000128   0x00000128   0x0000001c   Code   RO         1073    !!handler_zi        c_p.l(__scatter_zi.o)
    0x00000144   0x00000144   0x00000002   Code   RO          798    .ARM.Collect$$_printf_percent$$00000000  c_p.l(_printf_percent.o)
    0x00000146   0x00000146   0x0000000a   Code   RO          787    .ARM.Collect$$_printf_percent$$00000001  c_p.l(_printf_n.o)
    0x00000150   0x00000150   0x0000000a   Code   RO          789    .ARM.Collect$$_printf_percent$$00000002  c_p.l(_printf_p.o)
    0x0000015a   0x0000015a   0x0000000a   Code   RO          794    .ARM.Collect$$_printf_percent$$00000003  c_p.l(_printf_f.o)
    0x00000164   0x00000164   0x0000000a   Code   RO          795    .ARM.Collect$$_printf_percent$$00000004  c_p.l(_printf_e.o)
    0x0000016e   0x0000016e   0x0000000a   Code   RO          796    .ARM.Collect$$_printf_percent$$00000005  c_p.l(_printf_g.o)
    0x00000178   0x00000178   0x0000000a   Code   RO          797    .ARM.Collect$$_printf_percent$$00000006  c_p.l(_printf_a.o)
    0x00000182   0x00000182   0x0000000a   Code   RO          802    .ARM.Collect$$_printf_percent$$00000007  c_p.l(_printf_ll.o)
    0x0000018c   0x0000018c   0x0000000a   Code   RO          791    .ARM.Collect$$_printf_percent$$00000008  c_p.l(_printf_i.o)
    0x00000196   0x00000196   0x0000000a   Code   RO          792    .ARM.Collect$$_printf_percent$$00000009  c_p.l(_printf_d.o)
    0x000001a0   0x000001a0   0x0000000a   Code   RO          793    .ARM.Collect$$_printf_percent$$0000000A  c_p.l(_printf_u.o)
    0x000001aa   0x000001aa   0x0000000a   Code   RO          790    .ARM.Collect$$_printf_percent$$0000000B  c_p.l(_printf_o.o)
    0x000001b4   0x000001b4   0x0000000a   Code   RO          788    .ARM.Collect$$_printf_percent$$0000000C  c_p.l(_printf_x.o)
    0x000001be   0x000001be   0x0000000a   Code   RO          799    .ARM.Collect$$_printf_percent$$0000000D  c_p.l(_printf_lli.o)
    0x000001c8   0x000001c8   0x0000000a   Code   RO          800    .ARM.Collect$$_printf_percent$$0000000E  c_p.l(_printf_lld.o)
    0x000001d2   0x000001d2   0x0000000a   Code   RO          801    .ARM.Collect$$_printf_percent$$0000000F  c_p.l(_printf_llu.o)
    0x000001dc   0x000001dc   0x0000000a   Code   RO          806    .ARM.Collect$$_printf_percent$$00000010  c_p.l(_printf_llo.o)
    0x000001e6   0x000001e6   0x0000000a   Code   RO          807    .ARM.Collect$$_printf_percent$$00000011  c_p.l(_printf_llx.o)
    0x000001f0   0x000001f0   0x0000000a   Code   RO          803    .ARM.Collect$$_printf_percent$$00000012  c_p.l(_printf_l.o)
    0x000001fa   0x000001fa   0x0000000a   Code   RO          785    .ARM.Collect$$_printf_percent$$00000013  c_p.l(_printf_c.o)
    0x00000204   0x00000204   0x0000000a   Code   RO          786    .ARM.Collect$$_printf_percent$$00000014  c_p.l(_printf_s.o)
    0x0000020e   0x0000020e   0x0000000a   Code   RO          804    .ARM.Collect$$_printf_percent$$00000015  c_p.l(_printf_lc.o)
    0x00000218   0x00000218   0x0000000a   Code   RO          805    .ARM.Collect$$_printf_percent$$00000016  c_p.l(_printf_ls.o)
    0x00000222   0x00000222   0x00000004   Code   RO          863    .ARM.Collect$$_printf_percent$$00000017  c_p.l(_printf_percent_end.o)
    0x00000226   0x00000226   0x00000002   Code   RO          907    .ARM.Collect$$libinit$$00000000  c_p.l(libinit.o)
    0x00000228   0x00000228   0x00000000   Code   RO          938    .ARM.Collect$$libinit$$00000002  c_p.l(libinit2.o)
    0x00000228   0x00000228   0x00000000   Code   RO          940    .ARM.Collect$$libinit$$00000004  c_p.l(libinit2.o)
    0x00000228   0x00000228   0x00000000   Code   RO          942    .ARM.Collect$$libinit$$00000006  c_p.l(libinit2.o)
    0x00000228   0x00000228   0x00000000   Code   RO          945    .ARM.Collect$$libinit$$0000000C  c_p.l(libinit2.o)
    0x00000228   0x00000228   0x00000000   Code   RO          947    .ARM.Collect$$libinit$$0000000E  c_p.l(libinit2.o)
    0x00000228   0x00000228   0x00000000   Code   RO          949    .ARM.Collect$$libinit$$00000010  c_p.l(libinit2.o)
    0x00000228   0x00000228   0x00000006   Code   RO          950    .ARM.Collect$$libinit$$00000011  c_p.l(libinit2.o)
    0x0000022e   0x0000022e   0x00000000   Code   RO          952    .ARM.Collect$$libinit$$00000013  c_p.l(libinit2.o)
    0x0000022e   0x0000022e   0x0000000c   Code   RO          953    .ARM.Collect$$libinit$$00000014  c_p.l(libinit2.o)
    0x0000023a   0x0000023a   0x00000000   Code   RO          954    .ARM.Collect$$libinit$$00000015  c_p.l(libinit2.o)
    0x0000023a   0x0000023a   0x00000000   Code   RO          956    .ARM.Collect$$libinit$$00000017  c_p.l(libinit2.o)
    0x0000023a   0x0000023a   0x0000000a   Code   RO          957    .ARM.Collect$$libinit$$00000018  c_p.l(libinit2.o)
    0x00000244   0x00000244   0x00000000   Code   RO          958    .ARM.Collect$$libinit$$00000019  c_p.l(libinit2.o)
    0x00000244   0x00000244   0x00000000   Code   RO          960    .ARM.Collect$$libinit$$0000001B  c_p.l(libinit2.o)
    0x00000244   0x00000244   0x00000000   Code   RO          962    .ARM.Collect$$libinit$$0000001D  c_p.l(libinit2.o)
    0x00000244   0x00000244   0x00000000   Code   RO          964    .ARM.Collect$$libinit$$0000001F  c_p.l(libinit2.o)
    0x00000244   0x00000244   0x00000000   Code   RO          966    .ARM.Collect$$libinit$$00000021  c_p.l(libinit2.o)
    0x00000244   0x00000244   0x00000000   Code   RO          968    .ARM.Collect$$libinit$$00000023  c_p.l(libinit2.o)
    0x00000244   0x00000244   0x00000000   Code   RO          970    .ARM.Collect$$libinit$$00000025  c_p.l(libinit2.o)
    0x00000244   0x00000244   0x00000000   Code   RO          972    .ARM.Collect$$libinit$$00000027  c_p.l(libinit2.o)
    0x00000244   0x00000244   0x00000000   Code   RO          976    .ARM.Collect$$libinit$$0000002E  c_p.l(libinit2.o)
    0x00000244   0x00000244   0x00000000   Code   RO          978    .ARM.Collect$$libinit$$00000030  c_p.l(libinit2.o)
    0x00000244   0x00000244   0x00000000   Code   RO          980    .ARM.Collect$$libinit$$00000032  c_p.l(libinit2.o)
    0x00000244   0x00000244   0x00000000   Code   RO          982    .ARM.Collect$$libinit$$00000034  c_p.l(libinit2.o)
    0x00000244   0x00000244   0x00000002   Code   RO          983    .ARM.Collect$$libinit$$00000035  c_p.l(libinit2.o)
    0x00000246   0x00000246   0x00000002   Code   RO         1022    .ARM.Collect$$libshutdown$$00000000  c_p.l(libshutdown.o)
    0x00000248   0x00000248   0x00000000   Code   RO         1050    .ARM.Collect$$libshutdown$$00000002  c_p.l(libshutdown2.o)
    0x00000248   0x00000248   0x00000000   Code   RO         1052    .ARM.Collect$$libshutdown$$00000004  c_p.l(libshutdown2.o)
    0x00000248   0x00000248   0x00000000   Code   RO         1055    .ARM.Collect$$libshutdown$$00000007  c_p.l(libshutdown2.o)
    0x00000248   0x00000248   0x00000000   Code   RO         1058    .ARM.Collect$$libshutdown$$0000000A  c_p.l(libshutdown2.o)
    0x00000248   0x00000248   0x00000000   Code   RO         1060    .ARM.Collect$$libshutdown$$0000000C  c_p.l(libshutdown2.o)
    0x00000248   0x00000248   0x00000000   Code   RO         1063    .ARM.Collect$$libshutdown$$0000000F  c_p.l(libshutdown2.o)
    0x00000248   0x00000248   0x00000002   Code   RO         1064    .ARM.Collect$$libshutdown$$00000010  c_p.l(libshutdown2.o)
    0x0000024a   0x0000024a   0x00000000   Code   RO          712    .ARM.Collect$$rtentry$$00000000  c_p.l(__rtentry.o)
    0x0000024a   0x0000024a   0x00000000   Code   RO          830    .ARM.Collect$$rtentry$$00000002  c_p.l(__rtentry2.o)
    0x0000024a   0x0000024a   0x00000006   Code   RO          842    .ARM.Collect$$rtentry$$00000004  c_p.l(__rtentry4.o)
    0x00000250   0x00000250   0x00000000   Code   RO          832    .ARM.Collect$$rtentry$$00000009  c_p.l(__rtentry2.o)
    0x00000250   0x00000250   0x00000004   Code   RO          833    .ARM.Collect$$rtentry$$0000000A  c_p.l(__rtentry2.o)
    0x00000254   0x00000254   0x00000000   Code   RO          835    .ARM.Collect$$rtentry$$0000000C  c_p.l(__rtentry2.o)
    0x00000254   0x00000254   0x00000008   Code   RO          836    .ARM.Collect$$rtentry$$0000000D  c_p.l(__rtentry2.o)
    0x0000025c   0x0000025c   0x00000002   Code   RO          922    .ARM.Collect$$rtexit$$00000000  c_p.l(rtexit.o)
    0x0000025e   0x0000025e   0x00000000   Code   RO          991    .ARM.Collect$$rtexit$$00000002  c_p.l(rtexit2.o)
    0x0000025e   0x0000025e   0x00000004   Code   RO          992    .ARM.Collect$$rtexit$$00000003  c_p.l(rtexit2.o)
    0x00000262   0x00000262   0x00000006   Code   RO          993    .ARM.Collect$$rtexit$$00000004  c_p.l(rtexit2.o)
    0x00000268   0x00000268   0x0000002c   Code   RO           17    .text               startup_mspm0g350x_uvision.o
    0x00000294   0x00000294   0x00000024   Code   RO          652    .text               c_p.l(vsprintf.o)
    0x000002b8   0x000002b8   0x000001f8   Code   RO          654    .text               c_p.l(aeabi_sdivfast.o)
    0x000004b0   0x000004b0   0x00000006   Code   RO          662    .text               c_p.l(heapauxi.o)
    0x000004b6   0x000004b6   0x00000002   PAD
    0x000004b8   0x000004b8   0x0000007c   Code   RO          666    .text               fz_ps.l(d2f.o)
    0x00000534   0x00000534   0x00000358   Code   RO          668    .text               fz_ps.l(daddsub.o)
    0x0000088c   0x0000088c   0x0000006c   Code   RO          682    .text               fz_ps.l(dfixi.o)
    0x000008f8   0x000008f8   0x00000058   Code   RO          684    .text               fz_ps.l(dflti.o)
    0x00000950   0x00000950   0x00000248   Code   RO          686    .text               fz_ps.l(dmul.o)
    0x00000b98   0x00000b98   0x0000004c   Code   RO          706    .text               fz_ps.l(ffixi.o)
    0x00000be4   0x00000be4   0x0000004e   Code   RO          719    .text               c_p.l(_printf_pad.o)
    0x00000c32   0x00000c32   0x00000024   Code   RO          721    .text               c_p.l(_printf_truncate.o)
    0x00000c56   0x00000c56   0x00000052   Code   RO          723    .text               c_p.l(_printf_str.o)
    0x00000ca8   0x00000ca8   0x0000006c   Code   RO          725    .text               c_p.l(_printf_dec.o)
    0x00000d14   0x00000d14   0x00000026   Code   RO          727    .text               c_p.l(_printf_charcount.o)
    0x00000d3a   0x00000d3a   0x00000002   PAD
    0x00000d3c   0x00000d3c   0x00000030   Code   RO          729    .text               c_p.l(_printf_char_common.o)
    0x00000d6c   0x00000d6c   0x0000000a   Code   RO          731    .text               c_p.l(_sputc.o)
    0x00000d76   0x00000d76   0x00000002   PAD
    0x00000d78   0x00000d78   0x000000bc   Code   RO          733    .text               c_p.l(_printf_wctomb.o)
    0x00000e34   0x00000e34   0x00000070   Code   RO          736    .text               c_p.l(_printf_longlong_dec.o)
    0x00000ea4   0x00000ea4   0x00000070   Code   RO          742    .text               c_p.l(_printf_oct_int_ll.o)
    0x00000f14   0x00000f14   0x00000098   Code   RO          762    .text               c_p.l(_printf_hex_int_ll_ptr.o)
    0x00000fac   0x00000fac   0x00000188   Code   RO          782    .text               c_p.l(__printf_flags_ss_wp.o)
    0x00001134   0x00001134   0x0000007a   Code   RO          846    .text               c_p.l(lludiv10.o)
    0x000011ae   0x000011ae   0x000000b0   Code   RO          848    .text               c_p.l(_printf_intcommon.o)
    0x0000125e   0x0000125e   0x00000002   PAD
    0x00001260   0x00001260   0x00000414   Code   RO          850    .text               c_p.l(_printf_fp_dec.o)
    0x00001674   0x00001674   0x000002d8   Code   RO          854    .text               c_p.l(_printf_fp_hex.o)
    0x0000194c   0x0000194c   0x0000002e   Code   RO          859    .text               c_p.l(_printf_char.o)
    0x0000197a   0x0000197a   0x0000002e   Code   RO          861    .text               c_p.l(_printf_wchar.o)
    0x000019a8   0x000019a8   0x00000042   Code   RO          864    .text               c_p.l(_c16rtomb.o)
    0x000019ea   0x000019ea   0x00000028   Code   RO          866    .text               c_p.l(rtudiv10.o)
    0x00001a12   0x00001a12   0x00000002   PAD
    0x00001a14   0x00001a14   0x000000a0   Code   RO          868    .text               fz_ps.l(dcmpin.o)
    0x00001ab4   0x00001ab4   0x00000064   Code   RO          870    .text               fz_ps.l(fcmpin.o)
    0x00001b18   0x00001b18   0x0000003e   Code   RO          872    .text               c_p.l(sys_stackheap_outer.o)
    0x00001b56   0x00001b56   0x00000002   PAD
    0x00001b58   0x00001b58   0x00000010   Code   RO          875    .text               c_p.l(rt_ctype_table.o)
    0x00001b68   0x00001b68   0x00000008   Code   RO          880    .text               c_p.l(rt_locale_intlibspace.o)
    0x00001b70   0x00001b70   0x00000088   Code   RO          882    .text               c_p.l(_printf_fp_infnan.o)
    0x00001bf8   0x00001bf8   0x000000d8   Code   RO          884    .text               c_p.l(bigflt0.o)
    0x00001cd0   0x00001cd0   0x00000580   Code   RO          887    .text               c_p.l(btod.o)
    0x00002250   0x00002250   0x00000010   Code   RO          896    .text               c_p.l(exit.o)
    0x00002260   0x00002260   0x0000002e   Code   RO          908    .text               fz_ps.l(cmpret.o)
    0x0000228e   0x0000228e   0x00000002   PAD
    0x00002290   0x00002290   0x00000014   Code   RO          910    .text               fz_ps.l(dnan2.o)
    0x000022a4   0x000022a4   0x00000010   Code   RO          912    .text               fz_ps.l(fnan2.o)
    0x000022b4   0x000022b4   0x00000008   Code   RO          918    .text               c_p.l(libspace.o)
    0x000022bc   0x000022bc   0x000000b0   Code   RO          935    .text               c_p.l(strcmpv6m.o)
    0x0000236c   0x0000236c   0x0000005e   Code   RO          984    .text               fz_ps.l(retnan.o)
    0x000023ca   0x000023ca   0x00000002   PAD
    0x000023cc   0x000023cc   0x0000000c   Code   RO          986    .text               c_p.l(sys_exit.o)
    0x000023d8   0x000023d8   0x00000002   Code   RO         1011    .text               c_p.l(use_no_semi.o)
    0x000023da   0x000023da   0x00000000   Code   RO         1013    .text               c_p.l(indicate_semi.o)
    0x000023da   0x000023da   0x0000003a   Code   RO         1067    .text               c_p.l(__dczerorl.o)
    0x00002414   0x00002414   0x00000008   Code   RO          451    .text.Buzzer_Beep   buzzer.o
    0x0000241c   0x0000241c   0x0000001c   Code   RO          449    .text.Buzzer_on     buzzer.o
    0x00002438   0x00002438   0x0000002c   Code   RO          276    .text.Chassis_Init  chassis.o
    0x00002464   0x00002464   0x00000010   Code   RO          282    .text.Chassis_setSpeed  chassis.o
    0x00002474   0x00002474   0x0000000a   Code   RO          501    .text.DL_Common_delayCycles  driverlib.a(dl_common.o)
    0x0000247e   0x0000247e   0x00000002   PAD
    0x00002480   0x00002480   0x00000108   Code   RO          590    .text.DL_Timer_initFourCCPWMMode  driverlib.a(dl_timer.o)
    0x00002588   0x00002588   0x000000f0   Code   RO          514    .text.DL_Timer_initTimerMode  driverlib.a(dl_timer.o)
    0x00002678   0x00002678   0x0000001c   Code   RO          556    .text.DL_Timer_setCaptCompUpdateMethod  driverlib.a(dl_timer.o)
    0x00002694   0x00002694   0x00000018   Code   RO          564    .text.DL_Timer_setCaptureCompareOutCtl  driverlib.a(dl_timer.o)
    0x000026ac   0x000026ac   0x00000010   Code   RO          516    .text.DL_Timer_setCaptureCompareValue  driverlib.a(dl_timer.o)
    0x000026bc   0x000026bc   0x0000001c   Code   RO          510    .text.DL_Timer_setClockConfig  driverlib.a(dl_timer.o)
    0x000026d8   0x000026d8   0x00000048   Code   RO          611    .text.DL_UART_init  driverlib.a(dl_uart.o)
    0x00002720   0x00002720   0x00000012   Code   RO          613    .text.DL_UART_setClockConfig  driverlib.a(dl_uart.o)
    0x00002732   0x00002732   0x00000002   PAD
    0x00002734   0x00002734   0x00000048   Code   RO          220    .text.GROUP1_IRQHandler  encoder.o
    0x0000277c   0x0000277c   0x0000004c   Code   RO          233    .text.Gray_CalError  gray.o
    0x000027c8   0x000027c8   0x00000018   Code   RO          235    .text.Gray_DetectStartLine  gray.o
    0x000027e0   0x000027e0   0x00000034   Code   RO          231    .text.Gray_Read     gray.o
    0x00002814   0x00002814   0x00000004   Code   RO          199    .text.HWT101_Get_Data_Pointer  hwt101.o
    0x00002818   0x00002818   0x00000020   Code   RO          193    .text.HWT101_Init   hwt101.o
    0x00002838   0x00002838   0x00000018   Code   RO          356    .text.Key_Init      key.o
    0x00002850   0x00002850   0x00000020   Code   RO          360    .text.Key_IsClicked  key.o
    0x00002870   0x00002870   0x00000020   Code   RO          362    .text.Key_IsHold    key.o
    0x00002890   0x00002890   0x00000018   Code   RO          366    .text.Key_IsPressed  key.o
    0x000028a8   0x000028a8   0x00000100   Code   RO          358    .text.Key_Scan      key.o
    0x000029a8   0x000029a8   0x0000000c   Code   RO          389    .text.LED1_On       led.o
    0x000029b4   0x000029b4   0x0000000c   Code   RO          391    .text.LED2_On       led.o
    0x000029c0   0x000029c0   0x00000010   Code   RO          393    .text.LED3_On       led.o
    0x000029d0   0x000029d0   0x0000001a   Code   RO          469    .text.Limit_Range   max_min.o
    0x000029ea   0x000029ea   0x00000002   PAD
    0x000029ec   0x000029ec   0x00000008   Code   RO          251    .text.Motor_Get_Speed_Pointer  motordk.o
    0x000029f4   0x000029f4   0x000000cc   Code   RO          328    .text.OLED_DrawBMP_logo  oled.o
    0x00002ac0   0x00002ac0   0x00000128   Code   RO          338    .text.OLED_IIC_WriteByte  oled.o
    0x00002be8   0x00002be8   0x000013ae   Code   RO          336    .text.OLED_Init     oled.o
    0x00003f96   0x00003f96   0x00000002   PAD
    0x00003f98   0x00003f98   0x000001ac   Code   RO          316    .text.OLED_Printf   oled.o
    0x00004144   0x00004144   0x00000224   Code   RO          300    .text.OLED_Refresh_GRAM  oled.o
    0x00004368   0x00004368   0x0000017c   Code   RO          326    .text.OLED_Set_Pos  oled.o
    0x000044e4   0x000044e4   0x0000002c   Code   RO          314    .text.OLED_Set_Printfmt  oled.o
    0x00004510   0x00004510   0x000001a8   Code   RO          312    .text.OLED_ShowChar  oled.o
    0x000046b8   0x000046b8   0x000000f0   Code   RO           28    .text.SYSCFG_DL_GPIO_init  ti_msp_dl_config.o
    0x000047a8   0x000047a8   0x0000008c   Code   RO           32    .text.SYSCFG_DL_PWM_MotorL_init  ti_msp_dl_config.o
    0x00004834   0x00004834   0x00000090   Code   RO           34    .text.SYSCFG_DL_PWM_MotorR_init  ti_msp_dl_config.o
    0x000048c4   0x000048c4   0x00000048   Code   RO           30    .text.SYSCFG_DL_SYSCTL_init  ti_msp_dl_config.o
    0x0000490c   0x0000490c   0x00000030   Code   RO           46    .text.SYSCFG_DL_SYSTICK_init  ti_msp_dl_config.o
    0x0000493c   0x0000493c   0x00000048   Code   RO           38    .text.SYSCFG_DL_TIMER_classic_init  ti_msp_dl_config.o
    0x00004984   0x00004984   0x00000038   Code   RO           36    .text.SYSCFG_DL_TIMER_gimbal_init  ti_msp_dl_config.o
    0x000049bc   0x000049bc   0x0000006c   Code   RO           42    .text.SYSCFG_DL_UART_0_init  ti_msp_dl_config.o
    0x00004a28   0x00004a28   0x0000006c   Code   RO           40    .text.SYSCFG_DL_UART_1_init  ti_msp_dl_config.o
    0x00004a94   0x00004a94   0x00000070   Code   RO           44    .text.SYSCFG_DL_UART_2_init  ti_msp_dl_config.o
    0x00004b04   0x00004b04   0x00000050   Code   RO           24    .text.SYSCFG_DL_init  ti_msp_dl_config.o
    0x00004b54   0x00004b54   0x0000007c   Code   RO           26    .text.SYSCFG_DL_initPower  ti_msp_dl_config.o
    0x00004bd0   0x00004bd0   0x00000014   Code   RO          182    .text.SysTick_Handler  time.o
    0x00004be4   0x00004be4   0x0000006c   Code   RO           83    .text.TIMA1_IRQHandler  gimbal.o
    0x00004c50   0x00004c50   0x00000014   Code   RO          492    .text.TIMER_Init    timer.o
    0x00004c64   0x00004c64   0x0000004c   Code   RO          280    .text.TIMG8_IRQHandler  chassis.o
    0x00004cb0   0x00004cb0   0x000000fc   Code   RO          412    .text.Task1         task.o
    0x00004dac   0x00004dac   0x00000224   Code   RO          414    .text.Task_Choose   task.o
    0x00004fd0   0x00004fd0   0x00000168   Code   RO          410    .text.Task_Init     task.o
    0x00005138   0x00005138   0x00000038   Code   RO          261    .text.Tracking_PID_Init  tracking.o
    0x00005170   0x00005170   0x00000064   Code   RO          263    .text.Tracking_Update  tracking.o
    0x000051d4   0x000051d4   0x00000028   Code   RO          153    .text.UART0_IRQHandler  vision.o
    0x000051fc   0x000051fc   0x00000020   Code   RO            4    .text.UART1_IRQHandler  empty.o
    0x0000521c   0x0000521c   0x0000000c   Code   RO          195    .text.UART3_IRQHandler  hwt101.o
    0x00005228   0x00005228   0x00000258   Code   RO          108    .text.ZDT_a_angle_absolute  zdt_drive.o
    0x00005480   0x00005480   0x000000b8   Code   RO           98    .text.ZDT_init      zdt_drive.o
    0x00005538   0x00005538   0x00000024   Code   RO          180    .text.delay_ms      time.o
    0x0000555c   0x0000555c   0x00000010   Code   RO          214    .text.encoder_init  encoder.o
    0x0000556c   0x0000556c   0x00000018   Code   RO          284    .text.get_YAW_Angle  chassis.o
    0x00005584   0x00005584   0x00000054   Code   RO           77    .text.gimbal_init   gimbal.o
    0x000055d8   0x000055d8   0x00000114   Code   RO           79    .text.gimbal_set_position  gimbal.o
    0x000056ec   0x000056ec   0x00000060   Code   RO            2    .text.main          empty.o
    0x0000574c   0x0000574c   0x0000000c   Code   RO          247    .text.motor_init    motordk.o
    0x00005758   0x00005758   0x000000a4   Code   RO          249    .text.motor_setSpeed  motordk.o
    0x000057fc   0x000057fc   0x00000108   Code   RO          481    .text.pid_calc      pid.o
    0x00005904   0x00005904   0x00000034   Code   RO          479    .text.pid_init      pid.o
    0x00005938   0x00005938   0x00000004   Code   RO          165    .text.vision_get_data  vision.o
    0x0000593c   0x0000593c   0x00000020   Code   RO          145    .text.vision_init   vision.o
    0x0000595c   0x0000595c   0x000000b4   Code   RO          155    .text.vision_receive_handler  vision.o
    0x00005a10   0x00005a10   0x000001f6   Code   RO          655    .text_divfast       c_p.l(aeabi_sdivfast.o)
    0x00005c06   0x00005c06   0x00000030   Code   RO          889    i.__ARM_common_ll_muluu  c_p.l(btod.o)
    0x00005c36   0x00005c36   0x00000002   PAD
    0x00005c38   0x00005c38   0x0000002c   Code   RO          916    i.__ARM_fpclassify  m_ps.l(fpclassify.o)
    0x00005c64   0x00005c64   0x00000016   Code   RO          671    i._dgeq             fz_ps.l(dcmp.o)
    0x00005c7a   0x00005c7a   0x00000016   Code   RO          672    i._dgr              fz_ps.l(dcmp.o)
    0x00005c90   0x00005c90   0x00000016   Code   RO          698    i._fls              fz_ps.l(fcmp.o)
    0x00005ca6   0x00005ca6   0x0000000e   Code   RO          775    i._is_digit         c_p.l(__printf_wp.o)
    0x00005cb4   0x00005cb4   0x0000002c   Code   RO          894    locale$$code        c_p.l(lc_numeric_c.o)
    0x00005ce0   0x00005ce0   0x0000002c   Code   RO          929    locale$$code        c_p.l(lc_ctype_c.o)
    0x00005d0c   0x00005d0c   0x00000064   Code   RO          810    x$fpl$dgeqf         fz_ps.l(dgef.o)
    0x00005d70   0x00005d70   0x0000008c   Code   RO          688    x$fpl$fadd          fz_ps.l(faddsub.o)
    0x00005dfc   0x00005dfc   0x00000054   Code   RO          818    x$fpl$fleqf         fz_ps.l(flef.o)
    0x00005e50   0x00005e50   0x000000d0   Code   RO          690    x$fpl$fsub          fz_ps.l(faddsub.o)
    0x00005f20   0x00005f20   0x00000010   Code   RO          820    x$fpl$printf1       fz_ps.l(printf1.o)
    0x00005f30   0x00005f30   0x00000010   Code   RO          822    x$fpl$printf2       fz_ps.l(printf2.o)
    0x00005f40   0x00005f40   0x00000000   Code   RO          828    x$fpl$usenofp       fz_ps.l(usenofp.o)
    0x00005f40   0x00005f40   0x00000008   Data   RO          734    .constdata          c_p.l(_printf_wctomb.o)
    0x00005f48   0x00005f48   0x00000028   Data   RO          763    .constdata          c_p.l(_printf_hex_int_ll_ptr.o)
    0x00005f70   0x00005f70   0x00000011   Data   RO          783    .constdata          c_p.l(__printf_flags_ss_wp.o)
    0x00005f81   0x00005f81   0x00000026   Data   RO          855    .constdata          c_p.l(_printf_fp_hex.o)
    0x00005fa7   0x00005fa7   0x00000001   PAD
    0x00005fa8   0x00005fa8   0x00000094   Data   RO          885    .constdata          c_p.l(bigflt0.o)
    0x0000603c   0x0000603c   0x00000474   Data   RO          340    .rodata.ASCII_1206  oled.o
    0x000064b0   0x000064b0   0x000005f0   Data   RO          341    .rodata.ASCII_1608  oled.o
    0x00006aa0   0x00006aa0   0x00000d5c   Data   RO          342    .rodata.ASCII_2412  oled.o
    0x000077fc   0x000077fc   0x00000003   Data   RO           55    .rodata.gPWM_MotorLClockConfig  ti_msp_dl_config.o
    0x000077ff   0x000077ff   0x00000001   PAD
    0x00007800   0x00007800   0x00000008   Data   RO           56    .rodata.gPWM_MotorLConfig  ti_msp_dl_config.o
    0x00007808   0x00007808   0x00000003   Data   RO           57    .rodata.gPWM_MotorRClockConfig  ti_msp_dl_config.o
    0x0000780b   0x0000780b   0x00000001   PAD
    0x0000780c   0x0000780c   0x00000008   Data   RO           58    .rodata.gPWM_MotorRConfig  ti_msp_dl_config.o
    0x00007814   0x00007814   0x00000003   Data   RO           61    .rodata.gTIMER_classicClockConfig  ti_msp_dl_config.o
    0x00007817   0x00007817   0x00000001   PAD
    0x00007818   0x00007818   0x00000014   Data   RO           62    .rodata.gTIMER_classicTimerConfig  ti_msp_dl_config.o
    0x0000782c   0x0000782c   0x00000003   Data   RO           59    .rodata.gTIMER_gimbalClockConfig  ti_msp_dl_config.o
    0x0000782f   0x0000782f   0x00000001   PAD
    0x00007830   0x00007830   0x00000014   Data   RO           60    .rodata.gTIMER_gimbalTimerConfig  ti_msp_dl_config.o
    0x00007844   0x00007844   0x00000002   Data   RO           65    .rodata.gUART_0ClockConfig  ti_msp_dl_config.o
    0x00007846   0x00007846   0x0000000a   Data   RO           66    .rodata.gUART_0Config  ti_msp_dl_config.o
    0x00007850   0x00007850   0x00000002   Data   RO           63    .rodata.gUART_1ClockConfig  ti_msp_dl_config.o
    0x00007852   0x00007852   0x0000000a   Data   RO           64    .rodata.gUART_1Config  ti_msp_dl_config.o
    0x0000785c   0x0000785c   0x00000002   Data   RO           67    .rodata.gUART_2ClockConfig  ti_msp_dl_config.o
    0x0000785e   0x0000785e   0x0000000a   Data   RO           68    .rodata.gUART_2Config  ti_msp_dl_config.o
    0x00007868   0x00007868   0x0000001a   Data   RO          435    .rodata.str1.1      task.o
    0x00007882   0x00007882   0x00000006   PAD
    0x00007888   0x00007888   0x00000020   Data   RO         1066    Region$$Table       anon$$obj.o
    0x000078a8   0x000078a8   0x0000001c   Data   RO          893    locale$$data        c_p.l(lc_numeric_c.o)
    0x000078c4   0x000078c4   0x00000110   Data   RO          928    locale$$data        c_p.l(lc_ctype_c.o)


    Execution Region RW_IRAM2 (Exec base: 0x20200000, Load base: 0x000079d8, Size: 0x00000b38, Max: 0x00008000, ABSOLUTE, COMPRESSED[0x000000f0])

    Exec Addr    Load Addr    Size         Type   Attr      Idx    E Section Name        Object

    0x20200000   COMPRESSED   0x00000001   Data   RW          135    .data.a_angle_absolute.11  zdt_drive.o
    0x20200001   COMPRESSED   0x00000001   Data   RW          136    .data.a_angle_absolute.12  zdt_drive.o
    0x20200002   COMPRESSED   0x00000001   Data   RW          126    .data.a_angle_absolute.2  zdt_drive.o
    0x20200003   COMPRESSED   0x00000001   Data   RW          128    .data.a_angle_absolute.4  zdt_drive.o
    0x20200004   COMPRESSED   0x00000001   Data   RW          129    .data.a_angle_absolute.5  zdt_drive.o
    0x20200005   COMPRESSED   0x00000001   Data   RW          130    .data.a_angle_absolute.6  zdt_drive.o
    0x20200006   COMPRESSED   0x00000001   Data   RW          131    .data.a_angle_absolute.7  zdt_drive.o
    0x20200007   COMPRESSED   0x00000001   Data   RW          132    .data.a_angle_absolute.8  zdt_drive.o
    0x20200008   COMPRESSED   0x00000200   Data   RW          344    .data.bmp_logo      oled.o
    0x20200208        -       0x00000060   Zero   RW          919    .bss                c_p.l(libspace.o)
    0x20200268        -       0x00000005   Zero   RW          237    .bss.Gray_data      gray.o
    0x2020026d        -       0x00000002   Zero   RW          253    .bss.MotorSpeed     motordk.o
    0x2020026f        -       0x00000100   Zero   RW          347    .bss.OLED_Display_Buffer  oled.o
    0x2020036f        -       0x00000400   Zero   RW          345    .bss.OLED_GRAM      oled.o
    0x2020076f   COMPRESSED   0x00000001   PAD
    0x20200770        -       0x00000004   Zero   RW          346    .bss.OLED_STATUS    oled.o
    0x20200774        -       0x00000001   Zero   RW           90    .bss.TIMA1_IRQHandler.send_mode  gimbal.o
    0x20200775        -       0x00000001   Zero   RW          436    .bss.Task1.corner_count  task.o
    0x20200776   COMPRESSED   0x00000002   PAD
    0x20200778        -       0x00000004   Zero   RW          439    .bss.Task1.first_line_time  task.o
    0x2020077c        -       0x00000001   Zero   RW          440    .bss.Task1.first_line_time_initialized  task.o
    0x2020077d   COMPRESSED   0x00000003   PAD
    0x20200780        -       0x00000004   Zero   RW          438    .bss.Task1.line_time  task.o
    0x20200784        -       0x00000001   Zero   RW          437    .bss.Task1.task_initialized  task.o
    0x20200785   COMPRESSED   0x00000003   PAD
    0x20200788        -       0x00000008   Zero   RW          265    .bss.Tracking_Error  tracking.o
    0x20200790        -       0x00000001   Zero   RW          134    .bss.a_angle_absolute.10  zdt_drive.o
    0x20200791        -       0x00000001   Zero   RW          127    .bss.a_angle_absolute.3  zdt_drive.o
    0x20200792        -       0x00000001   Zero   RW          133    .bss.a_angle_absolute.9  zdt_drive.o
    0x20200793   COMPRESSED   0x00000005   PAD
    0x20200798        -       0x00000020   Zero   RW          288    .bss.chassis        chassis.o
    0x202007b8        -       0x00000004   Zero   RW          184    .bss.delay_times    time.o
    0x202007bc        -       0x000000a0   Zero   RW           52    .bss.gPWM_MotorRBackup  ti_msp_dl_config.o
    0x2020085c        -       0x000000bc   Zero   RW           53    .bss.gTIMER_gimbalBackup  ti_msp_dl_config.o
    0x20200918        -       0x00000030   Zero   RW           54    .bss.gUART_2Backup  ti_msp_dl_config.o
    0x20200948        -       0x00000028   Zero   RW           89    .bss.gimbal         gimbal.o
    0x20200970        -       0x00000008   Zero   RW          202    .bss.hwt101_data    hwt101.o
    0x20200978        -       0x00000020   Zero   RW          374    .bss.keys           key.o
    0x20200998        -       0x00000018   Zero   RW          222    .bss.motor_encoder  encoder.o
    0x202009b0        -       0x00000004   Zero   RW           87    .bss.new_pitch      gimbal.o
    0x202009b4        -       0x00000004   Zero   RW           88    .bss.new_yaw        gimbal.o
    0x202009b8        -       0x00000060   Zero   RW          266    .bss.pid_line_follow  tracking.o
    0x20200a18        -       0x00000006   Zero   RW          170    .bss.rx_buffer      vision.o
    0x20200a1e        -       0x00000001   Zero   RW          171    .bss.rx_index       vision.o
    0x20200a1f        -       0x00000001   Zero   RW          169    .bss.rx_state       vision.o
    0x20200a20        -       0x00000010   Zero   RW          434    .bss.task           task.o
    0x20200a30        -       0x00000001   Zero   RW          167    .bss.uart0_data     vision.o
    0x20200a31        -       0x00000001   Zero   RW            6    .bss.uart1_data     empty.o
    0x20200a32        -       0x00000006   Zero   RW          168    .bss.vision_data    vision.o
    0x20200a38        -       0x00000000   Zero   RW           15    HEAP                startup_mspm0g350x_uvision.o
    0x20200a38        -       0x00000100   Zero   RW           14    STACK               startup_mspm0g350x_uvision.o



  Load Region LR_BCR (Base: 0x41c00000, Size: 0x00000000, Max: 0x00000100, ABSOLUTE)

    Execution Region BCR_CONFIG (Exec base: 0x41c00000, Load base: 0x41c00000, Size: 0x00000000, Max: 0x000000ff, ABSOLUTE)

    **** No section assigned to this execution region ****



  Load Region LR_BSL (Base: 0x41c00100, Size: 0x00000000, Max: 0x00000100, ABSOLUTE)

    Execution Region BSL_CONFIG (Exec base: 0x41c00100, Load base: 0x41c00100, Size: 0x00000000, Max: 0x00000080, ABSOLUTE)

    **** No section assigned to this execution region ****


==============================================================================

Image component sizes


      Code (inc. data)   RO Data    RW Data    ZI Data      Debug   Object Name

        36          0          0          0          0        871   buzzer.o
       160         24          0          0         32       6689   chassis.o
       128         24          0          0          1       5137   empty.o
        88          8          0          0         24       5982   encoder.o
       468         64          0          0         49       6629   gimbal.o
       152         12          0          0          5       4166   gray.o
        48         16          0          0          8       5760   hwt101.o
       368         38          0          0         32       5933   key.o
        40          4          0          0          0       4699   led.o
        26          0          0          0          0       1310   max_min.o
       184         16          0          0          2       3769   motordk.o
      7362         72       6080        512       1284      22201   oled.o
       316          0          0          0          0       1439   pid.o
        44         18        192          0        256        676   startup_mspm0g350x_uvision.o
      1160         88         26          0         27       3662   task.o
      1304        276        104          0        396      28932   ti_msp_dl_config.o
        56          8          0          0          4        660   time.o
        20          8          0          0          0       2175   timer.o
       156         20          0          0        104       1424   tracking.o
       256         36          0          0         15      10700   vision.o
       784         48          0          8          3      18437   zdt_drive.o

    ----------------------------------------------------------------------
     13160        780       6444        520       2256     141251   Object Totals
         0          0         32          0          0          0   (incl. Generated)
         4          0         10          0         14          0   (incl. Padding)

    ----------------------------------------------------------------------

      Code (inc. data)   RO Data    RW Data    ZI Data      Debug   Library Member Name

        58          0          0          0          0          0   __dczerorl.o
         8          0          0          0          0         68   __main.o
       392          6         17          0          0         76   __printf_flags_ss_wp.o
        14          0          0          0          0         60   __printf_wp.o
         0          0          0          0          0          0   __rtentry.o
        12          0          0          0          0          0   __rtentry2.o
         6          0          0          0          0          0   __rtentry4.o
        86         10          0          0          0          0   __scatter.o
        28          0          0          0          0          0   __scatter_zi.o
        66          0          0          0          0         76   _c16rtomb.o
        10          0          0          0          0          0   _printf_a.o
        10          0          0          0          0          0   _printf_c.o
        46          0          0          0          0        100   _printf_char.o
        48          6          0          0          0         88   _printf_char_common.o
        38          0          0          0          0         60   _printf_charcount.o
        10          0          0          0          0          0   _printf_d.o
       108         18          0          0          0         76   _printf_dec.o
        10          0          0          0          0          0   _printf_e.o
        10          0          0          0          0          0   _printf_f.o
      1044         12          0          0          0        116   _printf_fp_dec.o
       728         10         38          0          0         84   _printf_fp_hex.o
       136         16          0          0          0         76   _printf_fp_infnan.o
        10          0          0          0          0          0   _printf_g.o
       152          4         40          0          0        148   _printf_hex_int_ll_ptr.o
        10          0          0          0          0          0   _printf_i.o
       176          0          0          0          0         84   _printf_intcommon.o
        10          0          0          0          0          0   _printf_l.o
        10          0          0          0          0          0   _printf_lc.o
        10          0          0          0          0          0   _printf_ll.o
        10          0          0          0          0          0   _printf_lld.o
        10          0          0          0          0          0   _printf_lli.o
        10          0          0          0          0          0   _printf_llo.o
        10          0          0          0          0          0   _printf_llu.o
        10          0          0          0          0          0   _printf_llx.o
       112         18          0          0          0         76   _printf_longlong_dec.o
        10          0          0          0          0          0   _printf_ls.o
        10          0          0          0          0          0   _printf_n.o
        10          0          0          0          0          0   _printf_o.o
       112         10          0          0          0        112   _printf_oct_int_ll.o
        10          0          0          0          0          0   _printf_p.o
        78          0          0          0          0        100   _printf_pad.o
         2          0          0          0          0          0   _printf_percent.o
         4          0          0          0          0          0   _printf_percent_end.o
        10          0          0          0          0          0   _printf_s.o
        82          0          0          0          0         72   _printf_str.o
        36          0          0          0          0         76   _printf_truncate.o
        10          0          0          0          0          0   _printf_u.o
        46          0          0          0          0        100   _printf_wchar.o
       188          6          8          0          0         80   _printf_wctomb.o
        10          0          0          0          0          0   _printf_x.o
        10          0          0          0          0         60   _sputc.o
      1006          4          0          0          0        184   aeabi_sdivfast.o
       216          6        148          0          0         80   bigflt0.o
      1456         30          0          0          0        336   btod.o
        16          0          0          0          0         68   exit.o
         6          0          0          0          0        136   heapauxi.o
         0          0          0          0          0          0   indicate_semi.o
        44         10        272          0          0         76   lc_ctype_c.o
        44         10         28          0          0         76   lc_numeric_c.o
         2          0          0          0          0          0   libinit.o
        30          0          0          0          0          0   libinit2.o
         2          0          0          0          0          0   libshutdown.o
         2          0          0          0          0          0   libshutdown2.o
         8          4          0          0         96         68   libspace.o
       122          0          0          0          0         72   lludiv10.o
        16          4          0          0          0         76   rt_ctype_table.o
         8          4          0          0          0         68   rt_locale_intlibspace.o
         2          0          0          0          0          0   rtexit.o
        10          0          0          0          0          0   rtexit2.o
        40          0          0          0          0         60   rtudiv10.o
       176          4          0          0          0         80   strcmpv6m.o
        12          4          0          0          0         60   sys_exit.o
        62          0          0          0          0         80   sys_stackheap_outer.o
         2          0          0          0          0         68   use_no_semi.o
        36          4          0          0          0         68   vsprintf.o
        10          0          0          0          0        803   dl_common.o
       600        192          0          0          0      41556   dl_timer.o
        90          8          0          0          0      14163   dl_uart.o
        46          0          0          0          0         60   cmpret.o
       124          4          0          0          0         72   d2f.o
       856         20          0          0          0        208   daddsub.o
        44          0          0          0          0        136   dcmp.o
       160          6          0          0          0         76   dcmpin.o
       108         10          0          0          0         72   dfixi.o
        88          0          0          0          0         92   dflti.o
       100          4          0          0          0         92   dgef.o
       584         26          0          0          0         84   dmul.o
        20          6          0          0          0         68   dnan2.o
       348          8          0          0          0        160   faddsub.o
        22          0          0          0          0         68   fcmp.o
       100          4          0          0          0         68   fcmpin.o
        76          0          0          0          0         68   ffixi.o
        84          4          0          0          0         76   flef.o
        16          6          0          0          0         68   fnan2.o
        16          4          0          0          0         76   printf1.o
        16          4          0          0          0         76   printf2.o
        94          0          0          0          0         68   retnan.o
         0          0          0          0          0          0   usenofp.o
        44          4          0          0          0         60   fpclassify.o

    ----------------------------------------------------------------------
     11032        514        552          0         96      61714   Library Totals
        32          4          1          0          0          0   (incl. Padding)

    ----------------------------------------------------------------------

      Code (inc. data)   RO Data    RW Data    ZI Data      Debug   Library Name

      7354        200        551          0         96       3444   c_p.l
       700        200          0          0          0      56522   driverlib.a
      2902        106          0          0          0       1688   fz_ps.l
        44          4          0          0          0         60   m_ps.l

    ----------------------------------------------------------------------
     11032        514        552          0         96      61714   Library Totals

    ----------------------------------------------------------------------

==============================================================================


      Code (inc. data)   RO Data    RW Data    ZI Data      Debug   

     24192       1294       6996        520       2352     199981   Grand Totals
     24192       1294       6996        240       2352     199981   ELF Image Totals (compressed)
     24192       1294       6996        240          0          0   ROM Totals

==============================================================================

    Total RO  Size (Code + RO Data)                31188 (  30.46kB)
    Total RW  Size (RW Data + ZI Data)              2872 (   2.80kB)
    Total ROM Size (Code + RO Data + RW Data)      31428 (  30.69kB)

==============================================================================

